
    -----------------------------------------------------------------------
          Psi4: An Open-Source Ab Initio Electronic Structure Package
                               Psi4 1.8 release

                         Git: Rev {} zzzzzzz 


    D. G. A. Smith, L. A. Burns, A. C. Simmonett, R. M. Parrish,
    M. C. Schieber, R. Galvelis, P. Kraus, H. Kruse, R. Di Remigio,
    A. Alenaizan, A. M. James, S. Lehtola, J. P. Misiewicz, M. Scheurer,
    R. A. Shaw, J. B. Schriber, Y. Xie, Z. L. Glick, D. A. Sirianni,
    J. S. O'Brien, J. M. Waldrop, A. Kumar, E. G. Hohenstein,
    B. P. Pritchard, B. R. Brooks, H. F. Schaefer III, A. Yu. Sokolov,
    K. Patkowski, A. E. DePrince III, U. Bozkaya, R. A. King,
    F. A. Evangelista, J. M. Turney, T. D. Crawford, C. D. Sherrill,
    J. Chem. Phys. 152(18) 184108 (2020). https://doi.org/10.1063/5.0006002

                            Additional Code Authors
    E. T. Seidl, C. L. Janssen, E. F. Valeev, M. L. Leininger,
    J. F. Gonthier, R. M. Richard, H. R. McAlexander, M. Saitow, X. Wang,
    P. Verma, M. H. Lechner, A. Jiang, S. Behnle, A. G. Heide,
    M. F. Herbst, and D. L. Poole

             Previous Authors, Complete List of Code Contributors,
                       and Citations for Specific Modules
    https://github.com/psi4/psi4/blob/master/codemeta.json
    https://github.com/psi4/psi4/graphs/contributors
    http://psicode.org/psi4manual/master/introduction.html#citing-psifour

    -----------------------------------------------------------------------


    Psi4 started on: Wednesday, 16 August 2023 05:03PM

    Process ID: 19122
    Host:       NUS-LAPTOP
    PSIDATADIR: /home/stephen/src/psi4conda/share/psi4
    Memory:     500.0 MiB
    Threads:    1
    
Scratch directory: /tmp/
   => Libint2 <=

    Primary   basis highest AM E, G, H:  5, 4, 3
    Auxiliary basis highest AM E, G, H:  6, 5, 4
    Onebody   basis highest AM E, G, H:  6, 5, 4
    Solid Harmonics ordering:            gaussian

*** tstart() called on NUS-LAPTOP
*** at Wed Aug 16 17:03:38 2023

   => Loading Basis Set <=

    Name: 6-31G
    Role: ORBITAL
    Keyword: BASIS
    atoms 1-2 entry N          line   102 file /home/stephen/src/psi4conda/share/psi4/basis/6-31g.gbs 
    atoms 3   entry H          line    26 file /home/stephen/src/psi4conda/share/psi4/basis/6-31g.gbs 


         ---------------------------------------------------------
                                   SCF
               by Justin Turney, Rob Parrish, Andy Simmonett
                          and Daniel G. A. Smith
                              UKS Reference
                        1 Threads,    500 MiB Core
         ---------------------------------------------------------

  ==> Geometry <==

    Molecular point group: c1
    Full point group: Cs

    Geometry (in Angstrom), charge = 0, multiplicity = 2:

       Center              X                  Y                   Z               Mass       
    ------------   -----------------  -----------------  -----------------  -----------------
         N            0.044060654235    -0.603885140582     0.000000000000    14.003074004430
         N            0.044060654235     0.518926319418     0.000000000000    14.003074004430
         H           -1.224388325765     1.180447619418     0.000000000000     1.007825032230

  Running in c1 symmetry.

  Rotational constants: A =     12.85502  B =      1.60006  C =      1.42294 [cm^-1]
  Rotational constants: A = 385383.90764  B =  47968.53295  C =  42658.81287 [MHz]
  Nuclear repulsion =   27.374866764269729

  Charge       = 0
  Multiplicity = 2
  Electrons    = 15
  Nalpha       = 8
  Nbeta        = 7

  ==> Algorithm <==

  SCF Algorithm Type is DF.
  DIIS enabled.
  MOM disabled.
  Fractional occupation disabled.
  Guess Type is SAD.
  Energy threshold   = 1.00e-08
  Density threshold  = 1.00e-06
  Integral threshold = 1.00e-12

  ==> Primary Basis <==

  Basis Set: 6-31G
    Blend: 6-31G
    Number of shells: 12
    Number of basis functions: 20
    Number of Cartesian functions: 20
    Spherical Harmonics?: false
    Max angular momentum: 1

  ==> DFT Potential <==

   => LibXC <=

    Version 6.1.0
    S. Lehtola, C. Steigemann, M. J.T. Oliveira, and M. A.L. Marques.,  SoftwareX 7, 1â€“5 (2018) (10.1016/j.softx.2017.11.002)

   => Composite Functional: PBE_CUSTOM <= 

    Perdew, Burke & Ernzerhof
    J. P. Perdew, K. Burke, and M. Ernzerhof.,  Phys. Rev. Lett. 77, 3865 (1996) (10.1103/PhysRevLett.77.3865)
    J. P. Perdew, K. Burke, and M. Ernzerhof.,  Phys. Rev. Lett. 78, 1396 (1997) (10.1103/PhysRevLett.78.1396)

    Deriv               =              1
    GGA                 =           TRUE
    Meta                =          FALSE

    Exchange Hybrid     =          FALSE
    MP2 Hybrid          =          FALSE

   => Exchange Functionals <=

    1.0000     XC_GGA_X_PBE

   => Correlation Functionals <=

    1.0000     XC_GGA_C_PBE

   => LibXC Density Thresholds  <==

    XC_GGA_C_PBE:  1.00E-12 
    XC_GGA_X_PBE:  1.00E-15 

   => Molecular Quadrature <=

    Radial Scheme          =       TREUTLER
    Pruning Scheme         =           NONE
    Nuclear Scheme         =       TREUTLER

    Blocking Scheme        =         OCTREE
    BS radius alpha        =              1
    Pruning alpha          =              1
    Radial Points          =             75
    Spherical Points       =            302
    Total Points           =          64801
    Total Blocks           =            542
    Max Points             =            256
    Max Functions          =             20
    Weights Tolerance      =       1.00E-15

   => Loading Basis Set <=

    Name: (6-31G AUX)
    Role: JKFIT
    Keyword: DF_BASIS_SCF
    atoms 1-2 entry N          line   171 file /home/stephen/src/psi4conda/share/psi4/basis/cc-pvdz-jkfit.gbs 
    atoms 3   entry H          line    51 file /home/stephen/src/psi4conda/share/psi4/basis/cc-pvdz-jkfit.gbs 

  ==> Integral Setup <==

  DFHelper Memory: AOs need 0.001 GiB; user supplied 0.330 GiB. 
  Using in-core AOs.

  ==> MemDFJK: Density-Fitted J/K Matrices <==

    J tasked:                   Yes
    K tasked:                    No
    wK tasked:                   No
    OpenMP threads:               1
    Memory [MiB]:               338
    Algorithm:                 Core
    Schwarz Cutoff:           1E-12
    Mask sparsity (%):       0.0000
    Fitting Condition:        1E-10

   => Auxiliary Basis Set <=

  Basis Set: (6-31G AUX)
    Blend: CC-PVDZ-JKFIT
    Number of shells: 57
    Number of basis functions: 187
    Number of Cartesian functions: 187
    Spherical Harmonics?: false
    Max angular momentum: 3

  Cached 100.0% of DFT collocation blocks in 0.036 [GiB].

  Minimum eigenvalue in the overlap matrix is 8.4226417965E-03.
  Reciprocal condition number of the overlap matrix is 2.5089185370E-03.
    Using symmetric orthogonalization.

  ==> Pre-Iterations <==

  SCF Guess: Superposition of Atomic Densities via on-the-fly atomic UHF (no occupation information).

   -------------------------
    Irrep   Nso     Nmo    
   -------------------------
     A         20      20 
   -------------------------
    Total      20      20
   -------------------------

  ==> Iterations <==

                           Total Energy        Delta E     RMS |[F,P]|

   @DF-UKS iter SAD:  -109.54067733163984   -1.09541e+02   0.00000e+00 
   @DF-UKS iter   1:  -109.72134243582632   -1.80665e-01   2.18045e-02 DIIS/ADIIS
   @DF-UKS iter   2:  -109.51702691526206    2.04316e-01   3.56308e-02 DIIS/ADIIS
   @DF-UKS iter   3:  -109.80460723920325   -2.87580e-01   1.55190e-02 DIIS/ADIIS
   @DF-UKS iter   4:  -109.83128036884179   -2.66731e-02   9.53961e-03 DIIS/ADIIS
   @DF-UKS iter   5:  -109.84595881581131   -1.46784e-02   2.95515e-04 DIIS/ADIIS
   @DF-UKS iter   6:  -109.84600689080888   -4.80750e-05   1.63197e-04 DIIS/ADIIS
   @DF-UKS iter   7:  -109.84601809242507   -1.12016e-05   2.32103e-05 DIIS
   @DF-UKS iter   8:  -109.84601835278954   -2.60364e-07   7.38809e-06 DIIS
   @DF-UKS iter   9:  -109.84601838048050   -2.76910e-08   1.63091e-06 DIIS
   @DF-UKS iter  10:  -109.84601838331770   -2.83720e-09   5.57972e-07 DIIS
  Energy and wave function converged.


  ==> Post-Iterations <==

   Electrons on quadrature grid:
      Nalpha   =    8.0000000413 ; deviation = 4.129e-08
      Nbeta    =    6.9999996508 ; deviation = -3.492e-07
      Ntotal   =   14.9999996921 ; deviation = -3.079e-07 

   @Spin Contamination Metric:   6.468093112E-03
   @S^2 Expected:                7.500000000E-01
   @S^2 Observed:                7.564680931E-01
   @S   Expected:                5.000000000E-01
   @S   Observed:                5.000000000E-01

    Orbital Energies [Eh]
    ---------------------

    Alpha Occupied:                                                       

       1A    -14.113444     2A    -14.095037     3A     -1.065967  
       4A     -0.535998     5A     -0.442878     6A     -0.423122  
       7A     -0.373670     8A     -0.196298  

    Alpha Virtual:                                                        

       9A     -0.079497    10A     -0.033631    11A      0.369725  
      12A      0.554488    13A      0.573207    14A      0.585034  
      15A      0.609550    16A      0.697534    17A      0.748867  
      18A      0.763414    19A      0.906298    20A      1.268948  

    Beta Occupied:                                                        

       1A    -14.111929     2A    -14.087499     3A     -1.058417  
       4A     -0.514625     5A     -0.419463     6A     -0.417480  
       7A     -0.357626  

    Beta Virtual:                                                         

       8A     -0.122290     9A     -0.071770    10A      0.010495  
      11A      0.378266    12A      0.568918    13A      0.576842  
      14A      0.618740    15A      0.650695    16A      0.703373  
      17A      0.763675    18A      0.799727    19A      0.935335  
      20A      1.285300  

    Final Occupation by Irrep:
              A 
    DOCC [     7 ]
    SOCC [     1 ]
    NA   [     8 ]
    NB   [     7 ]

  @DF-UKS Final Energy:  -109.84601838331770

   => Energetics <=

    Nuclear Repulsion Energy =             27.3748667642697292
    One-Electron Energy =                -202.2783957030684405
    Two-Electron Energy =                  78.9623666615608357
    DFT Exchange-Correlation Energy =     -13.9048561060798335
    Empirical Dispersion Energy =           0.0000000000000000
    VV10 Nonlocal Energy =                  0.0000000000000000
    Total Energy =                       -109.8460183833176984

  UHF NO Occupations:
  HONO-2 :    6  A 1.9999299
  HONO-1 :    7  A 1.9969387
  HONO-0 :    8  A 1.0000000
  LUNO+0 :    9  A 0.0030613
  LUNO+1 :   10  A 0.0000701
  LUNO+2 :   11  A 0.0000677
  LUNO+3 :   12  A 0.0000335


Computation Completed


Properties will be evaluated at   0.000000,   0.000000,   0.000000 [a0]

Properties computed using the SCF density matrix


 Multipole Moments:

 ------------------------------------------------------------------------------------
     Multipole            Electronic (a.u.)      Nuclear  (a.u.)        Total (a.u.)
 ------------------------------------------------------------------------------------

 L = 1.  Multiply by 2.5417464519 to convert [e a0] to [Debye]
 Dipole X            :          0.9160428           -1.1480826           -0.2320398
 Dipole Y            :         -0.9124237            1.1068804            0.1944567
 Dipole Z            :         -0.0000000            0.0000000           -0.0000000
 Magnitude           :                                                    0.3027472

 ------------------------------------------------------------------------------------

*** tstop() called on NUS-LAPTOP at Wed Aug 16 17:03:38 2023
Module time:
	user time   =       0.61 seconds =       0.01 minutes
	system time =       0.00 seconds =       0.00 minutes
	total time  =          0 seconds =       0.00 minutes
Total time:
	user time   =      28.12 seconds =       0.47 minutes
	system time =       0.41 seconds =       0.01 minutes
	total time  =         28 seconds =       0.47 minutes
