
    -----------------------------------------------------------------------
          Psi4: An Open-Source Ab Initio Electronic Structure Package
                               Psi4 1.8 release

                         Git: Rev {} zzzzzzz 


    D. G. A. Smith, L. A. Burns, A. C. Simmonett, R. M. Parrish,
    M. C. Schieber, R. Galvelis, P. Kraus, H. Kruse, R. Di Remigio,
    A. Alenaizan, A. M. James, S. Lehtola, J. P. Misiewicz, M. Scheurer,
    R. A. Shaw, J. B. Schriber, Y. Xie, Z. L. Glick, D. A. Sirianni,
    J. S. O'Brien, J. M. Waldrop, A. Kumar, E. G. Hohenstein,
    B. P. Pritchard, B. R. Brooks, H. F. Schaefer III, A. Yu. Sokolov,
    K. Patkowski, A. E. DePrince III, U. Bozkaya, R. A. King,
    F. A. Evangelista, J. M. Turney, T. D. Crawford, C. D. Sherrill,
    J. Chem. Phys. 152(18) 184108 (2020). https://doi.org/10.1063/5.0006002

                            Additional Code Authors
    E. T. Seidl, C. L. Janssen, E. F. Valeev, M. L. Leininger,
    J. F. Gonthier, R. M. Richard, H. R. McAlexander, M. Saitow, X. Wang,
    P. Verma, M. H. Lechner, A. Jiang, S. Behnle, A. G. Heide,
    M. F. Herbst, and D. L. Poole

             Previous Authors, Complete List of Code Contributors,
                       and Citations for Specific Modules
    https://github.com/psi4/psi4/blob/master/codemeta.json
    https://github.com/psi4/psi4/graphs/contributors
    http://psicode.org/psi4manual/master/introduction.html#citing-psifour

    -----------------------------------------------------------------------


    Psi4 started on: Wednesday, 16 August 2023 05:03PM

    Process ID: 19122
    Host:       NUS-LAPTOP
    PSIDATADIR: /home/stephen/src/psi4conda/share/psi4
    Memory:     500.0 MiB
    Threads:    1
    
Scratch directory: /tmp/
   => Libint2 <=

    Primary   basis highest AM E, G, H:  5, 4, 3
    Auxiliary basis highest AM E, G, H:  6, 5, 4
    Onebody   basis highest AM E, G, H:  6, 5, 4
    Solid Harmonics ordering:            gaussian

*** tstart() called on NUS-LAPTOP
*** at Wed Aug 16 17:03:36 2023

   => Loading Basis Set <=

    Name: 6-31G
    Role: ORBITAL
    Keyword: BASIS
    atoms 1   entry C          line    87 file /home/stephen/src/psi4conda/share/psi4/basis/6-31g.gbs 
    atoms 2   entry O          line   117 file /home/stephen/src/psi4conda/share/psi4/basis/6-31g.gbs 
    atoms 3-6 entry H          line    26 file /home/stephen/src/psi4conda/share/psi4/basis/6-31g.gbs 
    atoms 7   entry F          line   132 file /home/stephen/src/psi4conda/share/psi4/basis/6-31g.gbs 


         ---------------------------------------------------------
                                   SCF
               by Justin Turney, Rob Parrish, Andy Simmonett
                          and Daniel G. A. Smith
                              UKS Reference
                        1 Threads,    500 MiB Core
         ---------------------------------------------------------

  ==> Geometry <==

    Molecular point group: c1
    Full point group: C1

    Geometry (in Angstrom), charge = -1, multiplicity = 1:

       Center              X                  Y                   Z               Mass       
    ------------   -----------------  -----------------  -----------------  -----------------
         C           -1.412680622012    -0.420182292903    -0.000036530357    12.000000000000
         O           -0.591906072012     0.697356977097     0.000051469643    15.994914619570
         H           -2.466605902012    -0.110896182903    -0.008641560357     1.007825032230
         H           -1.255536142012    -1.066486042903    -0.878103380357     1.007825032230
         H           -1.267860682012    -1.058177962903     0.886358779643     1.007825032230
         H            0.395897457988     0.340496247097     0.000240469643     1.007825032230
         F            1.634332557988    -0.221180952903    -0.000012530357    18.998403162730

  Running in c1 symmetry.

  Rotational constants: A =      1.14966  B =      0.18423  C =      0.16362 [cm^-1]
  Rotational constants: A =  34465.91591  B =   5523.19755  C =   4905.33455 [MHz]
  Nuclear repulsion =   73.173923521322976

  Charge       = -1
  Multiplicity = 1
  Electrons    = 28
  Nalpha       = 14
  Nbeta        = 14

  ==> Algorithm <==

  SCF Algorithm Type is DF.
  DIIS enabled.
  MOM disabled.
  Fractional occupation disabled.
  Guess Type is SAD.
  Energy threshold   = 1.00e-08
  Density threshold  = 1.00e-06
  Integral threshold = 1.00e-12

  ==> Primary Basis <==

  Basis Set: 6-31G
    Blend: 6-31G
    Number of shells: 23
    Number of basis functions: 35
    Number of Cartesian functions: 35
    Spherical Harmonics?: false
    Max angular momentum: 1

  ==> DFT Potential <==

   => LibXC <=

    Version 6.1.0
    S. Lehtola, C. Steigemann, M. J.T. Oliveira, and M. A.L. Marques.,  SoftwareX 7, 1â€“5 (2018) (10.1016/j.softx.2017.11.002)

   => Composite Functional: PBE_CUSTOM <= 

    Perdew, Burke & Ernzerhof
    J. P. Perdew, K. Burke, and M. Ernzerhof.,  Phys. Rev. Lett. 77, 3865 (1996) (10.1103/PhysRevLett.77.3865)
    J. P. Perdew, K. Burke, and M. Ernzerhof.,  Phys. Rev. Lett. 78, 1396 (1997) (10.1103/PhysRevLett.78.1396)

    Deriv               =              1
    GGA                 =           TRUE
    Meta                =          FALSE

    Exchange Hybrid     =          FALSE
    MP2 Hybrid          =          FALSE

   => Exchange Functionals <=

    1.0000     XC_GGA_X_PBE

   => Correlation Functionals <=

    1.0000     XC_GGA_C_PBE

   => LibXC Density Thresholds  <==

    XC_GGA_C_PBE:  1.00E-12 
    XC_GGA_X_PBE:  1.00E-15 

   => Molecular Quadrature <=

    Radial Scheme          =       TREUTLER
    Pruning Scheme         =           NONE
    Nuclear Scheme         =       TREUTLER

    Blocking Scheme        =         OCTREE
    BS radius alpha        =              1
    Pruning alpha          =              1
    Radial Points          =             75
    Spherical Points       =            302
    Total Points           =         151578
    Total Blocks           =           1162
    Max Points             =            255
    Max Functions          =             34
    Weights Tolerance      =       1.00E-15

   => Loading Basis Set <=

    Name: (6-31G AUX)
    Role: JKFIT
    Keyword: DF_BASIS_SCF
    atoms 1   entry C          line   121 file /home/stephen/src/psi4conda/share/psi4/basis/cc-pvdz-jkfit.gbs 
    atoms 2   entry O          line   221 file /home/stephen/src/psi4conda/share/psi4/basis/cc-pvdz-jkfit.gbs 
    atoms 3-6 entry H          line    51 file /home/stephen/src/psi4conda/share/psi4/basis/cc-pvdz-jkfit.gbs 
    atoms 7   entry F          line   271 file /home/stephen/src/psi4conda/share/psi4/basis/cc-pvdz-jkfit.gbs 

  ==> Integral Setup <==

  DFHelper Memory: AOs need 0.004 GiB; user supplied 0.233 GiB. 
  Using in-core AOs.

  ==> MemDFJK: Density-Fitted J/K Matrices <==

    J tasked:                   Yes
    K tasked:                    No
    wK tasked:                   No
    OpenMP threads:               1
    Memory [MiB]:               238
    Algorithm:                 Core
    Schwarz Cutoff:           1E-12
    Mask sparsity (%):       1.1429
    Fitting Condition:        1E-10

   => Auxiliary Basis Set <=

  Basis Set: (6-31G AUX)
    Blend: CC-PVDZ-JKFIT
    Number of shells: 108
    Number of basis functions: 343
    Number of Cartesian functions: 343
    Spherical Harmonics?: false
    Max angular momentum: 3

  Cached 100.0% of DFT collocation blocks in 0.133 [GiB].

  Minimum eigenvalue in the overlap matrix is 1.6257597200E-02.
  Reciprocal condition number of the overlap matrix is 3.6859425203E-03.
    Using symmetric orthogonalization.

  ==> Pre-Iterations <==

  SCF Guess: Superposition of Atomic Densities via on-the-fly atomic UHF (no occupation information).

   -------------------------
    Irrep   Nso     Nmo    
   -------------------------
     A         35      35 
   -------------------------
    Total      35      35
   -------------------------

  ==> Iterations <==

                           Total Energy        Delta E     RMS |[F,P]|

   @DF-UKS iter SAD:  -214.72260698201168   -2.14723e+02   0.00000e+00 
   @DF-UKS iter   1:  -214.94435870831219   -2.21752e-01   2.57533e-02 DIIS/ADIIS
   @DF-UKS iter   2:  -214.10237497817164    8.41984e-01   4.76959e-02 DIIS/ADIIS
   @DF-UKS iter   3:  -215.24117665915369   -1.13880e+00   7.66094e-03 DIIS/ADIIS
   @DF-UKS iter   4:  -215.27410005805032   -3.29234e-02   3.44932e-03 DIIS/ADIIS
   @DF-UKS iter   5:  -215.28140721550434   -7.30716e-03   2.93280e-04 DIIS/ADIIS
   @DF-UKS iter   6:  -215.28148277049650   -7.55550e-05   7.90794e-05 DIIS
   @DF-UKS iter   7:  -215.28148456302392   -1.79253e-06   4.85313e-05 DIIS
   @DF-UKS iter   8:  -215.28148559186496   -1.02884e-06   2.84817e-06 DIIS
   @DF-UKS iter   9:  -215.28148559788607   -6.02111e-09   3.73380e-07 DIIS
  Energy and wave function converged.


  ==> Post-Iterations <==

   Electrons on quadrature grid:
      Nalpha   =   14.0000040475 ; deviation = 4.048e-06
      Nbeta    =   14.0000040475 ; deviation = 4.048e-06
      Ntotal   =   28.0000080950 ; deviation = 8.095e-06 

   @Spin Contamination Metric:  -5.684341886E-14
   @S^2 Expected:                0.000000000E+00
   @S^2 Observed:               -5.684341886E-14
   @S   Expected:                0.000000000E+00
   @S   Observed:                0.000000000E+00

    Orbital Energies [Eh]
    ---------------------

    Alpha Occupied:                                                       

       1A    -23.815732     2A    -18.491536     3A     -9.728374  
       4A     -0.683514     5A     -0.606907     6A     -0.400408  
       7A     -0.217866     8A     -0.184812     9A     -0.161389  
      10A     -0.044727    11A      0.032297    12A      0.068319  
      13A      0.084466    14A      0.087142  

    Alpha Virtual:                                                        

      15A      0.266111    16A      0.316171    17A      0.328203  
      18A      0.344475    19A      0.512171    20A      0.716461  
      21A      0.738983    22A      0.761651    23A      0.969653  
      24A      1.025251    25A      1.028114    26A      1.047176  
      27A      1.173837    28A      1.191625    29A      1.243724  
      30A      1.408838    31A      1.486443    32A      1.511078  
      33A      1.604586    34A      1.880906    35A      2.300375  

    Beta Occupied:                                                        

       1A    -23.815732     2A    -18.491536     3A     -9.728374  
       4A     -0.683514     5A     -0.606907     6A     -0.400408  
       7A     -0.217866     8A     -0.184812     9A     -0.161389  
      10A     -0.044727    11A      0.032297    12A      0.068319  
      13A      0.084466    14A      0.087142  

    Beta Virtual:                                                         

      15A      0.266111    16A      0.316171    17A      0.328203  
      18A      0.344475    19A      0.512171    20A      0.716461  
      21A      0.738983    22A      0.761651    23A      0.969653  
      24A      1.025251    25A      1.028114    26A      1.047176  
      27A      1.173837    28A      1.191625    29A      1.243724  
      30A      1.408838    31A      1.486443    32A      1.511078  
      33A      1.604586    34A      1.880906    35A      2.300375  

    Final Occupation by Irrep:
              A 
    DOCC [    14 ]
    SOCC [     0 ]
    NA   [    14 ]
    NB   [    14 ]

  @DF-UKS Final Energy:  -215.28148559788607

   => Energetics <=

    Nuclear Repulsion Energy =             73.1739235213229762
    One-Electron Energy =                -450.1743329734568988
    Two-Electron Energy =                 187.8046394842222639
    DFT Exchange-Correlation Energy =     -26.0857156299744339
    Empirical Dispersion Energy =           0.0000000000000000
    VV10 Nonlocal Energy =                  0.0000000000000000
    Total Energy =                       -215.2814855978860749

  UHF NO Occupations:
  HONO-2 :   12  A 2.0000000
  HONO-1 :   13  A 2.0000000
  HONO-0 :   14  A 2.0000000
  LUNO+0 :   15  A 0.0000000
  LUNO+1 :   16  A 0.0000000
  LUNO+2 :   17  A 0.0000000
  LUNO+3 :   18  A 0.0000000


Computation Completed


Properties will be evaluated at   0.000000,   0.000000,   0.000000 [a0]

Properties computed using the SCF density matrix


 Multipole Moments:

 ------------------------------------------------------------------------------------
     Multipole            Electronic (a.u.)      Nuclear  (a.u.)        Total (a.u.)
 ------------------------------------------------------------------------------------

 L = 1.  Multiply by 2.5417464519 to convert [e a0] to [Debye]
 Dipole X            :          4.5509668           -5.8514322           -1.3004654
 Dipole Y            :          1.2059560           -1.5645618           -0.3586058
 Dipole Z            :         -0.0006867           -0.0001245           -0.0008112
 Magnitude           :                                                    1.3490030

 ------------------------------------------------------------------------------------

*** tstop() called on NUS-LAPTOP at Wed Aug 16 17:03:38 2023
Module time:
	user time   =       1.51 seconds =       0.03 minutes
	system time =       0.04 seconds =       0.00 minutes
	total time  =          2 seconds =       0.03 minutes
Total time:
	user time   =      27.49 seconds =       0.46 minutes
	system time =       0.41 seconds =       0.01 minutes
	total time  =         28 seconds =       0.47 minutes
