
    -----------------------------------------------------------------------
          Psi4: An Open-Source Ab Initio Electronic Structure Package
                               Psi4 1.8 release

                         Git: Rev {} zzzzzzz 


    D. G. A. Smith, L. A. Burns, A. C. Simmonett, R. M. Parrish,
    M. C. Schieber, R. Galvelis, P. Kraus, H. Kruse, R. Di Remigio,
    A. Alenaizan, A. M. James, S. Lehtola, J. P. Misiewicz, M. Scheurer,
    R. A. Shaw, J. B. Schriber, Y. Xie, Z. L. Glick, D. A. Sirianni,
    J. S. O'Brien, J. M. Waldrop, A. Kumar, E. G. Hohenstein,
    B. P. Pritchard, B. R. Brooks, H. F. Schaefer III, A. Yu. Sokolov,
    K. Patkowski, A. E. DePrince III, U. Bozkaya, R. A. King,
    F. A. Evangelista, J. M. Turney, T. D. Crawford, C. D. Sherrill,
    J. Chem. Phys. 152(18) 184108 (2020). https://doi.org/10.1063/5.0006002

                            Additional Code Authors
    E. T. Seidl, C. L. Janssen, E. F. Valeev, M. L. Leininger,
    J. F. Gonthier, R. M. Richard, H. R. McAlexander, M. Saitow, X. Wang,
    P. Verma, M. H. Lechner, A. Jiang, S. Behnle, A. G. Heide,
    M. F. Herbst, and D. L. Poole

             Previous Authors, Complete List of Code Contributors,
                       and Citations for Specific Modules
    https://github.com/psi4/psi4/blob/master/codemeta.json
    https://github.com/psi4/psi4/graphs/contributors
    http://psicode.org/psi4manual/master/introduction.html#citing-psifour

    -----------------------------------------------------------------------


    Psi4 started on: Wednesday, 16 August 2023 05:03PM

    Process ID: 19122
    Host:       NUS-LAPTOP
    PSIDATADIR: /home/stephen/src/psi4conda/share/psi4
    Memory:     500.0 MiB
    Threads:    1
    
Scratch directory: /tmp/
   => Libint2 <=

    Primary   basis highest AM E, G, H:  5, 4, 3
    Auxiliary basis highest AM E, G, H:  6, 5, 4
    Onebody   basis highest AM E, G, H:  6, 5, 4
    Solid Harmonics ordering:            gaussian

*** tstart() called on NUS-LAPTOP
*** at Wed Aug 16 17:03:50 2023

   => Loading Basis Set <=

    Name: 6-31G
    Role: ORBITAL
    Keyword: BASIS
    atoms 1 entry C          line    87 file /home/stephen/src/psi4conda/share/psi4/basis/6-31g.gbs 
    atoms 2 entry N          line   102 file /home/stephen/src/psi4conda/share/psi4/basis/6-31g.gbs 
    atoms 3 entry H          line    26 file /home/stephen/src/psi4conda/share/psi4/basis/6-31g.gbs 


         ---------------------------------------------------------
                                   SCF
               by Justin Turney, Rob Parrish, Andy Simmonett
                          and Daniel G. A. Smith
                              UKS Reference
                        1 Threads,    500 MiB Core
         ---------------------------------------------------------

  ==> Geometry <==

    Molecular point group: c1
    Full point group: C_inf_v

    Geometry (in Angstrom), charge = 0, multiplicity = 1:

       Center              X                  Y                   Z               Mass       
    ------------   -----------------  -----------------  -----------------  -----------------
         C            0.000000000000     0.000000000000    -0.557972698364    12.000000000000
         N            0.000000000000     0.000000000000     0.595032031636    14.003074004430
         H            0.000000000000     0.000000000000    -1.623898138364     1.007825032230

  Running in c1 symmetry.

  Rotational constants: A = ************  B =      1.48504  C =      1.48504 [cm^-1]
  Rotational constants: A = ************  B =  44520.29490  C =  44520.29490 [MHz]
  Nuclear repulsion =   23.924180238334241

  Charge       = 0
  Multiplicity = 1
  Electrons    = 14
  Nalpha       = 7
  Nbeta        = 7

  ==> Algorithm <==

  SCF Algorithm Type is DF.
  DIIS enabled.
  MOM disabled.
  Fractional occupation disabled.
  Guess Type is SAD.
  Energy threshold   = 1.00e-08
  Density threshold  = 1.00e-06
  Integral threshold = 1.00e-12

  ==> Primary Basis <==

  Basis Set: 6-31G
    Blend: 6-31G
    Number of shells: 12
    Number of basis functions: 20
    Number of Cartesian functions: 20
    Spherical Harmonics?: false
    Max angular momentum: 1

  ==> DFT Potential <==

   => LibXC <=

    Version 6.1.0
    S. Lehtola, C. Steigemann, M. J.T. Oliveira, and M. A.L. Marques.,  SoftwareX 7, 1â€“5 (2018) (10.1016/j.softx.2017.11.002)

   => Composite Functional: PBE_CUSTOM <= 

    Perdew, Burke & Ernzerhof
    J. P. Perdew, K. Burke, and M. Ernzerhof.,  Phys. Rev. Lett. 77, 3865 (1996) (10.1103/PhysRevLett.77.3865)
    J. P. Perdew, K. Burke, and M. Ernzerhof.,  Phys. Rev. Lett. 78, 1396 (1997) (10.1103/PhysRevLett.78.1396)

    Deriv               =              1
    GGA                 =           TRUE
    Meta                =          FALSE

    Exchange Hybrid     =          FALSE
    MP2 Hybrid          =          FALSE

   => Exchange Functionals <=

    1.0000     XC_GGA_X_PBE

   => Correlation Functionals <=

    1.0000     XC_GGA_C_PBE

   => LibXC Density Thresholds  <==

    XC_GGA_C_PBE:  1.00E-12 
    XC_GGA_X_PBE:  1.00E-15 

   => Molecular Quadrature <=

    Radial Scheme          =       TREUTLER
    Pruning Scheme         =           NONE
    Nuclear Scheme         =       TREUTLER

    Blocking Scheme        =         OCTREE
    BS radius alpha        =              1
    Pruning alpha          =              1
    Radial Points          =             75
    Spherical Points       =            302
    Total Points           =          64413
    Total Blocks           =            552
    Max Points             =            255
    Max Functions          =             20
    Weights Tolerance      =       1.00E-15

   => Loading Basis Set <=

    Name: (6-31G AUX)
    Role: JKFIT
    Keyword: DF_BASIS_SCF
    atoms 1 entry C          line   121 file /home/stephen/src/psi4conda/share/psi4/basis/cc-pvdz-jkfit.gbs 
    atoms 2 entry N          line   171 file /home/stephen/src/psi4conda/share/psi4/basis/cc-pvdz-jkfit.gbs 
    atoms 3 entry H          line    51 file /home/stephen/src/psi4conda/share/psi4/basis/cc-pvdz-jkfit.gbs 

  ==> Integral Setup <==

  DFHelper Memory: AOs need 0.001 GiB; user supplied 0.330 GiB. 
  Using in-core AOs.

  ==> MemDFJK: Density-Fitted J/K Matrices <==

    J tasked:                   Yes
    K tasked:                    No
    wK tasked:                   No
    OpenMP threads:               1
    Memory [MiB]:               337
    Algorithm:                 Core
    Schwarz Cutoff:           1E-12
    Mask sparsity (%):       0.0000
    Fitting Condition:        1E-10

   => Auxiliary Basis Set <=

  Basis Set: (6-31G AUX)
    Blend: CC-PVDZ-JKFIT
    Number of shells: 57
    Number of basis functions: 187
    Number of Cartesian functions: 187
    Spherical Harmonics?: false
    Max angular momentum: 3

  Cached 100.0% of DFT collocation blocks in 0.036 [GiB].

  Minimum eigenvalue in the overlap matrix is 5.0226437444E-03.
  Reciprocal condition number of the overlap matrix is 1.4230260459E-03.
    Using symmetric orthogonalization.

  ==> Pre-Iterations <==

  SCF Guess: Superposition of Atomic Densities via on-the-fly atomic UHF (no occupation information).

   -------------------------
    Irrep   Nso     Nmo    
   -------------------------
     A         20      20 
   -------------------------
    Total      20      20
   -------------------------

  ==> Iterations <==

                           Total Energy        Delta E     RMS |[F,P]|

   @DF-UKS iter SAD:   -92.86019773211801   -9.28602e+01   0.00000e+00 
   @DF-UKS iter   1:   -93.14590888218916   -2.85711e-01   2.54612e-02 DIIS/ADIIS
   @DF-UKS iter   2:   -92.66566958499313    4.80239e-01   5.26742e-02 DIIS/ADIIS
   @DF-UKS iter   3:   -93.25808380150011   -5.92414e-01   9.68280e-03 DIIS/ADIIS
   @DF-UKS iter   4:   -93.27839772261744   -2.03139e-02   2.35324e-03 DIIS/ADIIS
   @DF-UKS iter   5:   -93.27948902126235   -1.09130e-03   1.77674e-04 DIIS/ADIIS
   @DF-UKS iter   6:   -93.27949783389326   -8.81263e-06   3.04912e-05 DIIS
   @DF-UKS iter   7:   -93.27949800588729   -1.71994e-07   1.45572e-06 DIIS
   @DF-UKS iter   8:   -93.27949800626126   -3.73973e-10   1.76751e-07 DIIS
  Energy and wave function converged.


  ==> Post-Iterations <==

   Electrons on quadrature grid:
      Nalpha   =    7.0000000552 ; deviation = 5.519e-08
      Nbeta    =    7.0000000552 ; deviation = 5.519e-08
      Ntotal   =   14.0000001104 ; deviation = 1.104e-07 

   @Spin Contamination Metric:  -8.881784197E-15
   @S^2 Expected:                0.000000000E+00
   @S^2 Observed:               -8.881784197E-15
   @S   Expected:                0.000000000E+00
   @S   Observed:                0.000000000E+00

    Orbital Energies [Eh]
    ---------------------

    Alpha Occupied:                                                       

       1A    -14.030809     2A     -9.947869     3A     -0.865444  
       4A     -0.548136     5A     -0.328224     6A     -0.328224  
       7A     -0.315662  

    Alpha Virtual:                                                        

       8A     -0.015568     9A     -0.015568    10A      0.058458  
      11A      0.256622    12A      0.487549    13A      0.487549  
      14A      0.623444    15A      0.684070    16A      0.725463  
      17A      0.725463    18A      0.793786    19A      1.050059  
      20A      1.514895  

    Beta Occupied:                                                        

       1A    -14.030809     2A     -9.947869     3A     -0.865444  
       4A     -0.548136     5A     -0.328224     6A     -0.328224  
       7A     -0.315662  

    Beta Virtual:                                                         

       8A     -0.015568     9A     -0.015568    10A      0.058458  
      11A      0.256622    12A      0.487549    13A      0.487549  
      14A      0.623444    15A      0.684070    16A      0.725463  
      17A      0.725463    18A      0.793786    19A      1.050059  
      20A      1.514895  

    Final Occupation by Irrep:
              A 
    DOCC [     7 ]
    SOCC [     0 ]
    NA   [     7 ]
    NB   [     7 ]

  @DF-UKS Final Energy:   -93.27949800626126

   => Energetics <=

    Nuclear Repulsion Energy =             23.9241802383342410
    One-Electron Energy =                -172.7348713537843992
    Two-Electron Energy =                  68.0227855883093184
    DFT Exchange-Correlation Energy =     -12.4915924791204187
    Empirical Dispersion Energy =           0.0000000000000000
    VV10 Nonlocal Energy =                  0.0000000000000000
    Total Energy =                        -93.2794980062612638

  UHF NO Occupations:
  HONO-2 :    5  A 2.0000000
  HONO-1 :    6  A 2.0000000
  HONO-0 :    7  A 2.0000000
  LUNO+0 :    8  A 0.0000000
  LUNO+1 :    9  A 0.0000000
  LUNO+2 :   10  A 0.0000000
  LUNO+3 :   11  A 0.0000000


Computation Completed


Properties will be evaluated at   0.000000,   0.000000,   0.000000 [a0]

Properties computed using the SCF density matrix


 Multipole Moments:

 ------------------------------------------------------------------------------------
     Multipole            Electronic (a.u.)      Nuclear  (a.u.)        Total (a.u.)
 ------------------------------------------------------------------------------------

 L = 1.  Multiply by 2.5417464519 to convert [e a0] to [Debye]
 Dipole X            :         -0.0000000            0.0000000           -0.0000000
 Dipole Y            :          0.0000000            0.0000000            0.0000000
 Dipole Z            :          0.4106906           -1.5240832           -1.1133926
 Magnitude           :                                                    1.1133926

 ------------------------------------------------------------------------------------

*** tstop() called on NUS-LAPTOP at Wed Aug 16 17:03:51 2023
Module time:
	user time   =       0.54 seconds =       0.01 minutes
	system time =       0.02 seconds =       0.00 minutes
	total time  =          1 seconds =       0.02 minutes
Total time:
	user time   =      40.18 seconds =       0.67 minutes
	system time =       0.61 seconds =       0.01 minutes
	total time  =         41 seconds =       0.68 minutes
