
    -----------------------------------------------------------------------
          Psi4: An Open-Source Ab Initio Electronic Structure Package
                               Psi4 1.8 release

                         Git: Rev {} zzzzzzz 


    D. G. A. Smith, L. A. Burns, A. C. Simmonett, R. M. Parrish,
    M. C. Schieber, R. Galvelis, P. Kraus, H. Kruse, R. Di Remigio,
    A. Alenaizan, A. M. James, S. Lehtola, J. P. Misiewicz, M. Scheurer,
    R. A. Shaw, J. B. Schriber, Y. Xie, Z. L. Glick, D. A. Sirianni,
    J. S. O'Brien, J. M. Waldrop, A. Kumar, E. G. Hohenstein,
    B. P. Pritchard, B. R. Brooks, H. F. Schaefer III, A. Yu. Sokolov,
    K. Patkowski, A. E. DePrince III, U. Bozkaya, R. A. King,
    F. A. Evangelista, J. M. Turney, T. D. Crawford, C. D. Sherrill,
    J. Chem. Phys. 152(18) 184108 (2020). https://doi.org/10.1063/5.0006002

                            Additional Code Authors
    E. T. Seidl, C. L. Janssen, E. F. Valeev, M. L. Leininger,
    J. F. Gonthier, R. M. Richard, H. R. McAlexander, M. Saitow, X. Wang,
    P. Verma, M. H. Lechner, A. Jiang, S. Behnle, A. G. Heide,
    M. F. Herbst, and D. L. Poole

             Previous Authors, Complete List of Code Contributors,
                       and Citations for Specific Modules
    https://github.com/psi4/psi4/blob/master/codemeta.json
    https://github.com/psi4/psi4/graphs/contributors
    http://psicode.org/psi4manual/master/introduction.html#citing-psifour

    -----------------------------------------------------------------------


    Psi4 started on: Wednesday, 16 August 2023 05:03PM

    Process ID: 19122
    Host:       NUS-LAPTOP
    PSIDATADIR: /home/stephen/src/psi4conda/share/psi4
    Memory:     500.0 MiB
    Threads:    1
    
Scratch directory: /tmp/
   => Libint2 <=

    Primary   basis highest AM E, G, H:  5, 4, 3
    Auxiliary basis highest AM E, G, H:  6, 5, 4
    Onebody   basis highest AM E, G, H:  6, 5, 4
    Solid Harmonics ordering:            gaussian

*** tstart() called on NUS-LAPTOP
*** at Wed Aug 16 17:03:32 2023

   => Loading Basis Set <=

    Name: 6-31G
    Role: ORBITAL
    Keyword: BASIS
    atoms 1      entry F          line   132 file /home/stephen/src/psi4conda/share/psi4/basis/6-31g.gbs 
    atoms 2      entry C          line    87 file /home/stephen/src/psi4conda/share/psi4/basis/6-31g.gbs 
    atoms 3-5, 7 entry H          line    26 file /home/stephen/src/psi4conda/share/psi4/basis/6-31g.gbs 
    atoms 6      entry O          line   117 file /home/stephen/src/psi4conda/share/psi4/basis/6-31g.gbs 


         ---------------------------------------------------------
                                   SCF
               by Justin Turney, Rob Parrish, Andy Simmonett
                          and Daniel G. A. Smith
                              UKS Reference
                        1 Threads,    500 MiB Core
         ---------------------------------------------------------

  ==> Geometry <==

    Molecular point group: c1
    Full point group: C1

    Geometry (in Angstrom), charge = -1, multiplicity = 1:

       Center              X                  Y                   Z               Mass       
    ------------   -----------------  -----------------  -----------------  -----------------
         F            1.774194417680    -0.027903522933    -0.000116034727    18.998403162730
         C            0.014433997680    -0.004138542933     0.000280965273    12.000000000000
         H           -0.035516042320     1.064823527067    -0.011737044727     1.007825032230
         H           -0.039260082320    -0.542737582933    -0.922931364727     1.007825032230
         H           -0.038937072320    -0.522187512933     0.935142245273     1.007825032230
         O           -1.969226602320     0.088541777067    -0.000106034727    15.994914619570
         H           -2.250246182320    -0.829837402933     0.000050965273     1.007825032230

  Running in c1 symmetry.

  Rotational constants: A =      3.95587  B =      0.13098  C =      0.13019 [cm^-1]
  Rotational constants: A = 118594.10482  B =   3926.62116  C =   3902.92164 [MHz]
  Nuclear repulsion =   69.005492941728349

  Charge       = -1
  Multiplicity = 1
  Electrons    = 28
  Nalpha       = 14
  Nbeta        = 14

  ==> Algorithm <==

  SCF Algorithm Type is DF.
  DIIS enabled.
  MOM disabled.
  Fractional occupation disabled.
  Guess Type is SAD.
  Energy threshold   = 1.00e-08
  Density threshold  = 1.00e-06
  Integral threshold = 1.00e-12

  ==> Primary Basis <==

  Basis Set: 6-31G
    Blend: 6-31G
    Number of shells: 23
    Number of basis functions: 35
    Number of Cartesian functions: 35
    Spherical Harmonics?: false
    Max angular momentum: 1

  ==> DFT Potential <==

   => LibXC <=

    Version 6.1.0
    S. Lehtola, C. Steigemann, M. J.T. Oliveira, and M. A.L. Marques.,  SoftwareX 7, 1â€“5 (2018) (10.1016/j.softx.2017.11.002)

   => Composite Functional: PBE_CUSTOM <= 

    Perdew, Burke & Ernzerhof
    J. P. Perdew, K. Burke, and M. Ernzerhof.,  Phys. Rev. Lett. 77, 3865 (1996) (10.1103/PhysRevLett.77.3865)
    J. P. Perdew, K. Burke, and M. Ernzerhof.,  Phys. Rev. Lett. 78, 1396 (1997) (10.1103/PhysRevLett.78.1396)

    Deriv               =              1
    GGA                 =           TRUE
    Meta                =          FALSE

    Exchange Hybrid     =          FALSE
    MP2 Hybrid          =          FALSE

   => Exchange Functionals <=

    1.0000     XC_GGA_X_PBE

   => Correlation Functionals <=

    1.0000     XC_GGA_C_PBE

   => LibXC Density Thresholds  <==

    XC_GGA_C_PBE:  1.00E-12 
    XC_GGA_X_PBE:  1.00E-15 

   => Molecular Quadrature <=

    Radial Scheme          =       TREUTLER
    Pruning Scheme         =           NONE
    Nuclear Scheme         =       TREUTLER

    Blocking Scheme        =         OCTREE
    BS radius alpha        =              1
    Pruning alpha          =              1
    Radial Points          =             75
    Spherical Points       =            302
    Total Points           =         151645
    Total Blocks           =           1185
    Max Points             =            256
    Max Functions          =             34
    Weights Tolerance      =       1.00E-15

   => Loading Basis Set <=

    Name: (6-31G AUX)
    Role: JKFIT
    Keyword: DF_BASIS_SCF
    atoms 1      entry F          line   271 file /home/stephen/src/psi4conda/share/psi4/basis/cc-pvdz-jkfit.gbs 
    atoms 2      entry C          line   121 file /home/stephen/src/psi4conda/share/psi4/basis/cc-pvdz-jkfit.gbs 
    atoms 3-5, 7 entry H          line    51 file /home/stephen/src/psi4conda/share/psi4/basis/cc-pvdz-jkfit.gbs 
    atoms 6      entry O          line   221 file /home/stephen/src/psi4conda/share/psi4/basis/cc-pvdz-jkfit.gbs 

  ==> Integral Setup <==

  DFHelper Memory: AOs need 0.004 GiB; user supplied 0.231 GiB. 
  Using in-core AOs.

  ==> MemDFJK: Density-Fitted J/K Matrices <==

    J tasked:                   Yes
    K tasked:                    No
    wK tasked:                   No
    OpenMP threads:               1
    Memory [MiB]:               236
    Algorithm:                 Core
    Schwarz Cutoff:           1E-12
    Mask sparsity (%):       3.4286
    Fitting Condition:        1E-10

   => Auxiliary Basis Set <=

  Basis Set: (6-31G AUX)
    Blend: CC-PVDZ-JKFIT
    Number of shells: 108
    Number of basis functions: 343
    Number of Cartesian functions: 343
    Spherical Harmonics?: false
    Max angular momentum: 3

  Cached 100.0% of DFT collocation blocks in 0.135 [GiB].

  Minimum eigenvalue in the overlap matrix is 1.8223286312E-02.
  Reciprocal condition number of the overlap matrix is 4.3095945025E-03.
    Using symmetric orthogonalization.

  ==> Pre-Iterations <==

  SCF Guess: Superposition of Atomic Densities via on-the-fly atomic UHF (no occupation information).

   -------------------------
    Irrep   Nso     Nmo    
   -------------------------
     A         35      35 
   -------------------------
    Total      35      35
   -------------------------

  ==> Iterations <==

                           Total Energy        Delta E     RMS |[F,P]|

   @DF-UKS iter SAD:  -214.42245144534337   -2.14422e+02   0.00000e+00 
   @DF-UKS iter   1:  -214.84007216725246   -4.17621e-01   2.69840e-02 DIIS/ADIIS
   @DF-UKS iter   2:  -211.59366073984032    3.24641e+00   5.94825e-02 DIIS/ADIIS
   @DF-UKS iter   3:  -215.03868648110458   -3.44503e+00   1.65828e-02 DIIS/ADIIS
   @DF-UKS iter   4:  -215.17732242432268   -1.38636e-01   8.25058e-03 DIIS/ADIIS
   @DF-UKS iter   5:  -215.21192891947757   -3.46065e-02   1.85931e-03 DIIS/ADIIS
   @DF-UKS iter   6:  -215.21298909379533   -1.06017e-03   1.10338e-03 DIIS/ADIIS
   @DF-UKS iter   7:  -215.21367634909925   -6.87255e-04   6.09118e-05 DIIS
   @DF-UKS iter   8:  -215.21367859272891   -2.24363e-06   2.04643e-05 DIIS
   @DF-UKS iter   9:  -215.21367889172089   -2.98992e-07   1.53575e-06 DIIS
   @DF-UKS iter  10:  -215.21367889325748   -1.53659e-09   2.57009e-07 DIIS
  Energy and wave function converged.


  ==> Post-Iterations <==

   Electrons on quadrature grid:
      Nalpha   =   13.9999882235 ; deviation = -1.178e-05
      Nbeta    =   13.9999882235 ; deviation = -1.178e-05
      Ntotal   =   27.9999764471 ; deviation = -2.355e-05 

   @Spin Contamination Metric:   4.618527782E-14
   @S^2 Expected:                0.000000000E+00
   @S^2 Observed:                4.618527782E-14
   @S   Expected:                0.000000000E+00
   @S   Observed:                0.000000000E+00

    Orbital Energies [Eh]
    ---------------------

    Alpha Occupied:                                                       

       1A    -23.885151     2A    -18.434119     3A     -9.704123  
       4A     -0.680424     5A     -0.564579     6A     -0.378522  
       7A     -0.163483     8A     -0.162596     9A     -0.085562  
      10A     -0.036349    11A      0.030904    12A      0.032177  
      13A      0.070967    14A      0.085906  

    Alpha Virtual:                                                        

      15A      0.264508    16A      0.285559    17A      0.339369  
      18A      0.353071    19A      0.358318    20A      0.752093  
      21A      0.763344    22A      0.865728    23A      1.009251  
      24A      1.074295    25A      1.094913    26A      1.114293  
      27A      1.173420    28A      1.211217    29A      1.299386  
      30A      1.339883    31A      1.483749    32A      1.491634  
      33A      1.515269    34A      1.819782    35A      2.185300  

    Beta Occupied:                                                        

       1A    -23.885151     2A    -18.434119     3A     -9.704123  
       4A     -0.680424     5A     -0.564579     6A     -0.378522  
       7A     -0.163483     8A     -0.162596     9A     -0.085562  
      10A     -0.036349    11A      0.030904    12A      0.032177  
      13A      0.070967    14A      0.085906  

    Beta Virtual:                                                         

      15A      0.264508    16A      0.285559    17A      0.339369  
      18A      0.353071    19A      0.358318    20A      0.752093  
      21A      0.763344    22A      0.865728    23A      1.009251  
      24A      1.074295    25A      1.094913    26A      1.114293  
      27A      1.173420    28A      1.211217    29A      1.299386  
      30A      1.339883    31A      1.483749    32A      1.491634  
      33A      1.515269    34A      1.819782    35A      2.185300  

    Final Occupation by Irrep:
              A 
    DOCC [    14 ]
    SOCC [     0 ]
    NA   [    14 ]
    NB   [    14 ]

  @DF-UKS Final Energy:  -215.21367889325748

   => Energetics <=

    Nuclear Repulsion Energy =             69.0054929417283489
    One-Electron Energy =                -442.1172800835353200
    Two-Electron Energy =                 183.9207782493471655
    DFT Exchange-Correlation Energy =     -26.0226700007976710
    Empirical Dispersion Energy =           0.0000000000000000
    VV10 Nonlocal Energy =                  0.0000000000000000
    Total Energy =                       -215.2136788932574802

  UHF NO Occupations:
  HONO-2 :   12  A 2.0000000
  HONO-1 :   13  A 2.0000000
  HONO-0 :   14  A 2.0000000
  LUNO+0 :   15  A 0.0000000
  LUNO+1 :   16  A 0.0000000
  LUNO+2 :   17  A 0.0000000
  LUNO+3 :   18  A 0.0000000


Computation Completed


Properties will be evaluated at   0.000000,   0.000000,   0.000000 [a0]

Properties computed using the SCF density matrix


 Multipole Moments:

 ------------------------------------------------------------------------------------
     Multipole            Electronic (a.u.)      Nuclear  (a.u.)        Total (a.u.)
 ------------------------------------------------------------------------------------

 L = 1.  Multiply by 2.5417464519 to convert [e a0] to [Debye]
 Dipole X            :          4.1912319           -3.8992958            0.2919362
 Dipole Y            :          0.2147773           -0.7512941           -0.5365168
 Dipole Z            :         -0.0002105            0.0006009            0.0003904
 Magnitude           :                                                    0.6108005

 ------------------------------------------------------------------------------------

*** tstop() called on NUS-LAPTOP at Wed Aug 16 17:03:33 2023
Module time:
	user time   =       1.69 seconds =       0.03 minutes
	system time =       0.02 seconds =       0.00 minutes
	total time  =          1 seconds =       0.02 minutes
Total time:
	user time   =      23.18 seconds =       0.39 minutes
	system time =       0.34 seconds =       0.01 minutes
	total time  =         23 seconds =       0.38 minutes
