
    -----------------------------------------------------------------------
          Psi4: An Open-Source Ab Initio Electronic Structure Package
                               Psi4 1.8 release

                         Git: Rev {} zzzzzzz 


    D. G. A. Smith, L. A. Burns, A. C. Simmonett, R. M. Parrish,
    M. C. Schieber, R. Galvelis, P. Kraus, H. Kruse, R. Di Remigio,
    A. Alenaizan, A. M. James, S. Lehtola, J. P. Misiewicz, M. Scheurer,
    R. A. Shaw, J. B. Schriber, Y. Xie, Z. L. Glick, D. A. Sirianni,
    J. S. O'Brien, J. M. Waldrop, A. Kumar, E. G. Hohenstein,
    B. P. Pritchard, B. R. Brooks, H. F. Schaefer III, A. Yu. Sokolov,
    K. Patkowski, A. E. DePrince III, U. Bozkaya, R. A. King,
    F. A. Evangelista, J. M. Turney, T. D. Crawford, C. D. Sherrill,
    J. Chem. Phys. 152(18) 184108 (2020). https://doi.org/10.1063/5.0006002

                            Additional Code Authors
    E. T. Seidl, C. L. Janssen, E. F. Valeev, M. L. Leininger,
    J. F. Gonthier, R. M. Richard, H. R. McAlexander, M. Saitow, X. Wang,
    P. Verma, M. H. Lechner, A. Jiang, S. Behnle, A. G. Heide,
    M. F. Herbst, and D. L. Poole

             Previous Authors, Complete List of Code Contributors,
                       and Citations for Specific Modules
    https://github.com/psi4/psi4/blob/master/codemeta.json
    https://github.com/psi4/psi4/graphs/contributors
    http://psicode.org/psi4manual/master/introduction.html#citing-psifour

    -----------------------------------------------------------------------


    Psi4 started on: Wednesday, 16 August 2023 05:03PM

    Process ID: 19122
    Host:       NUS-LAPTOP
    PSIDATADIR: /home/stephen/src/psi4conda/share/psi4
    Memory:     500.0 MiB
    Threads:    1
    
Scratch directory: /tmp/
   => Libint2 <=

    Primary   basis highest AM E, G, H:  5, 4, 3
    Auxiliary basis highest AM E, G, H:  6, 5, 4
    Onebody   basis highest AM E, G, H:  6, 5, 4
    Solid Harmonics ordering:            gaussian

*** tstart() called on NUS-LAPTOP
*** at Wed Aug 16 17:03:30 2023

   => Loading Basis Set <=

    Name: 6-31G
    Role: ORBITAL
    Keyword: BASIS
    atoms 1   entry F          line   132 file /home/stephen/src/psi4conda/share/psi4/basis/6-31g.gbs 
    atoms 2   entry C          line    87 file /home/stephen/src/psi4conda/share/psi4/basis/6-31g.gbs 
    atoms 3-5 entry H          line    26 file /home/stephen/src/psi4conda/share/psi4/basis/6-31g.gbs 
    atoms 6   entry CL         line   294 file /home/stephen/src/psi4conda/share/psi4/basis/6-31g.gbs 


         ---------------------------------------------------------
                                   SCF
               by Justin Turney, Rob Parrish, Andy Simmonett
                          and Daniel G. A. Smith
                              UKS Reference
                        1 Threads,    500 MiB Core
         ---------------------------------------------------------

  ==> Geometry <==

    Molecular point group: c1
    Full point group: C1v

    Geometry (in Angstrom), charge = -1, multiplicity = 1:

       Center              X                  Y                   Z               Mass       
    ------------   -----------------  -----------------  -----------------  -----------------
         F           -0.000000000146    -2.676490999413     0.000000000000    18.998403162730
         C           -0.000000000146    -1.268117499413     0.000000000000    12.000000000000
         H            0.512359999854    -0.914357219413     0.887433540000     1.007825032230
         H            0.512359999854    -0.914357219413    -0.887433540000     1.007825032230
         H           -1.024719990146    -0.914357219413     0.000000000000     1.007825032230
         CL          -0.000000000146     1.968351720587     0.000000000000    34.968852682000

  Running in c1 symmetry.

  Rotational constants: A =      5.30982  B =      0.05715  C =      0.05715 [cm^-1]
  Rotational constants: A = 159184.35674  B =   1713.18811  C =   1713.18811 [MHz]
  Nuclear repulsion =   79.909713739868593

  Charge       = -1
  Multiplicity = 1
  Electrons    = 36
  Nalpha       = 18
  Nbeta        = 18

  ==> Algorithm <==

  SCF Algorithm Type is DF.
  DIIS enabled.
  MOM disabled.
  Fractional occupation disabled.
  Guess Type is SAD.
  Energy threshold   = 1.00e-08
  Density threshold  = 1.00e-06
  Integral threshold = 1.00e-12

  ==> Primary Basis <==

  Basis Set: 6-31G
    Blend: 6-31G
    Number of shells: 23
    Number of basis functions: 37
    Number of Cartesian functions: 37
    Spherical Harmonics?: false
    Max angular momentum: 1

  ==> DFT Potential <==

   => LibXC <=

    Version 6.1.0
    S. Lehtola, C. Steigemann, M. J.T. Oliveira, and M. A.L. Marques.,  SoftwareX 7, 1â€“5 (2018) (10.1016/j.softx.2017.11.002)

   => Composite Functional: PBE_CUSTOM <= 

    Perdew, Burke & Ernzerhof
    J. P. Perdew, K. Burke, and M. Ernzerhof.,  Phys. Rev. Lett. 77, 3865 (1996) (10.1103/PhysRevLett.77.3865)
    J. P. Perdew, K. Burke, and M. Ernzerhof.,  Phys. Rev. Lett. 78, 1396 (1997) (10.1103/PhysRevLett.78.1396)

    Deriv               =              1
    GGA                 =           TRUE
    Meta                =          FALSE

    Exchange Hybrid     =          FALSE
    MP2 Hybrid          =          FALSE

   => Exchange Functionals <=

    1.0000     XC_GGA_X_PBE

   => Correlation Functionals <=

    1.0000     XC_GGA_C_PBE

   => LibXC Density Thresholds  <==

    XC_GGA_C_PBE:  1.00E-12 
    XC_GGA_X_PBE:  1.00E-15 

   => Molecular Quadrature <=

    Radial Scheme          =       TREUTLER
    Pruning Scheme         =           NONE
    Nuclear Scheme         =       TREUTLER

    Blocking Scheme        =         OCTREE
    BS radius alpha        =              1
    Pruning alpha          =              1
    Radial Points          =             75
    Spherical Points       =            302
    Total Points           =         129103
    Total Blocks           =           1047
    Max Points             =            256
    Max Functions          =             35
    Weights Tolerance      =       1.00E-15

   => Loading Basis Set <=

    Name: (6-31G AUX)
    Role: JKFIT
    Keyword: DF_BASIS_SCF
    atoms 1   entry F          line   271 file /home/stephen/src/psi4conda/share/psi4/basis/cc-pvdz-jkfit.gbs 
    atoms 2   entry C          line   121 file /home/stephen/src/psi4conda/share/psi4/basis/cc-pvdz-jkfit.gbs 
    atoms 3-5 entry H          line    51 file /home/stephen/src/psi4conda/share/psi4/basis/cc-pvdz-jkfit.gbs 
    atoms 6   entry CL         line   667 file /home/stephen/src/psi4conda/share/psi4/basis/cc-pvdz-jkfit.gbs 

  ==> Integral Setup <==

  DFHelper Memory: AOs need 0.005 GiB; user supplied 0.254 GiB. 
  Using in-core AOs.

  ==> MemDFJK: Density-Fitted J/K Matrices <==

    J tasked:                   Yes
    K tasked:                    No
    wK tasked:                   No
    OpenMP threads:               1
    Memory [MiB]:               259
    Algorithm:                 Core
    Schwarz Cutoff:           1E-12
    Mask sparsity (%):       5.4054
    Fitting Condition:        1E-10

   => Auxiliary Basis Set <=

  Basis Set: (6-31G AUX)
    Blend: CC-PVDZ-JKFIT
    Number of shells: 111
    Number of basis functions: 367
    Number of Cartesian functions: 367
    Spherical Harmonics?: false
    Max angular momentum: 3

  Cached 100.0% of DFT collocation blocks in 0.113 [GiB].

  Minimum eigenvalue in the overlap matrix is 1.9558972500E-02.
  Reciprocal condition number of the overlap matrix is 4.6682415736E-03.
    Using symmetric orthogonalization.

  ==> Pre-Iterations <==

  SCF Guess: Superposition of Atomic Densities via on-the-fly atomic UHF (no occupation information).

   -------------------------
    Irrep   Nso     Nmo    
   -------------------------
     A         37      37 
   -------------------------
    Total      37      37
   -------------------------

  ==> Iterations <==

                           Total Energy        Delta E     RMS |[F,P]|

   @DF-UKS iter SAD:  -599.01116532192634   -5.99011e+02   0.00000e+00 
   @DF-UKS iter   1:  -599.40033445187794   -3.89169e-01   1.57709e-02 DIIS/ADIIS
   @DF-UKS iter   2:  -599.32016904228942    8.01654e-02   1.87709e-02 DIIS/ADIIS
   @DF-UKS iter   3:  -599.60331069836116   -2.83142e-01   1.09404e-03 DIIS/ADIIS
   @DF-UKS iter   4:  -599.60351774725370   -2.07049e-04   8.03212e-04 DIIS/ADIIS
   @DF-UKS iter   5:  -599.60381450994078   -2.96763e-04   1.05727e-04 DIIS/ADIIS
   @DF-UKS iter   6:  -599.60382153453884   -7.02460e-06   2.44582e-05 DIIS
   @DF-UKS iter   7:  -599.60382200650406   -4.71965e-07   2.63897e-06 DIIS
   @DF-UKS iter   8:  -599.60382201261018   -6.10612e-09   1.16572e-07 DIIS
  Energy and wave function converged.


  ==> Post-Iterations <==

   Electrons on quadrature grid:
      Nalpha   =   17.9999992475 ; deviation = -7.525e-07
      Nbeta    =   17.9999992475 ; deviation = -7.525e-07
      Ntotal   =   35.9999984949 ; deviation = -1.505e-06 

   @Spin Contamination Metric:  -2.842170943E-14
   @S^2 Expected:                0.000000000E+00
   @S^2 Observed:               -2.842170943E-14
   @S   Expected:                0.000000000E+00
   @S   Observed:                0.000000000E+00

    Orbital Energies [Eh]
    ---------------------

    Alpha Occupied:                                                       

       1A   -100.326217     2A    -24.083175     3A     -9.785504  
       4A     -8.835698     5A     -6.654447     6A     -6.653840  
       7A     -6.653840     8A     -0.919527     9A     -0.466073  
      10A     -0.387715    11A     -0.259729    12A     -0.256559  
      13A     -0.256559    14A     -0.119707    15A     -0.119707  
      16A      0.028631    17A      0.031633    18A      0.031633  

    Alpha Virtual:                                                        

      19A      0.229914    20A      0.267236    21A      0.303607  
      22A      0.303607    23A      0.581548    24A      0.658339  
      25A      0.666813    26A      0.666813    27A      0.699319  
      28A      0.699319    29A      0.794856    30A      1.026926  
      31A      1.026926    32A      1.065028    33A      1.165832  
      34A      1.381602    35A      1.381603    36A      1.387909  
      37A      2.140154  

    Beta Occupied:                                                        

       1A   -100.326217     2A    -24.083175     3A     -9.785504  
       4A     -8.835698     5A     -6.654447     6A     -6.653840  
       7A     -6.653840     8A     -0.919527     9A     -0.466073  
      10A     -0.387715    11A     -0.259729    12A     -0.256559  
      13A     -0.256559    14A     -0.119707    15A     -0.119707  
      16A      0.028631    17A      0.031633    18A      0.031633  

    Beta Virtual:                                                         

      19A      0.229914    20A      0.267236    21A      0.303607  
      22A      0.303607    23A      0.581548    24A      0.658339  
      25A      0.666813    26A      0.666813    27A      0.699319  
      28A      0.699319    29A      0.794856    30A      1.026926  
      31A      1.026926    32A      1.065028    33A      1.165832  
      34A      1.381602    35A      1.381603    36A      1.387909  
      37A      2.140154  

    Final Occupation by Irrep:
              A 
    DOCC [    18 ]
    SOCC [     0 ]
    NA   [    18 ]
    NB   [    18 ]

  @DF-UKS Final Energy:  -599.60382201261018

   => Energetics <=

    Nuclear Repulsion Energy =             79.9097137398685931
    One-Electron Energy =                -995.6027399732831782
    Two-Electron Energy =                 361.2631203047310464
    DFT Exchange-Correlation Energy =     -45.1739160839266205
    Empirical Dispersion Energy =           0.0000000000000000
    VV10 Nonlocal Energy =                  0.0000000000000000
    Total Energy =                       -599.6038220126101805

  UHF NO Occupations:
  HONO-2 :   16  A 2.0000000
  HONO-1 :   17  A 2.0000000
  HONO-0 :   18  A 2.0000000
  LUNO+0 :   19  A 0.0000000
  LUNO+1 :   20  A 0.0000000
  LUNO+2 :   21  A 0.0000000
  LUNO+3 :   22  A 0.0000000


Computation Completed


Properties will be evaluated at   0.000000,   0.000000,   0.000000 [a0]

Properties computed using the SCF density matrix


 Multipole Moments:

 ------------------------------------------------------------------------------------
     Multipole            Electronic (a.u.)      Nuclear  (a.u.)        Total (a.u.)
 ------------------------------------------------------------------------------------

 L = 1.  Multiply by 2.5417464519 to convert [e a0] to [Debye]
 Dipole X            :         -0.0000043            0.0000000           -0.0000043
 Dipole Y            :         -0.5779334           -1.8485611           -2.4264945
 Dipole Z            :          0.0000000            0.0000000            0.0000000
 Magnitude           :                                                    2.4264945

 ------------------------------------------------------------------------------------

*** tstop() called on NUS-LAPTOP at Wed Aug 16 17:03:31 2023
Module time:
	user time   =       1.27 seconds =       0.02 minutes
	system time =       0.02 seconds =       0.00 minutes
	total time  =          1 seconds =       0.02 minutes
Total time:
	user time   =      21.13 seconds =       0.35 minutes
	system time =       0.30 seconds =       0.01 minutes
	total time  =         21 seconds =       0.35 minutes
