
    -----------------------------------------------------------------------
          Psi4: An Open-Source Ab Initio Electronic Structure Package
                               Psi4 1.8 release

                         Git: Rev {} zzzzzzz 


    D. G. A. Smith, L. A. Burns, A. C. Simmonett, R. M. Parrish,
    M. C. Schieber, R. Galvelis, P. Kraus, H. Kruse, R. Di Remigio,
    A. Alenaizan, A. M. James, S. Lehtola, J. P. Misiewicz, M. Scheurer,
    R. A. Shaw, J. B. Schriber, Y. Xie, Z. L. Glick, D. A. Sirianni,
    J. S. O'Brien, J. M. Waldrop, A. Kumar, E. G. Hohenstein,
    B. P. Pritchard, B. R. Brooks, H. F. Schaefer III, A. Yu. Sokolov,
    K. Patkowski, A. E. DePrince III, U. Bozkaya, R. A. King,
    F. A. Evangelista, J. M. Turney, T. D. Crawford, C. D. Sherrill,
    J. Chem. Phys. 152(18) 184108 (2020). https://doi.org/10.1063/5.0006002

                            Additional Code Authors
    E. T. Seidl, C. L. Janssen, E. F. Valeev, M. L. Leininger,
    J. F. Gonthier, R. M. Richard, H. R. McAlexander, M. Saitow, X. Wang,
    P. Verma, M. H. Lechner, A. Jiang, S. Behnle, A. G. Heide,
    M. F. Herbst, and D. L. Poole

             Previous Authors, Complete List of Code Contributors,
                       and Citations for Specific Modules
    https://github.com/psi4/psi4/blob/master/codemeta.json
    https://github.com/psi4/psi4/graphs/contributors
    http://psicode.org/psi4manual/master/introduction.html#citing-psifour

    -----------------------------------------------------------------------


    Psi4 started on: Wednesday, 16 August 2023 05:03PM

    Process ID: 19122
    Host:       NUS-LAPTOP
    PSIDATADIR: /home/stephen/src/psi4conda/share/psi4
    Memory:     500.0 MiB
    Threads:    1
    
Scratch directory: /tmp/
   => Libint2 <=

    Primary   basis highest AM E, G, H:  5, 4, 3
    Auxiliary basis highest AM E, G, H:  6, 5, 4
    Onebody   basis highest AM E, G, H:  6, 5, 4
    Solid Harmonics ordering:            gaussian

*** tstart() called on NUS-LAPTOP
*** at Wed Aug 16 17:03:12 2023

   => Loading Basis Set <=

    Name: 6-31G
    Role: ORBITAL
    Keyword: BASIS
    atoms 1-2 entry N          line   102 file /home/stephen/src/psi4conda/share/psi4/basis/6-31g.gbs 


         ---------------------------------------------------------
                                   SCF
               by Justin Turney, Rob Parrish, Andy Simmonett
                          and Daniel G. A. Smith
                              UKS Reference
                        1 Threads,    500 MiB Core
         ---------------------------------------------------------

  ==> Geometry <==

    Molecular point group: c1
    Full point group: D_inf_h

    Geometry (in Angstrom), charge = 0, multiplicity = 1:

       Center              X                  Y                   Z               Mass       
    ------------   -----------------  -----------------  -----------------  -----------------
         N            0.000000000000     0.000000000000     0.548555720000    14.003074004430
         N            0.000000000000     0.000000000000    -0.548555720000    14.003074004430

  Running in c1 symmetry.

  Rotational constants: A = ************  B =      2.00033  C =      2.00033 [cm^-1]
  Rotational constants: A = ************  B =  59968.38095  C =  59968.38095 [MHz]
  Nuclear repulsion =   23.634502729121120

  Charge       = 0
  Multiplicity = 1
  Electrons    = 14
  Nalpha       = 7
  Nbeta        = 7

  ==> Algorithm <==

  SCF Algorithm Type is DF.
  DIIS enabled.
  MOM disabled.
  Fractional occupation disabled.
  Guess Type is SAD.
  Energy threshold   = 1.00e-08
  Density threshold  = 1.00e-06
  Integral threshold = 1.00e-12

  ==> Primary Basis <==

  Basis Set: 6-31G
    Blend: 6-31G
    Number of shells: 10
    Number of basis functions: 18
    Number of Cartesian functions: 18
    Spherical Harmonics?: false
    Max angular momentum: 1

  ==> DFT Potential <==

   => LibXC <=

    Version 6.1.0
    S. Lehtola, C. Steigemann, M. J.T. Oliveira, and M. A.L. Marques.,  SoftwareX 7, 1â€“5 (2018) (10.1016/j.softx.2017.11.002)

   => Composite Functional: PBE_CUSTOM <= 

    Perdew, Burke & Ernzerhof
    J. P. Perdew, K. Burke, and M. Ernzerhof.,  Phys. Rev. Lett. 77, 3865 (1996) (10.1103/PhysRevLett.77.3865)
    J. P. Perdew, K. Burke, and M. Ernzerhof.,  Phys. Rev. Lett. 78, 1396 (1997) (10.1103/PhysRevLett.78.1396)

    Deriv               =              1
    GGA                 =           TRUE
    Meta                =          FALSE

    Exchange Hybrid     =          FALSE
    MP2 Hybrid          =          FALSE

   => Exchange Functionals <=

    1.0000     XC_GGA_X_PBE

   => Correlation Functionals <=

    1.0000     XC_GGA_C_PBE

   => LibXC Density Thresholds  <==

    XC_GGA_C_PBE:  1.00E-12 
    XC_GGA_X_PBE:  1.00E-15 

   => Molecular Quadrature <=

    Radial Scheme          =       TREUTLER
    Pruning Scheme         =           NONE
    Nuclear Scheme         =       TREUTLER

    Blocking Scheme        =         OCTREE
    BS radius alpha        =              1
    Pruning alpha          =              1
    Radial Points          =             75
    Spherical Points       =            302
    Total Points           =          41872
    Total Blocks           =            370
    Max Points             =            250
    Max Functions          =             18
    Weights Tolerance      =       1.00E-15

   => Loading Basis Set <=

    Name: (6-31G AUX)
    Role: JKFIT
    Keyword: DF_BASIS_SCF
    atoms 1-2 entry N          line   171 file /home/stephen/src/psi4conda/share/psi4/basis/cc-pvdz-jkfit.gbs 

  ==> Integral Setup <==

  DFHelper Memory: AOs need 0.001 GiB; user supplied 0.345 GiB. 
  Using in-core AOs.

  ==> MemDFJK: Density-Fitted J/K Matrices <==

    J tasked:                   Yes
    K tasked:                    No
    wK tasked:                   No
    OpenMP threads:               1
    Memory [MiB]:               353
    Algorithm:                 Core
    Schwarz Cutoff:           1E-12
    Mask sparsity (%):       0.0000
    Fitting Condition:        1E-10

   => Auxiliary Basis Set <=

  Basis Set: (6-31G AUX)
    Blend: CC-PVDZ-JKFIT
    Number of shells: 48
    Number of basis functions: 162
    Number of Cartesian functions: 162
    Spherical Harmonics?: false
    Max angular momentum: 3

  Cached 100.0% of DFT collocation blocks in 0.021 [GiB].

  Minimum eigenvalue in the overlap matrix is 7.5435250700E-03.
  Reciprocal condition number of the overlap matrix is 2.3494647439E-03.
    Using symmetric orthogonalization.

  ==> Pre-Iterations <==

  SCF Guess: Superposition of Atomic Densities via on-the-fly atomic UHF (no occupation information).

   -------------------------
    Irrep   Nso     Nmo    
   -------------------------
     A         18      18 
   -------------------------
    Total      18      18
   -------------------------

  ==> Iterations <==

                           Total Energy        Delta E     RMS |[F,P]|

   @DF-UKS iter SAD:  -109.00568966485280   -1.09006e+02   0.00000e+00 
   @DF-UKS iter   1:  -109.31171064379092   -3.06021e-01   1.55652e-02 DIIS/ADIIS
   @DF-UKS iter   2:  -109.33189434766531   -2.01837e-02   1.14383e-02 DIIS/ADIIS
   @DF-UKS iter   3:  -109.35364275190709   -2.17484e-02   4.06014e-04 DIIS/ADIIS
   @DF-UKS iter   4:  -109.35367310446027   -3.03526e-05   7.78196e-06 DIIS
   @DF-UKS iter   5:  -109.35367311352952   -9.06925e-09   2.93634e-07 DIIS
  Energy and wave function converged.


  ==> Post-Iterations <==

   Electrons on quadrature grid:
      Nalpha   =    7.0000001232 ; deviation = 1.232e-07
      Nbeta    =    7.0000001232 ; deviation = 1.232e-07
      Ntotal   =   14.0000002465 ; deviation = 2.465e-07 

   @Spin Contamination Metric:  -6.217248938E-15
   @S^2 Expected:                0.000000000E+00
   @S^2 Observed:               -6.217248938E-15
   @S   Expected:                0.000000000E+00
   @S   Observed:                0.000000000E+00

    Orbital Energies [Eh]
    ---------------------

    Alpha Occupied:                                                       

       1A    -14.108917     2A    -14.107811     3A     -1.084948  
       4A     -0.477690     5A     -0.431816     6A     -0.431816  
       7A     -0.358933  

    Alpha Virtual:                                                        

       8A     -0.066195     9A     -0.066195    10A      0.389101  
      11A      0.569142    12A      0.571918    13A      0.571918  
      14A      0.694305    15A      0.707328    16A      0.707328  
      17A      0.803124    18A      1.259466  

    Beta Occupied:                                                        

       1A    -14.108917     2A    -14.107811     3A     -1.084948  
       4A     -0.477690     5A     -0.431816     6A     -0.431816  
       7A     -0.358933  

    Beta Virtual:                                                         

       8A     -0.066195     9A     -0.066195    10A      0.389101  
      11A      0.569142    12A      0.571918    13A      0.571918  
      14A      0.694305    15A      0.707328    16A      0.707328  
      17A      0.803124    18A      1.259466  

    Final Occupation by Irrep:
              A 
    DOCC [     7 ]
    SOCC [     0 ]
    NA   [     7 ]
    NB   [     7 ]

  @DF-UKS Final Energy:  -109.35367311352952

   => Energetics <=

    Nuclear Repulsion Energy =             23.6345027291211203
    One-Electron Energy =                -194.2505707650942668
    Two-Electron Energy =                  74.8452191422117892
    DFT Exchange-Correlation Energy =     -13.5828242197681757
    Empirical Dispersion Energy =           0.0000000000000000
    VV10 Nonlocal Energy =                  0.0000000000000000
    Total Energy =                       -109.3536731135295241

  UHF NO Occupations:
  HONO-2 :    5  A 2.0000000
  HONO-1 :    6  A 2.0000000
  HONO-0 :    7  A 2.0000000
  LUNO+0 :    8  A 0.0000000
  LUNO+1 :    9  A 0.0000000
  LUNO+2 :   10  A 0.0000000
  LUNO+3 :   11  A 0.0000000


Computation Completed


Properties will be evaluated at   0.000000,   0.000000,   0.000000 [a0]

Properties computed using the SCF density matrix


 Multipole Moments:

 ------------------------------------------------------------------------------------
     Multipole            Electronic (a.u.)      Nuclear  (a.u.)        Total (a.u.)
 ------------------------------------------------------------------------------------

 L = 1.  Multiply by 2.5417464519 to convert [e a0] to [Debye]
 Dipole X            :          0.0000000            0.0000000            0.0000000
 Dipole Y            :          0.0000000            0.0000000            0.0000000
 Dipole Z            :         -0.0000000            0.0000000           -0.0000000
 Magnitude           :                                                    0.0000000

 ------------------------------------------------------------------------------------

*** tstop() called on NUS-LAPTOP at Wed Aug 16 17:03:12 2023
Module time:
	user time   =       0.26 seconds =       0.00 minutes
	system time =       0.00 seconds =       0.00 minutes
	total time  =          0 seconds =       0.00 minutes
Total time:
	user time   =       2.40 seconds =       0.04 minutes
	system time =       0.06 seconds =       0.00 minutes
	total time  =          2 seconds =       0.03 minutes
