
    -----------------------------------------------------------------------
          Psi4: An Open-Source Ab Initio Electronic Structure Package
                               Psi4 1.8 release

                         Git: Rev {} zzzzzzz 


    D. G. A. Smith, L. A. Burns, A. C. Simmonett, R. M. Parrish,
    M. C. Schieber, R. Galvelis, P. Kraus, H. Kruse, R. Di Remigio,
    A. Alenaizan, A. M. James, S. Lehtola, J. P. Misiewicz, M. Scheurer,
    R. A. Shaw, J. B. Schriber, Y. Xie, Z. L. Glick, D. A. Sirianni,
    J. S. O'Brien, J. M. Waldrop, A. Kumar, E. G. Hohenstein,
    B. P. Pritchard, B. R. Brooks, H. F. Schaefer III, A. Yu. Sokolov,
    K. Patkowski, A. E. DePrince III, U. Bozkaya, R. A. King,
    F. A. Evangelista, J. M. Turney, T. D. Crawford, C. D. Sherrill,
    J. Chem. Phys. 152(18) 184108 (2020). https://doi.org/10.1063/5.0006002

                            Additional Code Authors
    E. T. Seidl, C. L. Janssen, E. F. Valeev, M. L. Leininger,
    J. F. Gonthier, R. M. Richard, H. R. McAlexander, M. Saitow, X. Wang,
    P. Verma, M. H. Lechner, A. Jiang, S. Behnle, A. G. Heide,
    M. F. Herbst, and D. L. Poole

             Previous Authors, Complete List of Code Contributors,
                       and Citations for Specific Modules
    https://github.com/psi4/psi4/blob/master/codemeta.json
    https://github.com/psi4/psi4/graphs/contributors
    http://psicode.org/psi4manual/master/introduction.html#citing-psifour

    -----------------------------------------------------------------------


    Psi4 started on: Wednesday, 16 August 2023 05:03PM

    Process ID: 19122
    Host:       NUS-LAPTOP
    PSIDATADIR: /home/stephen/src/psi4conda/share/psi4
    Memory:     500.0 MiB
    Threads:    1
    
Scratch directory: /tmp/
   => Libint2 <=

    Primary   basis highest AM E, G, H:  5, 4, 3
    Auxiliary basis highest AM E, G, H:  6, 5, 4
    Onebody   basis highest AM E, G, H:  6, 5, 4
    Solid Harmonics ordering:            gaussian

*** tstart() called on NUS-LAPTOP
*** at Wed Aug 16 17:04:18 2023

   => Loading Basis Set <=

    Name: 6-31G
    Role: ORBITAL
    Keyword: BASIS
    atoms 1 entry N          line   102 file /home/stephen/src/psi4conda/share/psi4/basis/6-31g.gbs 
    atoms 2 entry H          line    26 file /home/stephen/src/psi4conda/share/psi4/basis/6-31g.gbs 


         ---------------------------------------------------------
                                   SCF
               by Justin Turney, Rob Parrish, Andy Simmonett
                          and Daniel G. A. Smith
                              UKS Reference
                        1 Threads,    500 MiB Core
         ---------------------------------------------------------

  ==> Geometry <==

    Molecular point group: c1
    Full point group: C_inf_v

    Geometry (in Angstrom), charge = 0, multiplicity = 3:

       Center              X                  Y                   Z               Mass       
    ------------   -----------------  -----------------  -----------------  -----------------
         N            0.000000000000     0.000000000000     0.069605814386    14.003074004430
         H            0.000000000000     0.000000000000    -0.967127565614     1.007825032230

  Running in c1 symmetry.

  Rotational constants: A = ************  B =     16.68248  C =     16.68248 [cm^-1]
  Rotational constants: A = ************  B = 500128.05171  C = 500128.05171 [MHz]
  Nuclear repulsion =    3.572992387579919

  Charge       = 0
  Multiplicity = 3
  Electrons    = 8
  Nalpha       = 5
  Nbeta        = 3

  ==> Algorithm <==

  SCF Algorithm Type is DF.
  DIIS enabled.
  MOM disabled.
  Fractional occupation disabled.
  Guess Type is SAD.
  Energy threshold   = 1.00e-08
  Density threshold  = 1.00e-06
  Integral threshold = 1.00e-12

  ==> Primary Basis <==

  Basis Set: 6-31G
    Blend: 6-31G
    Number of shells: 7
    Number of basis functions: 11
    Number of Cartesian functions: 11
    Spherical Harmonics?: false
    Max angular momentum: 1

  ==> DFT Potential <==

   => LibXC <=

    Version 6.1.0
    S. Lehtola, C. Steigemann, M. J.T. Oliveira, and M. A.L. Marques.,  SoftwareX 7, 1â€“5 (2018) (10.1016/j.softx.2017.11.002)

   => Composite Functional: PBE_CUSTOM <= 

    Perdew, Burke & Ernzerhof
    J. P. Perdew, K. Burke, and M. Ernzerhof.,  Phys. Rev. Lett. 77, 3865 (1996) (10.1103/PhysRevLett.77.3865)
    J. P. Perdew, K. Burke, and M. Ernzerhof.,  Phys. Rev. Lett. 78, 1396 (1997) (10.1103/PhysRevLett.78.1396)

    Deriv               =              1
    GGA                 =           TRUE
    Meta                =          FALSE

    Exchange Hybrid     =          FALSE
    MP2 Hybrid          =          FALSE

   => Exchange Functionals <=

    1.0000     XC_GGA_X_PBE

   => Correlation Functionals <=

    1.0000     XC_GGA_C_PBE

   => LibXC Density Thresholds  <==

    XC_GGA_C_PBE:  1.00E-12 
    XC_GGA_X_PBE:  1.00E-15 

   => Molecular Quadrature <=

    Radial Scheme          =       TREUTLER
    Pruning Scheme         =           NONE
    Nuclear Scheme         =       TREUTLER

    Blocking Scheme        =         OCTREE
    BS radius alpha        =              1
    Pruning alpha          =              1
    Radial Points          =             75
    Spherical Points       =            302
    Total Points           =          43473
    Total Blocks           =            384
    Max Points             =            254
    Max Functions          =             11
    Weights Tolerance      =       1.00E-15

   => Loading Basis Set <=

    Name: (6-31G AUX)
    Role: JKFIT
    Keyword: DF_BASIS_SCF
    atoms 1 entry N          line   171 file /home/stephen/src/psi4conda/share/psi4/basis/cc-pvdz-jkfit.gbs 
    atoms 2 entry H          line    51 file /home/stephen/src/psi4conda/share/psi4/basis/cc-pvdz-jkfit.gbs 

  ==> Integral Setup <==

  DFHelper Memory: AOs need 0.000 GiB; user supplied 0.352 GiB. 
  Using in-core AOs.

  ==> MemDFJK: Density-Fitted J/K Matrices <==

    J tasked:                   Yes
    K tasked:                    No
    wK tasked:                   No
    OpenMP threads:               1
    Memory [MiB]:               360
    Algorithm:                 Core
    Schwarz Cutoff:           1E-12
    Mask sparsity (%):       0.0000
    Fitting Condition:        1E-10

   => Auxiliary Basis Set <=

  Basis Set: (6-31G AUX)
    Blend: CC-PVDZ-JKFIT
    Number of shells: 33
    Number of basis functions: 106
    Number of Cartesian functions: 106
    Spherical Harmonics?: false
    Max angular momentum: 3

  Cached 100.0% of DFT collocation blocks in 0.014 [GiB].

  Minimum eigenvalue in the overlap matrix is 6.5600640368E-02.
  Reciprocal condition number of the overlap matrix is 2.2570309480E-02.
    Using symmetric orthogonalization.

  ==> Pre-Iterations <==

  SCF Guess: Superposition of Atomic Densities via on-the-fly atomic UHF (no occupation information).

   -------------------------
    Irrep   Nso     Nmo    
   -------------------------
     A         11      11 
   -------------------------
    Total      11      11
   -------------------------

  ==> Iterations <==

                           Total Energy        Delta E     RMS |[F,P]|

   @DF-UKS iter SAD:   -54.74526419370284   -5.47453e+01   0.00000e+00 
   @DF-UKS iter   1:   -55.09213265757508   -3.46868e-01   2.48242e-02 DIIS/ADIIS
   @DF-UKS iter   2:   -55.07385938727349    1.82733e-02   2.99992e-02 DIIS/ADIIS
   @DF-UKS iter   3:   -55.13329622728024   -5.94368e-02   6.61854e-04 DIIS/ADIIS
   @DF-UKS iter   4:   -55.13334450046358   -4.82732e-05   1.90910e-04 DIIS/ADIIS
   @DF-UKS iter   5:   -55.13334918958305   -4.68912e-06   3.20764e-05 DIIS
   @DF-UKS iter   6:   -55.13334936583777   -1.76255e-07   4.28678e-06 DIIS
   @DF-UKS iter   7:   -55.13334936836197   -2.52420e-09   4.03357e-07 DIIS
  Energy and wave function converged.


  ==> Post-Iterations <==

   Electrons on quadrature grid:
      Nalpha   =    4.9999999975 ; deviation = -2.468e-09
      Nbeta    =    2.9999999816 ; deviation = -1.842e-08
      Ntotal   =    7.9999999791 ; deviation = -2.089e-08 

   @Spin Contamination Metric:   3.341160996E-03
   @S^2 Expected:                2.000000000E+00
   @S^2 Observed:                2.003341161E+00
   @S   Expected:                1.000000000E+00
   @S   Observed:                1.000000000E+00

    Orbital Energies [Eh]
    ---------------------

    Alpha Occupied:                                                       

       1A    -14.068988     2A     -0.769148     3A     -0.339792  
       4A     -0.273888     5A     -0.273888  

    Alpha Virtual:                                                        

       6A      0.062737     7A      0.595730     8A      0.595730  
       9A      0.679665    10A      0.737939    11A      0.910815  

    Beta Occupied:                                                        

       1A    -14.033011     2A     -0.677881     3A     -0.293322  

    Beta Virtual:                                                         

       4A     -0.137838     5A     -0.137838     6A      0.081207  
       7A      0.693756     8A      0.693756     9A      0.716131  
      10A      0.749733    11A      0.985293  

    Final Occupation by Irrep:
              A 
    DOCC [     3 ]
    SOCC [     2 ]
    NA   [     5 ]
    NB   [     3 ]

  @DF-UKS Final Energy:   -55.13334936836197

   => Energetics <=

    Nuclear Repulsion Energy =              3.5729923875799194
    One-Electron Energy =                 -81.5894836921602007
    Two-Electron Energy =                  29.9975390383212854
    DFT Exchange-Correlation Energy =      -7.1143971021029699
    Empirical Dispersion Energy =           0.0000000000000000
    VV10 Nonlocal Energy =                  0.0000000000000000
    Total Energy =                        -55.1333493683619693

  UHF NO Occupations:
  HONO-2 :    3  A 1.9985830
  HONO-1 :    4  A 1.0000000
  HONO-0 :    5  A 1.0000000
  LUNO+0 :    6  A 0.0014170
  LUNO+1 :    7  A 0.0002545
  LUNO+2 :    8  A 0.0000001
  LUNO+3 :    9  A 0.0000000


Computation Completed


Properties will be evaluated at   0.000000,   0.000000,   0.000000 [a0]

Properties computed using the SCF density matrix


 Multipole Moments:

 ------------------------------------------------------------------------------------
     Multipole            Electronic (a.u.)      Nuclear  (a.u.)        Total (a.u.)
 ------------------------------------------------------------------------------------

 L = 1.  Multiply by 2.5417464519 to convert [e a0] to [Debye]
 Dipole X            :         -0.0000000            0.0000000           -0.0000000
 Dipole Y            :         -0.0000000            0.0000000           -0.0000000
 Dipole Z            :          0.2272977           -0.9068547           -0.6795570
 Magnitude           :                                                    0.6795570

 ------------------------------------------------------------------------------------

*** tstop() called on NUS-LAPTOP at Wed Aug 16 17:04:18 2023
Module time:
	user time   =       0.36 seconds =       0.01 minutes
	system time =       0.02 seconds =       0.00 minutes
	total time  =          0 seconds =       0.00 minutes
Total time:
	user time   =      66.77 seconds =       1.11 minutes
	system time =       1.03 seconds =       0.02 minutes
	total time  =         68 seconds =       1.13 minutes
