
    -----------------------------------------------------------------------
          Psi4: An Open-Source Ab Initio Electronic Structure Package
                               Psi4 1.8 release

                         Git: Rev {} zzzzzzz 


    D. G. A. Smith, L. A. Burns, A. C. Simmonett, R. M. Parrish,
    M. C. Schieber, R. Galvelis, P. Kraus, H. Kruse, R. Di Remigio,
    A. Alenaizan, A. M. James, S. Lehtola, J. P. Misiewicz, M. Scheurer,
    R. A. Shaw, J. B. Schriber, Y. Xie, Z. L. Glick, D. A. Sirianni,
    J. S. O'Brien, J. M. Waldrop, A. Kumar, E. G. Hohenstein,
    B. P. Pritchard, B. R. Brooks, H. F. Schaefer III, A. Yu. Sokolov,
    K. Patkowski, A. E. DePrince III, U. Bozkaya, R. A. King,
    F. A. Evangelista, J. M. Turney, T. D. Crawford, C. D. Sherrill,
    J. Chem. Phys. 152(18) 184108 (2020). https://doi.org/10.1063/5.0006002

                            Additional Code Authors
    E. T. Seidl, C. L. Janssen, E. F. Valeev, M. L. Leininger,
    J. F. Gonthier, R. M. Richard, H. R. McAlexander, M. Saitow, X. Wang,
    P. Verma, M. H. Lechner, A. Jiang, S. Behnle, A. G. Heide,
    M. F. Herbst, and D. L. Poole

             Previous Authors, Complete List of Code Contributors,
                       and Citations for Specific Modules
    https://github.com/psi4/psi4/blob/master/codemeta.json
    https://github.com/psi4/psi4/graphs/contributors
    http://psicode.org/psi4manual/master/introduction.html#citing-psifour

    -----------------------------------------------------------------------


    Psi4 started on: Wednesday, 16 August 2023 05:03PM

    Process ID: 19122
    Host:       NUS-LAPTOP
    PSIDATADIR: /home/stephen/src/psi4conda/share/psi4
    Memory:     500.0 MiB
    Threads:    1
    
Scratch directory: /tmp/
   => Libint2 <=

    Primary   basis highest AM E, G, H:  5, 4, 3
    Auxiliary basis highest AM E, G, H:  6, 5, 4
    Onebody   basis highest AM E, G, H:  6, 5, 4
    Solid Harmonics ordering:            gaussian

*** tstart() called on NUS-LAPTOP
*** at Wed Aug 16 17:03:11 2023

   => Loading Basis Set <=

    Name: 6-31G
    Role: ORBITAL
    Keyword: BASIS
    atoms 1   entry H          line    26 file /home/stephen/src/psi4conda/share/psi4/basis/6-31g.gbs 
    atoms 2   entry O          line   117 file /home/stephen/src/psi4conda/share/psi4/basis/6-31g.gbs 
    atoms 3-4 entry N          line   102 file /home/stephen/src/psi4conda/share/psi4/basis/6-31g.gbs 


         ---------------------------------------------------------
                                   SCF
               by Justin Turney, Rob Parrish, Andy Simmonett
                          and Daniel G. A. Smith
                              UKS Reference
                        1 Threads,    500 MiB Core
         ---------------------------------------------------------

  ==> Geometry <==

    Molecular point group: c1
    Full point group: Cs

    Geometry (in Angstrom), charge = 0, multiplicity = 2:

       Center              X                  Y                   Z               Mass       
    ------------   -----------------  -----------------  -----------------  -----------------
         H           -0.310137691689    -1.973413071298     0.000000000000     1.007825032230
         O           -0.867860871689    -0.664223261298     0.000000000000    15.994914619570
         N           -0.006852451689     0.214327918702     0.000000000000    14.003074004430
         N            1.020481678311     0.686406408702     0.000000000000    14.003074004430

  Running in c1 symmetry.

  Rotational constants: A =      7.04094  B =      0.39613  C =      0.37503 [cm^-1]
  Rotational constants: A = 211082.05126  B =  11875.75171  C =  11243.19489 [MHz]
  Nuclear repulsion =   65.686376502236641

  Charge       = 0
  Multiplicity = 2
  Electrons    = 23
  Nalpha       = 12
  Nbeta        = 11

  ==> Algorithm <==

  SCF Algorithm Type is DF.
  DIIS enabled.
  MOM disabled.
  Fractional occupation disabled.
  Guess Type is SAD.
  Energy threshold   = 1.00e-08
  Density threshold  = 1.00e-06
  Integral threshold = 1.00e-12

  ==> Primary Basis <==

  Basis Set: 6-31G
    Blend: 6-31G
    Number of shells: 17
    Number of basis functions: 29
    Number of Cartesian functions: 29
    Spherical Harmonics?: false
    Max angular momentum: 1

  ==> DFT Potential <==

   => LibXC <=

    Version 6.1.0
    S. Lehtola, C. Steigemann, M. J.T. Oliveira, and M. A.L. Marques.,  SoftwareX 7, 1â€“5 (2018) (10.1016/j.softx.2017.11.002)

   => Composite Functional: PBE_CUSTOM <= 

    Perdew, Burke & Ernzerhof
    J. P. Perdew, K. Burke, and M. Ernzerhof.,  Phys. Rev. Lett. 77, 3865 (1996) (10.1103/PhysRevLett.77.3865)
    J. P. Perdew, K. Burke, and M. Ernzerhof.,  Phys. Rev. Lett. 78, 1396 (1997) (10.1103/PhysRevLett.78.1396)

    Deriv               =              1
    GGA                 =           TRUE
    Meta                =          FALSE

    Exchange Hybrid     =          FALSE
    MP2 Hybrid          =          FALSE

   => Exchange Functionals <=

    1.0000     XC_GGA_X_PBE

   => Correlation Functionals <=

    1.0000     XC_GGA_C_PBE

   => LibXC Density Thresholds  <==

    XC_GGA_C_PBE:  1.00E-12 
    XC_GGA_X_PBE:  1.00E-15 

   => Molecular Quadrature <=

    Radial Scheme          =       TREUTLER
    Pruning Scheme         =           NONE
    Nuclear Scheme         =       TREUTLER

    Blocking Scheme        =         OCTREE
    BS radius alpha        =              1
    Pruning alpha          =              1
    Radial Points          =             75
    Spherical Points       =            302
    Total Points           =          85981
    Total Blocks           =            711
    Max Points             =            256
    Max Functions          =             29
    Weights Tolerance      =       1.00E-15

   => Loading Basis Set <=

    Name: (6-31G AUX)
    Role: JKFIT
    Keyword: DF_BASIS_SCF
    atoms 1   entry H          line    51 file /home/stephen/src/psi4conda/share/psi4/basis/cc-pvdz-jkfit.gbs 
    atoms 2   entry O          line   221 file /home/stephen/src/psi4conda/share/psi4/basis/cc-pvdz-jkfit.gbs 
    atoms 3-4 entry N          line   171 file /home/stephen/src/psi4conda/share/psi4/basis/cc-pvdz-jkfit.gbs 

  ==> Integral Setup <==

  DFHelper Memory: AOs need 0.002 GiB; user supplied 0.300 GiB. 
  Using in-core AOs.

  ==> MemDFJK: Density-Fitted J/K Matrices <==

    J tasked:                   Yes
    K tasked:                    No
    wK tasked:                   No
    OpenMP threads:               1
    Memory [MiB]:               306
    Algorithm:                 Core
    Schwarz Cutoff:           1E-12
    Mask sparsity (%):       0.2378
    Fitting Condition:        1E-10

   => Auxiliary Basis Set <=

  Basis Set: (6-31G AUX)
    Blend: CC-PVDZ-JKFIT
    Number of shells: 81
    Number of basis functions: 268
    Number of Cartesian functions: 268
    Spherical Harmonics?: false
    Max angular momentum: 3

  Cached 100.0% of DFT collocation blocks in 0.066 [GiB].

  Minimum eigenvalue in the overlap matrix is 3.6360053329E-03.
  Reciprocal condition number of the overlap matrix is 1.0129340888E-03.
    Using symmetric orthogonalization.

  ==> Pre-Iterations <==

  SCF Guess: Superposition of Atomic Densities via on-the-fly atomic UHF (no occupation information).

   -------------------------
    Irrep   Nso     Nmo    
   -------------------------
     A         29      29 
   -------------------------
    Total      29      29
   -------------------------

  ==> Iterations <==

                           Total Energy        Delta E     RMS |[F,P]|

   @DF-UKS iter SAD:  -184.79946635470233   -1.84799e+02   0.00000e+00 
   @DF-UKS iter   1:  -184.70088903566381    9.85773e-02   1.96512e-02 DIIS/ADIIS
   @DF-UKS iter   2:  -182.96166593051328    1.73922e+00   5.30892e-02 DIIS/ADIIS
   @DF-UKS iter   3:  -184.78098214574777   -1.81932e+00   1.64761e-02 DIIS/ADIIS
   @DF-UKS iter   4:  -184.86202946715952   -8.10473e-02   8.98088e-03 DIIS/ADIIS
   @DF-UKS iter   5:  -184.89131727928688   -2.92878e-02   8.48537e-04 DIIS/ADIIS
   @DF-UKS iter   6:  -184.89160814889325   -2.90870e-04   6.47377e-04 DIIS/ADIIS
   @DF-UKS iter   7:  -184.89183114449213   -2.22996e-04   3.86623e-04 DIIS/ADIIS
   @DF-UKS iter   8:  -184.89189215919961   -6.10147e-05   7.27319e-05 DIIS
   @DF-UKS iter   9:  -184.89189543391731   -3.27472e-06   1.51734e-05 DIIS
   @DF-UKS iter  10:  -184.89189560017368   -1.66256e-07   2.36015e-06 DIIS
   @DF-UKS iter  11:  -184.89189560342896   -3.25528e-09   5.33013e-07 DIIS
  Energy and wave function converged.


  ==> Post-Iterations <==

   Electrons on quadrature grid:
      Nalpha   =   11.9999975236 ; deviation = -2.476e-06
      Nbeta    =   10.9999987660 ; deviation = -1.234e-06
      Ntotal   =   22.9999962896 ; deviation = -3.710e-06 

   @Spin Contamination Metric:   9.143997887E-03
   @S^2 Expected:                7.500000000E-01
   @S^2 Observed:                7.591439979E-01
   @S   Expected:                5.000000000E-01
   @S   Observed:                5.000000000E-01

    Orbital Energies [Eh]
    ---------------------

    Alpha Occupied:                                                       

       1A    -18.895014     2A    -14.193463     3A    -14.101006  
       4A     -1.163817     5A     -1.025141     6A     -0.589195  
       7A     -0.508969     8A     -0.508544     9A     -0.415491  
      10A     -0.344199    11A     -0.308801    12A     -0.186727  

    Alpha Virtual:                                                        

      13A     -0.074625    14A     -0.066297    15A      0.094796  
      16A      0.422601    17A      0.542051    18A      0.557762  
      19A      0.591580    20A      0.663365    21A      0.677301  
      22A      0.703282    23A      0.724393    24A      0.751867  
      25A      0.878124    26A      0.919861    27A      1.094254  
      28A      1.341776    29A      1.647478  

    Beta Occupied:                                                        

       1A    -18.893996     2A    -14.191121     3A    -14.095510  
       4A     -1.158431     5A     -1.018450     6A     -0.578212  
       7A     -0.504759     8A     -0.499554     9A     -0.403103  
      10A     -0.325082    11A     -0.305360  

    Beta Virtual:                                                         

      12A     -0.123108    13A     -0.060254    14A     -0.027359  
      15A      0.101680    16A      0.428798    17A      0.560961  
      18A      0.565706    19A      0.613312    20A      0.683925  
      21A      0.707735    22A      0.720082    23A      0.736257  
      24A      0.772989    25A      0.879843    26A      0.925096  
      27A      1.115557    28A      1.353892    29A      1.651499  

    Final Occupation by Irrep:
              A 
    DOCC [    11 ]
    SOCC [     1 ]
    NA   [    12 ]
    NB   [    11 ]

  @DF-UKS Final Energy:  -184.89189560342896

   => Energetics <=

    Nuclear Repulsion Energy =             65.6863765022366408
    One-Electron Energy =                -380.9209623798053599
    Two-Electron Energy =                 152.7585394983176172
    DFT Exchange-Correlation Energy =     -22.4158492241778475
    Empirical Dispersion Energy =           0.0000000000000000
    VV10 Nonlocal Energy =                  0.0000000000000000
    Total Energy =                       -184.8918956034289636

  UHF NO Occupations:
  HONO-2 :   10  A 1.9998978
  HONO-1 :   11  A 1.9956131
  HONO-0 :   12  A 1.0000000
  LUNO+0 :   13  A 0.0043869
  LUNO+1 :   14  A 0.0001022
  LUNO+2 :   15  A 0.0000584
  LUNO+3 :   16  A 0.0000208


Computation Completed


Properties will be evaluated at   0.000000,   0.000000,   0.000000 [a0]

Properties computed using the SCF density matrix


 Multipole Moments:

 ------------------------------------------------------------------------------------
     Multipole            Electronic (a.u.)      Nuclear  (a.u.)        Total (a.u.)
 ------------------------------------------------------------------------------------

 L = 1.  Multiply by 2.5417464519 to convert [e a0] to [Debye]
 Dipole X            :          0.2826040           -0.2978588           -0.0152548
 Dipole Y            :          1.7062523           -1.8558223           -0.1495700
 Dipole Z            :         -0.0000000            0.0000000           -0.0000000
 Magnitude           :                                                    0.1503459

 ------------------------------------------------------------------------------------

*** tstop() called on NUS-LAPTOP at Wed Aug 16 17:03:12 2023
Module time:
	user time   =       0.99 seconds =       0.02 minutes
	system time =       0.01 seconds =       0.00 minutes
	total time  =          1 seconds =       0.02 minutes
Total time:
	user time   =       1.81 seconds =       0.03 minutes
	system time =       0.06 seconds =       0.00 minutes
	total time  =          2 seconds =       0.03 minutes
