
    -----------------------------------------------------------------------
          Psi4: An Open-Source Ab Initio Electronic Structure Package
                               Psi4 1.8 release

                         Git: Rev {} zzzzzzz 


    D. G. A. Smith, L. A. Burns, A. C. Simmonett, R. M. Parrish,
    M. C. Schieber, R. Galvelis, P. Kraus, H. Kruse, R. Di Remigio,
    A. Alenaizan, A. M. James, S. Lehtola, J. P. Misiewicz, M. Scheurer,
    R. A. Shaw, J. B. Schriber, Y. Xie, Z. L. Glick, D. A. Sirianni,
    J. S. O'Brien, J. M. Waldrop, A. Kumar, E. G. Hohenstein,
    B. P. Pritchard, B. R. Brooks, H. F. Schaefer III, A. Yu. Sokolov,
    K. Patkowski, A. E. DePrince III, U. Bozkaya, R. A. King,
    F. A. Evangelista, J. M. Turney, T. D. Crawford, C. D. Sherrill,
    J. Chem. Phys. 152(18) 184108 (2020). https://doi.org/10.1063/5.0006002

                            Additional Code Authors
    E. T. Seidl, C. L. Janssen, E. F. Valeev, M. L. Leininger,
    J. F. Gonthier, R. M. Richard, H. R. McAlexander, M. Saitow, X. Wang,
    P. Verma, M. H. Lechner, A. Jiang, S. Behnle, A. G. Heide,
    M. F. Herbst, and D. L. Poole

             Previous Authors, Complete List of Code Contributors,
                       and Citations for Specific Modules
    https://github.com/psi4/psi4/blob/master/codemeta.json
    https://github.com/psi4/psi4/graphs/contributors
    http://psicode.org/psi4manual/master/introduction.html#citing-psifour

    -----------------------------------------------------------------------


    Psi4 started on: Wednesday, 16 August 2023 05:03PM

    Process ID: 19122
    Host:       NUS-LAPTOP
    PSIDATADIR: /home/stephen/src/psi4conda/share/psi4
    Memory:     500.0 MiB
    Threads:    1
    
Scratch directory: /tmp/
   => Libint2 <=

    Primary   basis highest AM E, G, H:  5, 4, 3
    Auxiliary basis highest AM E, G, H:  6, 5, 4
    Onebody   basis highest AM E, G, H:  6, 5, 4
    Solid Harmonics ordering:            gaussian

*** tstart() called on NUS-LAPTOP
*** at Wed Aug 16 17:03:24 2023

   => Loading Basis Set <=

    Name: 6-31G
    Role: ORBITAL
    Keyword: BASIS
    atoms 1, 6 entry CL         line   294 file /home/stephen/src/psi4conda/share/psi4/basis/6-31g.gbs 
    atoms 2    entry C          line    87 file /home/stephen/src/psi4conda/share/psi4/basis/6-31g.gbs 
    atoms 3-5  entry H          line    26 file /home/stephen/src/psi4conda/share/psi4/basis/6-31g.gbs 


         ---------------------------------------------------------
                                   SCF
               by Justin Turney, Rob Parrish, Andy Simmonett
                          and Daniel G. A. Smith
                              UKS Reference
                        1 Threads,    500 MiB Core
         ---------------------------------------------------------

  ==> Geometry <==

    Molecular point group: c1
    Full point group: C1

    Geometry (in Angstrom), charge = -1, multiplicity = 1:

       Center              X                  Y                   Z               Mass       
    ------------   -----------------  -----------------  -----------------  -----------------
         CL           0.000046027316     0.019546118311     2.322497936162    34.968852682000
         C            0.000534027316     0.000506118311    -0.000091803838    12.000000000000
         H            0.761300707316    -0.750713061689     0.006374206162     1.007825032230
         H           -1.030429952684    -0.282703941689     0.002144196162     1.007825032230
         H            0.270749167316     1.034947938311    -0.008699823838     1.007825032230
         CL          -0.000275972684    -0.019763921689    -2.322461203838    34.968852682000

  Running in c1 symmetry.

  Rotational constants: A =      4.87744  B =      0.04448  C =      0.04448 [cm^-1]
  Rotational constants: A = 146222.07745  B =   1333.47885  C =   1333.47864 [MHz]
  Nuclear repulsion =  110.279564075081609

  Charge       = -1
  Multiplicity = 1
  Electrons    = 44
  Nalpha       = 22
  Nbeta        = 22

  ==> Algorithm <==

  SCF Algorithm Type is DF.
  DIIS enabled.
  MOM disabled.
  Fractional occupation disabled.
  Guess Type is SAD.
  Energy threshold   = 1.00e-08
  Density threshold  = 1.00e-06
  Integral threshold = 1.00e-12

  ==> Primary Basis <==

  Basis Set: 6-31G
    Blend: 6-31G
    Number of shells: 25
    Number of basis functions: 41
    Number of Cartesian functions: 41
    Spherical Harmonics?: false
    Max angular momentum: 1

  ==> DFT Potential <==

   => LibXC <=

    Version 6.1.0
    S. Lehtola, C. Steigemann, M. J.T. Oliveira, and M. A.L. Marques.,  SoftwareX 7, 1â€“5 (2018) (10.1016/j.softx.2017.11.002)

   => Composite Functional: PBE_CUSTOM <= 

    Perdew, Burke & Ernzerhof
    J. P. Perdew, K. Burke, and M. Ernzerhof.,  Phys. Rev. Lett. 77, 3865 (1996) (10.1103/PhysRevLett.77.3865)
    J. P. Perdew, K. Burke, and M. Ernzerhof.,  Phys. Rev. Lett. 78, 1396 (1997) (10.1103/PhysRevLett.78.1396)

    Deriv               =              1
    GGA                 =           TRUE
    Meta                =          FALSE

    Exchange Hybrid     =          FALSE
    MP2 Hybrid          =          FALSE

   => Exchange Functionals <=

    1.0000     XC_GGA_X_PBE

   => Correlation Functionals <=

    1.0000     XC_GGA_C_PBE

   => LibXC Density Thresholds  <==

    XC_GGA_C_PBE:  1.00E-12 
    XC_GGA_X_PBE:  1.00E-15 

   => Molecular Quadrature <=

    Radial Scheme          =       TREUTLER
    Pruning Scheme         =           NONE
    Nuclear Scheme         =       TREUTLER

    Blocking Scheme        =         OCTREE
    BS radius alpha        =              1
    Pruning alpha          =              1
    Radial Points          =             75
    Spherical Points       =            302
    Total Points           =         127199
    Total Blocks           =           1021
    Max Points             =            256
    Max Functions          =             36
    Weights Tolerance      =       1.00E-15

   => Loading Basis Set <=

    Name: (6-31G AUX)
    Role: JKFIT
    Keyword: DF_BASIS_SCF
    atoms 1, 6 entry CL         line   667 file /home/stephen/src/psi4conda/share/psi4/basis/cc-pvdz-jkfit.gbs 
    atoms 2    entry C          line   121 file /home/stephen/src/psi4conda/share/psi4/basis/cc-pvdz-jkfit.gbs 
    atoms 3-5  entry H          line    51 file /home/stephen/src/psi4conda/share/psi4/basis/cc-pvdz-jkfit.gbs 

  ==> Integral Setup <==

  DFHelper Memory: AOs need 0.007 GiB; user supplied 0.249 GiB. 
  Using in-core AOs.

  ==> MemDFJK: Density-Fitted J/K Matrices <==

    J tasked:                   Yes
    K tasked:                    No
    wK tasked:                   No
    OpenMP threads:               1
    Memory [MiB]:               254
    Algorithm:                 Core
    Schwarz Cutoff:           1E-12
    Mask sparsity (%):       6.5437
    Fitting Condition:        1E-10

   => Auxiliary Basis Set <=

  Basis Set: (6-31G AUX)
    Blend: CC-PVDZ-JKFIT
    Number of shells: 123
    Number of basis functions: 416
    Number of Cartesian functions: 416
    Spherical Harmonics?: false
    Max angular momentum: 3

  Cached 100.0% of DFT collocation blocks in 0.118 [GiB].

  Minimum eigenvalue in the overlap matrix is 2.5087087052E-02.
  Reciprocal condition number of the overlap matrix is 5.8047217059E-03.
    Using symmetric orthogonalization.

  ==> Pre-Iterations <==

  SCF Guess: Superposition of Atomic Densities via on-the-fly atomic UHF (no occupation information).

   -------------------------
    Irrep   Nso     Nmo    
   -------------------------
     A         41      41 
   -------------------------
    Total      41      41
   -------------------------

  ==> Iterations <==

                           Total Energy        Delta E     RMS |[F,P]|

   @DF-UKS iter SAD:  -959.19330217445724   -9.59193e+02   0.00000e+00 
   @DF-UKS iter   1:  -959.67823308097763   -4.84931e-01   1.38253e-02 DIIS/ADIIS
   @DF-UKS iter   2:  -959.56716570325716    1.11067e-01   1.67710e-02 DIIS/ADIIS
   @DF-UKS iter   3:  -959.86496136145297   -2.97796e-01   3.30404e-03 DIIS/ADIIS
   @DF-UKS iter   4:  -959.87664494165961   -1.16836e-02   5.41223e-04 DIIS/ADIIS
   @DF-UKS iter   5:  -959.87698971418877   -3.44773e-04   4.33241e-05 DIIS
   @DF-UKS iter   6:  -959.87699212326766   -2.40908e-06   1.95010e-06 DIIS
   @DF-UKS iter   7:  -959.87699212680468   -3.53702e-09   1.32907e-06 DIIS
   @DF-UKS iter   8:  -959.87699212909479   -2.29011e-09   4.19141e-07 DIIS
  Energy and wave function converged.


  ==> Post-Iterations <==

   Electrons on quadrature grid:
      Nalpha   =   22.0000014119 ; deviation = 1.412e-06
      Nbeta    =   22.0000014119 ; deviation = 1.412e-06
      Ntotal   =   44.0000028239 ; deviation = 2.824e-06 

   @Spin Contamination Metric:  -6.394884622E-14
   @S^2 Expected:                0.000000000E+00
   @S^2 Observed:               -6.394884622E-14
   @S   Expected:                0.000000000E+00
   @S   Observed:                0.000000000E+00

    Orbital Energies [Eh]
    ---------------------

    Alpha Occupied:                                                       

       1A   -100.413761     2A   -100.413730     3A     -9.779261  
       4A     -8.925754     5A     -8.925717     6A     -6.747745  
       7A     -6.747704     8A     -6.741879     9A     -6.741879  
      10A     -6.741847    11A     -6.741847    12A     -0.516659  
      13A     -0.483817    14A     -0.432674    15A     -0.233622  
      16A     -0.233618    17A     -0.124495    18A     -0.050118  
      19A     -0.050117    20A     -0.042644    21A     -0.042640  
      22A     -0.040928  

    Alpha Virtual:                                                        

      23A      0.118386    24A      0.235920    25A      0.301207  
      26A      0.301235    27A      0.549529    28A      0.550432  
      29A      0.613707    30A      0.613710    31A      0.615347  
      32A      0.615388    33A      0.679603    34A      0.718157  
      35A      0.718817    36A      0.718895    37A      0.949047  
      38A      1.071407    39A      1.071454    40A      1.085589  
      41A      1.199253  

    Beta Occupied:                                                        

       1A   -100.413761     2A   -100.413730     3A     -9.779261  
       4A     -8.925754     5A     -8.925717     6A     -6.747745  
       7A     -6.747704     8A     -6.741879     9A     -6.741879  
      10A     -6.741847    11A     -6.741847    12A     -0.516659  
      13A     -0.483817    14A     -0.432674    15A     -0.233622  
      16A     -0.233618    17A     -0.124495    18A     -0.050118  
      19A     -0.050117    20A     -0.042644    21A     -0.042640  
      22A     -0.040928  

    Beta Virtual:                                                         

      23A      0.118386    24A      0.235920    25A      0.301207  
      26A      0.301235    27A      0.549529    28A      0.550432  
      29A      0.613707    30A      0.613710    31A      0.615347  
      32A      0.615388    33A      0.679603    34A      0.718157  
      35A      0.718817    36A      0.718895    37A      0.949047  
      38A      1.071407    39A      1.071454    40A      1.085589  
      41A      1.199253  

    Final Occupation by Irrep:
              A 
    DOCC [    22 ]
    SOCC [     0 ]
    NA   [    22 ]
    NB   [    22 ]

  @DF-UKS Final Energy:  -959.87699212909479

   => Energetics <=

    Nuclear Repulsion Energy =            110.2795640750816091
    One-Electron Energy =               -1553.5113015088411430
    Two-Electron Energy =                 546.1591601949006645
    DFT Exchange-Correlation Energy =     -62.8044148902359751
    Empirical Dispersion Energy =           0.0000000000000000
    VV10 Nonlocal Energy =                  0.0000000000000000
    Total Energy =                       -959.8769921290947877

  UHF NO Occupations:
  HONO-2 :   20  A 2.0000000
  HONO-1 :   21  A 2.0000000
  HONO-0 :   22  A 2.0000000
  LUNO+0 :   23  A 0.0000000
  LUNO+1 :   24  A 0.0000000
  LUNO+2 :   25  A 0.0000000
  LUNO+3 :   26  A 0.0000000


Computation Completed


Properties will be evaluated at   0.000000,   0.000000,   0.000000 [a0]

Properties computed using the SCF density matrix


 Multipole Moments:

 ------------------------------------------------------------------------------------
     Multipole            Electronic (a.u.)      Nuclear  (a.u.)        Total (a.u.)
 ------------------------------------------------------------------------------------

 L = 1.  Multiply by 2.5417464519 to convert [e a0] to [Debye]
 Dipole X            :         -0.0012299            0.0017291            0.0004993
 Dipole Y            :         -0.0011706            0.0016346            0.0004640
 Dipole Z            :         -0.0003244           -0.0002037           -0.0005281
 Magnitude           :                                                    0.0008622

 ------------------------------------------------------------------------------------

*** tstop() called on NUS-LAPTOP at Wed Aug 16 17:03:25 2023
Module time:
	user time   =       1.28 seconds =       0.02 minutes
	system time =       0.02 seconds =       0.00 minutes
	total time  =          1 seconds =       0.02 minutes
Total time:
	user time   =      15.36 seconds =       0.26 minutes
	system time =       0.24 seconds =       0.00 minutes
	total time  =         15 seconds =       0.25 minutes
