
    -----------------------------------------------------------------------
          Psi4: An Open-Source Ab Initio Electronic Structure Package
                               Psi4 1.8 release

                         Git: Rev {} zzzzzzz 


    D. G. A. Smith, L. A. Burns, A. C. Simmonett, R. M. Parrish,
    M. C. Schieber, R. Galvelis, P. Kraus, H. Kruse, R. Di Remigio,
    A. Alenaizan, A. M. James, S. Lehtola, J. P. Misiewicz, M. Scheurer,
    R. A. Shaw, J. B. Schriber, Y. Xie, Z. L. Glick, D. A. Sirianni,
    J. S. O'Brien, J. M. Waldrop, A. Kumar, E. G. Hohenstein,
    B. P. Pritchard, B. R. Brooks, H. F. Schaefer III, A. Yu. Sokolov,
    K. Patkowski, A. E. DePrince III, U. Bozkaya, R. A. King,
    F. A. Evangelista, J. M. Turney, T. D. Crawford, C. D. Sherrill,
    J. Chem. Phys. 152(18) 184108 (2020). https://doi.org/10.1063/5.0006002

                            Additional Code Authors
    E. T. Seidl, C. L. Janssen, E. F. Valeev, M. L. Leininger,
    J. F. Gonthier, R. M. Richard, H. R. McAlexander, M. Saitow, X. Wang,
    P. Verma, M. H. Lechner, A. Jiang, S. Behnle, A. G. Heide,
    M. F. Herbst, and D. L. Poole

             Previous Authors, Complete List of Code Contributors,
                       and Citations for Specific Modules
    https://github.com/psi4/psi4/blob/master/codemeta.json
    https://github.com/psi4/psi4/graphs/contributors
    http://psicode.org/psi4manual/master/introduction.html#citing-psifour

    -----------------------------------------------------------------------


    Psi4 started on: Wednesday, 16 August 2023 05:03PM

    Process ID: 19122
    Host:       NUS-LAPTOP
    PSIDATADIR: /home/stephen/src/psi4conda/share/psi4
    Memory:     500.0 MiB
    Threads:    1
    
Scratch directory: /tmp/
   => Libint2 <=

    Primary   basis highest AM E, G, H:  5, 4, 3
    Auxiliary basis highest AM E, G, H:  6, 5, 4
    Onebody   basis highest AM E, G, H:  6, 5, 4
    Solid Harmonics ordering:            gaussian

*** tstart() called on NUS-LAPTOP
*** at Wed Aug 16 17:04:25 2023

   => Loading Basis Set <=

    Name: 6-31G
    Role: ORBITAL
    Keyword: BASIS
    atoms 1   entry C          line    87 file /home/stephen/src/psi4conda/share/psi4/basis/6-31g.gbs 
    atoms 2   entry N          line   102 file /home/stephen/src/psi4conda/share/psi4/basis/6-31g.gbs 
    atoms 3-8 entry H          line    26 file /home/stephen/src/psi4conda/share/psi4/basis/6-31g.gbs 


         ---------------------------------------------------------
                                   SCF
               by Justin Turney, Rob Parrish, Andy Simmonett
                          and Daniel G. A. Smith
                              UKS Reference
                        1 Threads,    500 MiB Core
         ---------------------------------------------------------

  ==> Geometry <==

    Molecular point group: c1
    Full point group: C1

    Geometry (in Angstrom), charge = 0, multiplicity = 2:

       Center              X                  Y                   Z               Mass       
    ------------   -----------------  -----------------  -----------------  -----------------
         C           -1.311281810874    -0.000003854396     0.039661872374    12.000000000000
         N            1.262720989126    -0.000002854396    -0.109411377626    14.003074004430
         H           -1.634519150874     0.908541275604    -0.457373467626     1.007825032230
         H           -1.514205410874    -0.004570854396     1.104675212374     1.007825032230
         H           -1.635281170874    -0.903880224396    -0.465329117626     1.007825032230
         H           -0.007424900874    -0.000061854396    -0.124320947626     1.007825032230
         H            1.429925129126     0.805579255604     0.495122292374     1.007825032230
         H            1.430025669126    -0.805522044396     0.495178912374     1.007825032230

  Running in c1 symmetry.

  Rotational constants: A =      3.18883  B =      0.29504  C =      0.29177 [cm^-1]
  Rotational constants: A =  95598.84693  B =   8845.16276  C =   8747.16120 [MHz]
  Nuclear repulsion =   39.428413505358378

  Charge       = 0
  Multiplicity = 2
  Electrons    = 19
  Nalpha       = 10
  Nbeta        = 9

  ==> Algorithm <==

  SCF Algorithm Type is DF.
  DIIS enabled.
  MOM disabled.
  Fractional occupation disabled.
  Guess Type is SAD.
  Energy threshold   = 1.00e-08
  Density threshold  = 1.00e-06
  Integral threshold = 1.00e-12

  ==> Primary Basis <==

  Basis Set: 6-31G
    Blend: 6-31G
    Number of shells: 22
    Number of basis functions: 30
    Number of Cartesian functions: 30
    Spherical Harmonics?: false
    Max angular momentum: 1

  ==> DFT Potential <==

   => LibXC <=

    Version 6.1.0
    S. Lehtola, C. Steigemann, M. J.T. Oliveira, and M. A.L. Marques.,  SoftwareX 7, 1â€“5 (2018) (10.1016/j.softx.2017.11.002)

   => Composite Functional: PBE_CUSTOM <= 

    Perdew, Burke & Ernzerhof
    J. P. Perdew, K. Burke, and M. Ernzerhof.,  Phys. Rev. Lett. 77, 3865 (1996) (10.1103/PhysRevLett.77.3865)
    J. P. Perdew, K. Burke, and M. Ernzerhof.,  Phys. Rev. Lett. 78, 1396 (1997) (10.1103/PhysRevLett.78.1396)

    Deriv               =              1
    GGA                 =           TRUE
    Meta                =          FALSE

    Exchange Hybrid     =          FALSE
    MP2 Hybrid          =          FALSE

   => Exchange Functionals <=

    1.0000     XC_GGA_X_PBE

   => Correlation Functionals <=

    1.0000     XC_GGA_C_PBE

   => LibXC Density Thresholds  <==

    XC_GGA_C_PBE:  1.00E-12 
    XC_GGA_X_PBE:  1.00E-15 

   => Molecular Quadrature <=

    Radial Scheme          =       TREUTLER
    Pruning Scheme         =           NONE
    Nuclear Scheme         =       TREUTLER

    Blocking Scheme        =         OCTREE
    BS radius alpha        =              1
    Pruning alpha          =              1
    Radial Points          =             75
    Spherical Points       =            302
    Total Points           =         173141
    Total Blocks           =           1343
    Max Points             =            256
    Max Functions          =             30
    Weights Tolerance      =       1.00E-15

   => Loading Basis Set <=

    Name: (6-31G AUX)
    Role: JKFIT
    Keyword: DF_BASIS_SCF
    atoms 1   entry C          line   121 file /home/stephen/src/psi4conda/share/psi4/basis/cc-pvdz-jkfit.gbs 
    atoms 2   entry N          line   171 file /home/stephen/src/psi4conda/share/psi4/basis/cc-pvdz-jkfit.gbs 
    atoms 3-8 entry H          line    51 file /home/stephen/src/psi4conda/share/psi4/basis/cc-pvdz-jkfit.gbs 

  ==> Integral Setup <==

  DFHelper Memory: AOs need 0.003 GiB; user supplied 0.225 GiB. 
  Using in-core AOs.

  ==> MemDFJK: Density-Fitted J/K Matrices <==

    J tasked:                   Yes
    K tasked:                    No
    wK tasked:                   No
    OpenMP threads:               1
    Memory [MiB]:               229
    Algorithm:                 Core
    Schwarz Cutoff:           1E-12
    Mask sparsity (%):       0.2222
    Fitting Condition:        1E-10

   => Auxiliary Basis Set <=

  Basis Set: (6-31G AUX)
    Blend: CC-PVDZ-JKFIT
    Number of shells: 102
    Number of basis functions: 312
    Number of Cartesian functions: 312
    Spherical Harmonics?: false
    Max angular momentum: 3

  Cached 100.0% of DFT collocation blocks in 0.142 [GiB].

  Minimum eigenvalue in the overlap matrix is 8.9672208854E-03.
  Reciprocal condition number of the overlap matrix is 1.9479947476E-03.
    Using symmetric orthogonalization.

  ==> Pre-Iterations <==

  SCF Guess: Superposition of Atomic Densities via on-the-fly atomic UHF (no occupation information).

   -------------------------
    Irrep   Nso     Nmo    
   -------------------------
     A         30      30 
   -------------------------
    Total      30      30
   -------------------------

  ==> Iterations <==

                           Total Energy        Delta E     RMS |[F,P]|

   @DF-UKS iter SAD:   -95.64896342665649   -9.56490e+01   0.00000e+00 
   @DF-UKS iter   1:   -95.89875040021387   -2.49787e-01   2.62006e-02 DIIS/ADIIS
   @DF-UKS iter   2:   -95.56126082208392    3.37490e-01   3.58275e-02 DIIS/ADIIS
   @DF-UKS iter   3:   -96.19403001518398   -6.32769e-01   5.26495e-03 DIIS/ADIIS
   @DF-UKS iter   4:   -96.20155247849996   -7.52246e-03   3.67698e-03 DIIS/ADIIS
   @DF-UKS iter   5:   -96.20876890358952   -7.21643e-03   2.56025e-04 DIIS/ADIIS
   @DF-UKS iter   6:   -96.20881875468498   -4.98511e-05   6.96867e-05 DIIS
   @DF-UKS iter   7:   -96.20882234680349   -3.59212e-06   1.40124e-05 DIIS
   @DF-UKS iter   8:   -96.20882249428084   -1.47477e-07   2.19151e-06 DIIS
   @DF-UKS iter   9:   -96.20882249861945   -4.33862e-09   4.20247e-07 DIIS
  Energy and wave function converged.


  ==> Post-Iterations <==

   Electrons on quadrature grid:
      Nalpha   =   10.0000000682 ; deviation = 6.816e-08
      Nbeta    =    8.9999996805 ; deviation = -3.195e-07
      Ntotal   =   18.9999997486 ; deviation = -2.514e-07 

   @Spin Contamination Metric:   3.277822596E-03
   @S^2 Expected:                7.500000000E-01
   @S^2 Observed:                7.532778226E-01
   @S   Expected:                5.000000000E-01
   @S   Observed:                5.000000000E-01

    Orbital Energies [Eh]
    ---------------------

    Alpha Occupied:                                                       

       1A    -13.993927     2A     -9.883154     3A     -0.787070  
       4A     -0.626798     5A     -0.418289     6A     -0.394049  
       7A     -0.360460     8A     -0.358509     9A     -0.232830  
      10A     -0.181199  

    Alpha Virtual:                                                        

      11A      0.056329    12A      0.107894    13A      0.130144  
      14A      0.146704    15A      0.150434    16A      0.273564  
      17A      0.482947    18A      0.492350    19A      0.524501  
      20A      0.672152    21A      0.719588    22A      0.724944  
      23A      0.841825    24A      0.856532    25A      0.889556  
      26A      0.897017    27A      0.898588    28A      0.972833  
      29A      1.193346    30A      1.527863  

    Beta Occupied:                                                        

       1A    -13.982709     2A     -9.875553     3A     -0.762518  
       4A     -0.609753     5A     -0.410449     6A     -0.371661  
       7A     -0.353496     8A     -0.352179     9A     -0.212690  

    Beta Virtual:                                                         

      10A     -0.125322    11A      0.062686    12A      0.114136  
      13A      0.134547    14A      0.151802    15A      0.155488  
      16A      0.289419    17A      0.487485    18A      0.499532  
      19A      0.556756    20A      0.698583    21A      0.723441  
      22A      0.741361    23A      0.846536    24A      0.862099  
      25A      0.895565    26A      0.900896    27A      0.908010  
      28A      0.977067    29A      1.209259    30A      1.540764  

    Final Occupation by Irrep:
              A 
    DOCC [     9 ]
    SOCC [     1 ]
    NA   [    10 ]
    NB   [     9 ]

  @DF-UKS Final Energy:   -96.20882249861945

   => Energetics <=

    Nuclear Repulsion Energy =             39.4284135053583782
    One-Electron Energy =                -206.8331716356021275
    Two-Electron Energy =                  85.5667573746660963
    DFT Exchange-Correlation Energy =     -14.3708217430417964
    Empirical Dispersion Energy =           0.0000000000000000
    VV10 Nonlocal Energy =                  0.0000000000000000
    Total Energy =                        -96.2088224986194547

  UHF NO Occupations:
  HONO-2 :    8  A 1.9998530
  HONO-1 :    9  A 1.9989281
  HONO-0 :   10  A 1.0000000
  LUNO+0 :   11  A 0.0010719
  LUNO+1 :   12  A 0.0001470
  LUNO+2 :   13  A 0.0001186
  LUNO+3 :   14  A 0.0001089


Computation Completed


Properties will be evaluated at   0.000000,   0.000000,   0.000000 [a0]

Properties computed using the SCF density matrix


 Multipole Moments:

 ------------------------------------------------------------------------------------
     Multipole            Electronic (a.u.)      Nuclear  (a.u.)        Total (a.u.)
 ------------------------------------------------------------------------------------

 L = 1.  Multiply by 2.5417464519 to convert [e a0] to [Debye]
 Dipole X            :          1.6162481           -1.8143710           -0.1981229
 Dipole Y            :         -0.0000511            0.0000802            0.0000291
 Dipole Z            :         -0.2116300            0.9827416            0.7711117
 Magnitude           :                                                    0.7961569

 ------------------------------------------------------------------------------------

*** tstop() called on NUS-LAPTOP at Wed Aug 16 17:04:27 2023
Module time:
	user time   =       1.96 seconds =       0.03 minutes
	system time =       0.05 seconds =       0.00 minutes
	total time  =          2 seconds =       0.03 minutes
Total time:
	user time   =      75.57 seconds =       1.26 minutes
	system time =       1.17 seconds =       0.02 minutes
	total time  =         77 seconds =       1.28 minutes
