
    -----------------------------------------------------------------------
          Psi4: An Open-Source Ab Initio Electronic Structure Package
                               Psi4 1.8 release

                         Git: Rev {} zzzzzzz 


    D. G. A. Smith, L. A. Burns, A. C. Simmonett, R. M. Parrish,
    M. C. Schieber, R. Galvelis, P. Kraus, H. Kruse, R. Di Remigio,
    A. Alenaizan, A. M. James, S. Lehtola, J. P. Misiewicz, M. Scheurer,
    R. A. Shaw, J. B. Schriber, Y. Xie, Z. L. Glick, D. A. Sirianni,
    J. S. O'Brien, J. M. Waldrop, A. Kumar, E. G. Hohenstein,
    B. P. Pritchard, B. R. Brooks, H. F. Schaefer III, A. Yu. Sokolov,
    K. Patkowski, A. E. DePrince III, U. Bozkaya, R. A. King,
    F. A. Evangelista, J. M. Turney, T. D. Crawford, C. D. Sherrill,
    J. Chem. Phys. 152(18) 184108 (2020). https://doi.org/10.1063/5.0006002

                            Additional Code Authors
    E. T. Seidl, C. L. Janssen, E. F. Valeev, M. L. Leininger,
    J. F. Gonthier, R. M. Richard, H. R. McAlexander, M. Saitow, X. Wang,
    P. Verma, M. H. Lechner, A. Jiang, S. Behnle, A. G. Heide,
    M. F. Herbst, and D. L. Poole

             Previous Authors, Complete List of Code Contributors,
                       and Citations for Specific Modules
    https://github.com/psi4/psi4/blob/master/codemeta.json
    https://github.com/psi4/psi4/graphs/contributors
    http://psicode.org/psi4manual/master/introduction.html#citing-psifour

    -----------------------------------------------------------------------


    Psi4 started on: Wednesday, 16 August 2023 05:03PM

    Process ID: 19122
    Host:       NUS-LAPTOP
    PSIDATADIR: /home/stephen/src/psi4conda/share/psi4
    Memory:     500.0 MiB
    Threads:    1
    
Scratch directory: /tmp/
   => Libint2 <=

    Primary   basis highest AM E, G, H:  5, 4, 3
    Auxiliary basis highest AM E, G, H:  6, 5, 4
    Onebody   basis highest AM E, G, H:  6, 5, 4
    Solid Harmonics ordering:            gaussian

*** tstart() called on NUS-LAPTOP
*** at Wed Aug 16 17:04:15 2023

   => Loading Basis Set <=

    Name: 6-31G
    Role: ORBITAL
    Keyword: BASIS
    atoms 1 entry CL         line   294 file /home/stephen/src/psi4conda/share/psi4/basis/6-31g.gbs 
    atoms 2 entry H          line    26 file /home/stephen/src/psi4conda/share/psi4/basis/6-31g.gbs 
    atoms 3 entry O          line   117 file /home/stephen/src/psi4conda/share/psi4/basis/6-31g.gbs 


         ---------------------------------------------------------
                                   SCF
               by Justin Turney, Rob Parrish, Andy Simmonett
                          and Daniel G. A. Smith
                              UKS Reference
                        1 Threads,    500 MiB Core
         ---------------------------------------------------------

  ==> Geometry <==

    Molecular point group: c1
    Full point group: Cs

    Geometry (in Angstrom), charge = 0, multiplicity = 3:

       Center              X                  Y                   Z               Mass       
    ------------   -----------------  -----------------  -----------------  -----------------
         CL           0.009488591197    -0.791031156013     0.000000000000    34.968852682000
         H           -0.479819748803     0.595751913987     0.000000000000     1.007825032230
         O            0.009488591197     1.691852623987     0.000000000000    15.994914619570

  Running in c1 symmetry.

  Rotational constants: A =     71.62983  B =      0.24782  C =      0.24697 [cm^-1]
  Rotational constants: A = 2147408.36235  B =   7429.49530  C =   7403.87973 [MHz]
  Nuclear repulsion =   38.629831120978771

  Charge       = 0
  Multiplicity = 3
  Electrons    = 26
  Nalpha       = 14
  Nbeta        = 12

  ==> Algorithm <==

  SCF Algorithm Type is DF.
  DIIS enabled.
  MOM disabled.
  Fractional occupation disabled.
  Guess Type is SAD.
  Energy threshold   = 1.00e-08
  Density threshold  = 1.00e-06
  Integral threshold = 1.00e-12

  ==> Primary Basis <==

  Basis Set: 6-31G
    Blend: 6-31G
    Number of shells: 14
    Number of basis functions: 24
    Number of Cartesian functions: 24
    Spherical Harmonics?: false
    Max angular momentum: 1

  ==> DFT Potential <==

   => LibXC <=

    Version 6.1.0
    S. Lehtola, C. Steigemann, M. J.T. Oliveira, and M. A.L. Marques.,  SoftwareX 7, 1â€“5 (2018) (10.1016/j.softx.2017.11.002)

   => Composite Functional: PBE_CUSTOM <= 

    Perdew, Burke & Ernzerhof
    J. P. Perdew, K. Burke, and M. Ernzerhof.,  Phys. Rev. Lett. 77, 3865 (1996) (10.1103/PhysRevLett.77.3865)
    J. P. Perdew, K. Burke, and M. Ernzerhof.,  Phys. Rev. Lett. 78, 1396 (1997) (10.1103/PhysRevLett.78.1396)

    Deriv               =              1
    GGA                 =           TRUE
    Meta                =          FALSE

    Exchange Hybrid     =          FALSE
    MP2 Hybrid          =          FALSE

   => Exchange Functionals <=

    1.0000     XC_GGA_X_PBE

   => Correlation Functionals <=

    1.0000     XC_GGA_C_PBE

   => LibXC Density Thresholds  <==

    XC_GGA_C_PBE:  1.00E-12 
    XC_GGA_X_PBE:  1.00E-15 

   => Molecular Quadrature <=

    Radial Scheme          =       TREUTLER
    Pruning Scheme         =           NONE
    Nuclear Scheme         =       TREUTLER

    Blocking Scheme        =         OCTREE
    BS radius alpha        =              1
    Pruning alpha          =              1
    Radial Points          =             75
    Spherical Points       =            302
    Total Points           =          63973
    Total Blocks           =            541
    Max Points             =            256
    Max Functions          =             23
    Weights Tolerance      =       1.00E-15

   => Loading Basis Set <=

    Name: (6-31G AUX)
    Role: JKFIT
    Keyword: DF_BASIS_SCF
    atoms 1 entry CL         line   667 file /home/stephen/src/psi4conda/share/psi4/basis/cc-pvdz-jkfit.gbs 
    atoms 2 entry H          line    51 file /home/stephen/src/psi4conda/share/psi4/basis/cc-pvdz-jkfit.gbs 
    atoms 3 entry O          line   221 file /home/stephen/src/psi4conda/share/psi4/basis/cc-pvdz-jkfit.gbs 

  ==> Integral Setup <==

  DFHelper Memory: AOs need 0.002 GiB; user supplied 0.328 GiB. 
  Using in-core AOs.

  ==> MemDFJK: Density-Fitted J/K Matrices <==

    J tasked:                   Yes
    K tasked:                    No
    wK tasked:                   No
    OpenMP threads:               1
    Memory [MiB]:               335
    Algorithm:                 Core
    Schwarz Cutoff:           1E-12
    Mask sparsity (%):       1.7361
    Fitting Condition:        1E-10

   => Auxiliary Basis Set <=

  Basis Set: (6-31G AUX)
    Blend: CC-PVDZ-JKFIT
    Number of shells: 69
    Number of basis functions: 236
    Number of Cartesian functions: 236
    Spherical Harmonics?: false
    Max angular momentum: 3

  Cached 100.0% of DFT collocation blocks in 0.039 [GiB].

  Minimum eigenvalue in the overlap matrix is 3.6308632695E-02.
  Reciprocal condition number of the overlap matrix is 1.0766923413E-02.
    Using symmetric orthogonalization.

  ==> Pre-Iterations <==

  SCF Guess: Superposition of Atomic Densities via on-the-fly atomic UHF (no occupation information).

   -------------------------
    Irrep   Nso     Nmo    
   -------------------------
     A         24      24 
   -------------------------
    Total      24      24
   -------------------------

  ==> Iterations <==

                           Total Energy        Delta E     RMS |[F,P]|

   @DF-UKS iter SAD:  -535.25777389131872   -5.35258e+02   0.00000e+00 
   @DF-UKS iter   1:  -535.18779759105826    6.99763e-02   3.36363e-02 DIIS/ADIIS
   @DF-UKS iter   2:  -533.27663455101015    1.91116e+00   7.92354e-02 DIIS/ADIIS
   @DF-UKS iter   3:  -535.27148691681077   -1.99485e+00   2.76419e-02 DIIS/ADIIS
   @DF-UKS iter   4:  -535.55284798217190   -2.81361e-01   3.16462e-03 DIIS/ADIIS
   @DF-UKS iter   5:  -535.53950112391760    1.33469e-02   6.21445e-03 DIIS/ADIIS
   @DF-UKS iter   6:  -535.55619098280658   -1.66899e-02   9.93031e-04 DIIS/ADIIS
   @DF-UKS iter   7:  -535.55654087686321   -3.49894e-04   2.55440e-04 DIIS/ADIIS
   @DF-UKS iter   8:  -535.55657114509756   -3.02682e-05   4.87209e-05 DIIS
   @DF-UKS iter   9:  -535.55657204620604   -9.01108e-07   2.26427e-05 DIIS
   @DF-UKS iter  10:  -535.55657224082552   -1.94619e-07   3.20607e-06 DIIS
   @DF-UKS iter  11:  -535.55657224372010   -2.89458e-09   1.47128e-06 DIIS
   @DF-UKS iter  12:  -535.55657224454114   -8.21046e-10   1.57268e-07 DIIS
  Energy and wave function converged.


  ==> Post-Iterations <==

   Electrons on quadrature grid:
      Nalpha   =   13.9999999468 ; deviation = -5.324e-08
      Nbeta    =   12.0000000806 ; deviation = 8.065e-08
      Ntotal   =   26.0000000274 ; deviation = 2.741e-08 

   @Spin Contamination Metric:   3.374627845E-03
   @S^2 Expected:                2.000000000E+00
   @S^2 Observed:                2.003374628E+00
   @S   Expected:                1.000000000E+00
   @S   Observed:                1.000000000E+00

    Orbital Energies [Eh]
    ---------------------

    Alpha Occupied:                                                       

       1A   -100.685548     2A    -18.913056     3A     -9.203074  
       4A     -7.027782     5A     -7.018348     6A     -7.017144  
       7A     -0.962587     8A     -0.777831     9A     -0.484611  
      10A     -0.395926    11A     -0.366154    12A     -0.317207  
      13A     -0.311353    14A     -0.308218  

    Alpha Virtual:                                                        

      15A      0.066007    16A      0.352391    17A      0.386498  
      18A      0.397435    19A      0.432205    20A      0.620549  
      21A      0.740070    22A      0.824725    23A      0.875221  
      24A      1.189244  

    Beta Occupied:                                                        

       1A   -100.682334     2A    -18.877344     3A     -9.200014  
       4A     -7.021521     5A     -7.014558     6A     -7.014518  
       7A     -0.881451     8A     -0.752150     9A     -0.449244  
      10A     -0.311229    11A     -0.304020    12A     -0.292634  

    Beta Virtual:                                                         

      13A     -0.260619    14A     -0.250345    15A      0.080079  
      16A      0.362025    17A      0.397029    18A      0.409751  
      19A      0.442246    20A      0.637979    21A      0.825481  
      22A      0.858350    23A      0.922974    24A      1.244834  

    Final Occupation by Irrep:
              A 
    DOCC [    12 ]
    SOCC [     2 ]
    NA   [    14 ]
    NB   [    12 ]

  @DF-UKS Final Energy:  -535.55657224454114

   => Energetics <=

    Nuclear Repulsion Energy =             38.6298311209787713
    One-Electron Energy =                -815.7020385349867411
    Two-Electron Energy =                 278.3097680532750360
    DFT Exchange-Correlation Energy =     -36.7941328838082526
    Empirical Dispersion Energy =           0.0000000000000000
    VV10 Nonlocal Energy =                  0.0000000000000000
    Total Energy =                       -535.5565722445411438

  UHF NO Occupations:
  HONO-2 :   12  A 1.9990138
  HONO-1 :   13  A 1.0000000
  HONO-0 :   14  A 1.0000000
  LUNO+0 :   15  A 0.0009862
  LUNO+1 :   16  A 0.0003039
  LUNO+2 :   17  A 0.0002068
  LUNO+3 :   18  A 0.0001744


Computation Completed


Properties will be evaluated at   0.000000,   0.000000,   0.000000 [a0]

Properties computed using the SCF density matrix


 Multipole Moments:

 ------------------------------------------------------------------------------------
     Multipole            Electronic (a.u.)      Nuclear  (a.u.)        Total (a.u.)
 ------------------------------------------------------------------------------------

 L = 1.  Multiply by 2.5417464519 to convert [e a0] to [Debye]
 Dipole X            :          0.0940242           -0.4584569           -0.3644328
 Dipole Y            :         -1.0625283            1.2907647            0.2282364
 Dipole Z            :          0.0000000            0.0000000            0.0000000
 Magnitude           :                                                    0.4300036

 ------------------------------------------------------------------------------------

*** tstop() called on NUS-LAPTOP at Wed Aug 16 17:04:16 2023
Module time:
	user time   =       0.88 seconds =       0.01 minutes
	system time =       0.02 seconds =       0.00 minutes
	total time  =          1 seconds =       0.02 minutes
Total time:
	user time   =      64.56 seconds =       1.08 minutes
	system time =       1.01 seconds =       0.02 minutes
	total time  =         66 seconds =       1.10 minutes
