
    -----------------------------------------------------------------------
          Psi4: An Open-Source Ab Initio Electronic Structure Package
                               Psi4 1.8 release

                         Git: Rev {} zzzzzzz 


    D. G. A. Smith, L. A. Burns, A. C. Simmonett, R. M. Parrish,
    M. C. Schieber, R. Galvelis, P. Kraus, H. Kruse, R. Di Remigio,
    A. Alenaizan, A. M. James, S. Lehtola, J. P. Misiewicz, M. Scheurer,
    R. A. Shaw, J. B. Schriber, Y. Xie, Z. L. Glick, D. A. Sirianni,
    J. S. O'Brien, J. M. Waldrop, A. Kumar, E. G. Hohenstein,
    B. P. Pritchard, B. R. Brooks, H. F. Schaefer III, A. Yu. Sokolov,
    K. Patkowski, A. E. DePrince III, U. Bozkaya, R. A. King,
    F. A. Evangelista, J. M. Turney, T. D. Crawford, C. D. Sherrill,
    J. Chem. Phys. 152(18) 184108 (2020). https://doi.org/10.1063/5.0006002

                            Additional Code Authors
    E. T. Seidl, C. L. Janssen, E. F. Valeev, M. L. Leininger,
    J. F. Gonthier, R. M. Richard, H. R. McAlexander, M. Saitow, X. Wang,
    P. Verma, M. H. Lechner, A. Jiang, S. Behnle, A. G. Heide,
    M. F. Herbst, and D. L. Poole

             Previous Authors, Complete List of Code Contributors,
                       and Citations for Specific Modules
    https://github.com/psi4/psi4/blob/master/codemeta.json
    https://github.com/psi4/psi4/graphs/contributors
    http://psicode.org/psi4manual/master/introduction.html#citing-psifour

    -----------------------------------------------------------------------


    Psi4 started on: Wednesday, 16 August 2023 05:03PM

    Process ID: 19122
    Host:       NUS-LAPTOP
    PSIDATADIR: /home/stephen/src/psi4conda/share/psi4
    Memory:     500.0 MiB
    Threads:    1
    
Scratch directory: /tmp/
   => Libint2 <=

    Primary   basis highest AM E, G, H:  5, 4, 3
    Auxiliary basis highest AM E, G, H:  6, 5, 4
    Onebody   basis highest AM E, G, H:  6, 5, 4
    Solid Harmonics ordering:            gaussian

*** tstart() called on NUS-LAPTOP
*** at Wed Aug 16 17:03:55 2023

   => Loading Basis Set <=

    Name: 6-31G
    Role: ORBITAL
    Keyword: BASIS
    atoms 1   entry C          line    87 file /home/stephen/src/psi4conda/share/psi4/basis/6-31g.gbs 
    atoms 2-5 entry H          line    26 file /home/stephen/src/psi4conda/share/psi4/basis/6-31g.gbs 


         ---------------------------------------------------------
                                   SCF
               by Justin Turney, Rob Parrish, Andy Simmonett
                          and Daniel G. A. Smith
                              UKS Reference
                        1 Threads,    500 MiB Core
         ---------------------------------------------------------

  ==> Geometry <==

    Molecular point group: c1
    Full point group: Td

    Geometry (in Angstrom), charge = 0, multiplicity = 1:

       Center              X                  Y                   Z               Mass       
    ------------   -----------------  -----------------  -----------------  -----------------
         C            0.000000000000     0.000000000000     0.000000000000    12.000000000000
         H            0.887895671070    -0.000000000000     0.627837050000     1.007825032230
         H           -0.887895671070     0.000000000000     0.627837050000     1.007825032230
         H            0.000000000000    -0.887895671070    -0.627837050000     1.007825032230
         H           -0.000000000000     0.887895671070    -0.627837050000     1.007825032230

  Running in c1 symmetry.

  Rotational constants: A =      5.30429  B =      5.30429  C =      5.30429 [cm^-1]
  Rotational constants: A = 159018.69670  B = 159018.69670  C = 159018.69670 [MHz]
  Nuclear repulsion =   13.466947997169925

  Charge       = 0
  Multiplicity = 1
  Electrons    = 10
  Nalpha       = 5
  Nbeta        = 5

  ==> Algorithm <==

  SCF Algorithm Type is DF.
  DIIS enabled.
  MOM disabled.
  Fractional occupation disabled.
  Guess Type is SAD.
  Energy threshold   = 1.00e-08
  Density threshold  = 1.00e-06
  Integral threshold = 1.00e-12

  ==> Primary Basis <==

  Basis Set: 6-31G
    Blend: 6-31G
    Number of shells: 13
    Number of basis functions: 17
    Number of Cartesian functions: 17
    Spherical Harmonics?: false
    Max angular momentum: 1

  ==> DFT Potential <==

   => LibXC <=

    Version 6.1.0
    S. Lehtola, C. Steigemann, M. J.T. Oliveira, and M. A.L. Marques.,  SoftwareX 7, 1â€“5 (2018) (10.1016/j.softx.2017.11.002)

   => Composite Functional: PBE_CUSTOM <= 

    Perdew, Burke & Ernzerhof
    J. P. Perdew, K. Burke, and M. Ernzerhof.,  Phys. Rev. Lett. 77, 3865 (1996) (10.1103/PhysRevLett.77.3865)
    J. P. Perdew, K. Burke, and M. Ernzerhof.,  Phys. Rev. Lett. 78, 1396 (1997) (10.1103/PhysRevLett.78.1396)

    Deriv               =              1
    GGA                 =           TRUE
    Meta                =          FALSE

    Exchange Hybrid     =          FALSE
    MP2 Hybrid          =          FALSE

   => Exchange Functionals <=

    1.0000     XC_GGA_X_PBE

   => Correlation Functionals <=

    1.0000     XC_GGA_C_PBE

   => LibXC Density Thresholds  <==

    XC_GGA_C_PBE:  1.00E-12 
    XC_GGA_X_PBE:  1.00E-15 

   => Molecular Quadrature <=

    Radial Scheme          =       TREUTLER
    Pruning Scheme         =           NONE
    Nuclear Scheme         =       TREUTLER

    Blocking Scheme        =         OCTREE
    BS radius alpha        =              1
    Pruning alpha          =              1
    Radial Points          =             75
    Spherical Points       =            302
    Total Points           =         109134
    Total Blocks           =            893
    Max Points             =            256
    Max Functions          =             17
    Weights Tolerance      =       1.00E-15

   => Loading Basis Set <=

    Name: (6-31G AUX)
    Role: JKFIT
    Keyword: DF_BASIS_SCF
    atoms 1   entry C          line   121 file /home/stephen/src/psi4conda/share/psi4/basis/cc-pvdz-jkfit.gbs 
    atoms 2-5 entry H          line    51 file /home/stephen/src/psi4conda/share/psi4/basis/cc-pvdz-jkfit.gbs 

  ==> Integral Setup <==

  DFHelper Memory: AOs need 0.001 GiB; user supplied 0.312 GiB. 
  Using in-core AOs.

  ==> MemDFJK: Density-Fitted J/K Matrices <==

    J tasked:                   Yes
    K tasked:                    No
    wK tasked:                   No
    OpenMP threads:               1
    Memory [MiB]:               319
    Algorithm:                 Core
    Schwarz Cutoff:           1E-12
    Mask sparsity (%):       0.0000
    Fitting Condition:        1E-10

   => Auxiliary Basis Set <=

  Basis Set: (6-31G AUX)
    Blend: CC-PVDZ-JKFIT
    Number of shells: 60
    Number of basis functions: 181
    Number of Cartesian functions: 181
    Spherical Harmonics?: false
    Max angular momentum: 3

  Cached 100.0% of DFT collocation blocks in 0.054 [GiB].

  Minimum eigenvalue in the overlap matrix is 2.0350939902E-02.
  Reciprocal condition number of the overlap matrix is 4.6448861806E-03.
    Using symmetric orthogonalization.

  ==> Pre-Iterations <==

  SCF Guess: Superposition of Atomic Densities via on-the-fly atomic UHF (no occupation information).

   -------------------------
    Irrep   Nso     Nmo    
   -------------------------
     A         17      17 
   -------------------------
    Total      17      17
   -------------------------

  ==> Iterations <==

                           Total Energy        Delta E     RMS |[F,P]|

   @DF-UKS iter SAD:   -40.06009611666048   -4.00601e+01   0.00000e+00 
   @DF-UKS iter   1:   -40.21615356041156   -1.56057e-01   3.81643e-02 DIIS/ADIIS
   @DF-UKS iter   2:   -40.03078443746693    1.85369e-01   4.72100e-02 DIIS/ADIIS
   @DF-UKS iter   3:   -40.43752341822186   -4.06739e-01   2.32856e-03 DIIS/ADIIS
   @DF-UKS iter   4:   -40.43828252560223   -7.59107e-04   6.57869e-05 DIIS
   @DF-UKS iter   5:   -40.43828331888157   -7.93279e-07   1.37193e-05 DIIS
   @DF-UKS iter   6:   -40.43828334558217   -2.67006e-08   2.06329e-07 DIIS
   @DF-UKS iter   7:   -40.43828334558854   -6.37357e-12   3.69332e-09 DIIS
  Energy and wave function converged.


  ==> Post-Iterations <==

   Electrons on quadrature grid:
      Nalpha   =    5.0000019889 ; deviation = 1.989e-06
      Nbeta    =    5.0000019889 ; deviation = 1.989e-06
      Ntotal   =   10.0000039778 ; deviation = 3.978e-06 

   @Spin Contamination Metric:   5.329070518E-15
   @S^2 Expected:                0.000000000E+00
   @S^2 Observed:                5.329070518E-15
   @S   Expected:                0.000000000E+00
   @S   Observed:                0.000000000E+00

    Orbital Energies [Eh]
    ---------------------

    Alpha Occupied:                                                       

       1A     -9.863998     2A     -0.623509     3A     -0.341699  
       4A     -0.341699     5A     -0.341699  

    Alpha Virtual:                                                        

       6A      0.098377     7A      0.152528     8A      0.152528  
       9A      0.152529    10A      0.511357    11A      0.511358  
      12A      0.511360    13A      0.895691    14A      0.895691  
      15A      0.895691    16A      0.900179    17A      1.071612  

    Beta Occupied:                                                        

       1A     -9.863998     2A     -0.623509     3A     -0.341699  
       4A     -0.341699     5A     -0.341699  

    Beta Virtual:                                                         

       6A      0.098377     7A      0.152528     8A      0.152528  
       9A      0.152529    10A      0.511357    11A      0.511358  
      12A      0.511360    13A      0.895691    14A      0.895691  
      15A      0.895691    16A      0.900179    17A      1.071612  

    Final Occupation by Irrep:
              A 
    DOCC [     5 ]
    SOCC [     0 ]
    NA   [     5 ]
    NB   [     5 ]

  @DF-UKS Final Energy:   -40.43828334558854

   => Energetics <=

    Nuclear Repulsion Energy =             13.4669479971699246
    One-Electron Energy =                 -79.8950564139936716
    Two-Electron Energy =                  32.8279879099404610
    DFT Exchange-Correlation Energy =      -6.8381628387052622
    Empirical Dispersion Energy =           0.0000000000000000
    VV10 Nonlocal Energy =                  0.0000000000000000
    Total Energy =                        -40.4382833455885446

  UHF NO Occupations:
  HONO-2 :    3  A 2.0000000
  HONO-1 :    4  A 2.0000000
  HONO-0 :    5  A 2.0000000
  LUNO+0 :    6  A 0.0000000
  LUNO+1 :    7  A 0.0000000
  LUNO+2 :    8  A 0.0000000
  LUNO+3 :    9  A 0.0000000


Computation Completed


Properties will be evaluated at   0.000000,   0.000000,   0.000000 [a0]

Properties computed using the SCF density matrix


 Multipole Moments:

 ------------------------------------------------------------------------------------
     Multipole            Electronic (a.u.)      Nuclear  (a.u.)        Total (a.u.)
 ------------------------------------------------------------------------------------

 L = 1.  Multiply by 2.5417464519 to convert [e a0] to [Debye]
 Dipole X            :         -0.0000000            0.0000000           -0.0000000
 Dipole Y            :          0.0000000            0.0000000            0.0000000
 Dipole Z            :         -0.0000011            0.0000000           -0.0000011
 Magnitude           :                                                    0.0000011

 ------------------------------------------------------------------------------------

*** tstop() called on NUS-LAPTOP at Wed Aug 16 17:03:56 2023
Module time:
	user time   =       0.78 seconds =       0.01 minutes
	system time =       0.02 seconds =       0.00 minutes
	total time  =          1 seconds =       0.02 minutes
Total time:
	user time   =      45.33 seconds =       0.76 minutes
	system time =       0.69 seconds =       0.01 minutes
	total time  =         46 seconds =       0.77 minutes
