
    -----------------------------------------------------------------------
          Psi4: An Open-Source Ab Initio Electronic Structure Package
                               Psi4 1.8 release

                         Git: Rev {} zzzzzzz 


    D. G. A. Smith, L. A. Burns, A. C. Simmonett, R. M. Parrish,
    M. C. Schieber, R. Galvelis, P. Kraus, H. Kruse, R. Di Remigio,
    A. Alenaizan, A. M. James, S. Lehtola, J. P. Misiewicz, M. Scheurer,
    R. A. Shaw, J. B. Schriber, Y. Xie, Z. L. Glick, D. A. Sirianni,
    J. S. O'Brien, J. M. Waldrop, A. Kumar, E. G. Hohenstein,
    B. P. Pritchard, B. R. Brooks, H. F. Schaefer III, A. Yu. Sokolov,
    K. Patkowski, A. E. DePrince III, U. Bozkaya, R. A. King,
    F. A. Evangelista, J. M. Turney, T. D. Crawford, C. D. Sherrill,
    J. Chem. Phys. 152(18) 184108 (2020). https://doi.org/10.1063/5.0006002

                            Additional Code Authors
    E. T. Seidl, C. L. Janssen, E. F. Valeev, M. L. Leininger,
    J. F. Gonthier, R. M. Richard, H. R. McAlexander, M. Saitow, X. Wang,
    P. Verma, M. H. Lechner, A. Jiang, S. Behnle, A. G. Heide,
    M. F. Herbst, and D. L. Poole

             Previous Authors, Complete List of Code Contributors,
                       and Citations for Specific Modules
    https://github.com/psi4/psi4/blob/master/codemeta.json
    https://github.com/psi4/psi4/graphs/contributors
    http://psicode.org/psi4manual/master/introduction.html#citing-psifour

    -----------------------------------------------------------------------


    Psi4 started on: Wednesday, 16 August 2023 05:03PM

    Process ID: 19122
    Host:       NUS-LAPTOP
    PSIDATADIR: /home/stephen/src/psi4conda/share/psi4
    Memory:     500.0 MiB
    Threads:    1
    
Scratch directory: /tmp/
   => Libint2 <=

    Primary   basis highest AM E, G, H:  5, 4, 3
    Auxiliary basis highest AM E, G, H:  6, 5, 4
    Onebody   basis highest AM E, G, H:  6, 5, 4
    Solid Harmonics ordering:            gaussian

*** tstart() called on NUS-LAPTOP
*** at Wed Aug 16 17:03:13 2023

   => Loading Basis Set <=

    Name: 6-31G
    Role: ORBITAL
    Keyword: BASIS
    atoms 1, 3 entry H          line    26 file /home/stephen/src/psi4conda/share/psi4/basis/6-31g.gbs 
    atoms 2    entry CL         line   294 file /home/stephen/src/psi4conda/share/psi4/basis/6-31g.gbs 


         ---------------------------------------------------------
                                   SCF
               by Justin Turney, Rob Parrish, Andy Simmonett
                          and Daniel G. A. Smith
                              UKS Reference
                        1 Threads,    500 MiB Core
         ---------------------------------------------------------

  ==> Geometry <==

    Molecular point group: c1
    Full point group: D_inf_h

    Geometry (in Angstrom), charge = 0, multiplicity = 2:

       Center              X                  Y                   Z               Mass       
    ------------   -----------------  -----------------  -----------------  -----------------
         H            0.000000000000     0.000000000000     1.485802710000     1.007825032230
         CL           0.000000000000     0.000000000000     0.000000000000    34.968852682000
         H            0.000000000000     0.000000000000    -1.485802710000     1.007825032230

  Running in c1 symmetry.

  Rotational constants: A = ************  B =      3.78843  C =      3.78843 [cm^-1]
  Rotational constants: A = ************  B = 113574.22194  C = 113574.22194 [MHz]
  Nuclear repulsion =   12.287374121235114

  Charge       = 0
  Multiplicity = 2
  Electrons    = 19
  Nalpha       = 10
  Nbeta        = 9

  ==> Algorithm <==

  SCF Algorithm Type is DF.
  DIIS enabled.
  MOM disabled.
  Fractional occupation disabled.
  Guess Type is SAD.
  Energy threshold   = 1.00e-08
  Density threshold  = 1.00e-06
  Integral threshold = 1.00e-12

  ==> Primary Basis <==

  Basis Set: 6-31G
    Blend: 6-31G
    Number of shells: 11
    Number of basis functions: 17
    Number of Cartesian functions: 17
    Spherical Harmonics?: false
    Max angular momentum: 1

  ==> DFT Potential <==

   => LibXC <=

    Version 6.1.0
    S. Lehtola, C. Steigemann, M. J.T. Oliveira, and M. A.L. Marques.,  SoftwareX 7, 1â€“5 (2018) (10.1016/j.softx.2017.11.002)

   => Composite Functional: PBE_CUSTOM <= 

    Perdew, Burke & Ernzerhof
    J. P. Perdew, K. Burke, and M. Ernzerhof.,  Phys. Rev. Lett. 77, 3865 (1996) (10.1103/PhysRevLett.77.3865)
    J. P. Perdew, K. Burke, and M. Ernzerhof.,  Phys. Rev. Lett. 78, 1396 (1997) (10.1103/PhysRevLett.78.1396)

    Deriv               =              1
    GGA                 =           TRUE
    Meta                =          FALSE

    Exchange Hybrid     =          FALSE
    MP2 Hybrid          =          FALSE

   => Exchange Functionals <=

    1.0000     XC_GGA_X_PBE

   => Correlation Functionals <=

    1.0000     XC_GGA_C_PBE

   => LibXC Density Thresholds  <==

    XC_GGA_C_PBE:  1.00E-12 
    XC_GGA_X_PBE:  1.00E-15 

   => Molecular Quadrature <=

    Radial Scheme          =       TREUTLER
    Pruning Scheme         =           NONE
    Nuclear Scheme         =       TREUTLER

    Blocking Scheme        =         OCTREE
    BS radius alpha        =              1
    Pruning alpha          =              1
    Radial Points          =             75
    Spherical Points       =            302
    Total Points           =          64656
    Total Blocks           =            547
    Max Points             =            254
    Max Functions          =             17
    Weights Tolerance      =       1.00E-15

   => Loading Basis Set <=

    Name: (6-31G AUX)
    Role: JKFIT
    Keyword: DF_BASIS_SCF
    atoms 1, 3 entry H          line    51 file /home/stephen/src/psi4conda/share/psi4/basis/cc-pvdz-jkfit.gbs 
    atoms 2    entry CL         line   667 file /home/stephen/src/psi4conda/share/psi4/basis/cc-pvdz-jkfit.gbs 

  ==> Integral Setup <==

  DFHelper Memory: AOs need 0.001 GiB; user supplied 0.337 GiB. 
  Using in-core AOs.

  ==> MemDFJK: Density-Fitted J/K Matrices <==

    J tasked:                   Yes
    K tasked:                    No
    wK tasked:                   No
    OpenMP threads:               1
    Memory [MiB]:               344
    Algorithm:                 Core
    Schwarz Cutoff:           1E-12
    Mask sparsity (%):       0.0000
    Fitting Condition:        1E-10

   => Auxiliary Basis Set <=

  Basis Set: (6-31G AUX)
    Blend: CC-PVDZ-JKFIT
    Number of shells: 54
    Number of basis functions: 180
    Number of Cartesian functions: 180
    Spherical Harmonics?: false
    Max angular momentum: 3

  Cached 100.0% of DFT collocation blocks in 0.030 [GiB].

  Minimum eigenvalue in the overlap matrix is 5.5211417884E-02.
  Reciprocal condition number of the overlap matrix is 1.9762720535E-02.
    Using symmetric orthogonalization.

  ==> Pre-Iterations <==

  SCF Guess: Superposition of Atomic Densities via on-the-fly atomic UHF (no occupation information).

   -------------------------
    Irrep   Nso     Nmo    
   -------------------------
     A         17      17 
   -------------------------
    Total      17      17
   -------------------------

  ==> Iterations <==

                           Total Energy        Delta E     RMS |[F,P]|

   @DF-UKS iter SAD:  -461.06776934933595   -4.61068e+02   0.00000e+00 
   @DF-UKS iter   1:  -461.02658974692105    4.11796e-02   9.73558e-03 DIIS/ADIIS
   @DF-UKS iter   2:  -461.02289046319135    3.69928e-03   1.12348e-02 DIIS/ADIIS
   @DF-UKS iter   3:  -461.04557192317077   -2.26815e-02   3.08706e-04 DIIS/ADIIS
   @DF-UKS iter   4:  -461.04561712967745   -4.52065e-05   2.79971e-05 DIIS
   @DF-UKS iter   5:  -461.04561736187918   -2.32202e-07   5.41706e-06 DIIS
   @DF-UKS iter   6:  -461.04561736925160   -7.37242e-09   3.07077e-07 DIIS
  Energy and wave function converged.


  ==> Post-Iterations <==

   Electrons on quadrature grid:
      Nalpha   =   10.0000000594 ; deviation = 5.939e-08
      Nbeta    =    8.9999999940 ; deviation = -6.018e-09
      Ntotal   =   19.0000000534 ; deviation = 5.337e-08 

   @Spin Contamination Metric:   9.273016376E-03
   @S^2 Expected:                7.500000000E-01
   @S^2 Observed:                7.592730164E-01
   @S   Expected:                5.000000000E-01
   @S   Observed:                5.000000000E-01

    Orbital Energies [Eh]
    ---------------------

    Alpha Occupied:                                                       

       1A   -100.683177     2A     -9.200376     3A     -7.028406  
       4A     -7.012700     5A     -7.012700     6A     -0.780869  
       7A     -0.499730     8A     -0.302035     9A     -0.302035  
      10A     -0.211154  

    Alpha Virtual:                                                        

      11A     -0.006584    12A      0.382756    13A      0.392641  
      14A      0.392641    15A      0.576538    16A      0.660055  
      17A      0.678635  

    Beta Occupied:                                                        

       1A   -100.682735     2A     -9.199716     3A     -7.028950  
       4A     -7.011780     5A     -7.011780     6A     -0.774422  
       7A     -0.466703     8A     -0.299479     9A     -0.299479  

    Beta Virtual:                                                         

      10A     -0.121492    11A      0.055467    12A      0.386968  
      13A      0.396295    14A      0.396295    15A      0.587485  
      16A      0.752020    17A      0.767298  

    Final Occupation by Irrep:
              A 
    DOCC [     9 ]
    SOCC [     1 ]
    NA   [    10 ]
    NB   [     9 ]

  @DF-UKS Final Energy:  -461.04561736925160

   => Energetics <=

    Nuclear Repulsion Energy =             12.2873741212351142
    One-Electron Energy =                -660.5501371673221911
    Two-Electron Energy =                 215.9357553198325661
    DFT Exchange-Correlation Energy =     -28.7186096429970128
    Empirical Dispersion Energy =           0.0000000000000000
    VV10 Nonlocal Energy =                  0.0000000000000000
    Total Energy =                       -461.0456173692516018

  UHF NO Occupations:
  HONO-2 :    8  A 1.9999545
  HONO-1 :    9  A 1.9954003
  HONO-0 :   10  A 1.0000000
  LUNO+0 :   11  A 0.0045997
  LUNO+1 :   12  A 0.0000455
  LUNO+2 :   13  A 0.0000009
  LUNO+3 :   14  A 0.0000009


Computation Completed


Properties will be evaluated at   0.000000,   0.000000,   0.000000 [a0]

Properties computed using the SCF density matrix


 Multipole Moments:

 ------------------------------------------------------------------------------------
     Multipole            Electronic (a.u.)      Nuclear  (a.u.)        Total (a.u.)
 ------------------------------------------------------------------------------------

 L = 1.  Multiply by 2.5417464519 to convert [e a0] to [Debye]
 Dipole X            :         -0.0000000            0.0000000           -0.0000000
 Dipole Y            :          0.0000000            0.0000000            0.0000000
 Dipole Z            :         -0.0000000            0.0000000           -0.0000000
 Magnitude           :                                                    0.0000000

 ------------------------------------------------------------------------------------

*** tstop() called on NUS-LAPTOP at Wed Aug 16 17:03:14 2023
Module time:
	user time   =       0.42 seconds =       0.01 minutes
	system time =       0.00 seconds =       0.00 minutes
	total time  =          1 seconds =       0.02 minutes
Total time:
	user time   =       3.90 seconds =       0.07 minutes
	system time =       0.08 seconds =       0.00 minutes
	total time  =          4 seconds =       0.07 minutes
