
    -----------------------------------------------------------------------
          Psi4: An Open-Source Ab Initio Electronic Structure Package
                               Psi4 1.8 release

                         Git: Rev {} zzzzzzz 


    D. G. A. Smith, L. A. Burns, A. C. Simmonett, R. M. Parrish,
    M. C. Schieber, R. Galvelis, P. Kraus, H. Kruse, R. Di Remigio,
    A. Alenaizan, A. M. James, S. Lehtola, J. P. Misiewicz, M. Scheurer,
    R. A. Shaw, J. B. Schriber, Y. Xie, Z. L. Glick, D. A. Sirianni,
    J. S. O'Brien, J. M. Waldrop, A. Kumar, E. G. Hohenstein,
    B. P. Pritchard, B. R. Brooks, H. F. Schaefer III, A. Yu. Sokolov,
    K. Patkowski, A. E. DePrince III, U. Bozkaya, R. A. King,
    F. A. Evangelista, J. M. Turney, T. D. Crawford, C. D. Sherrill,
    J. Chem. Phys. 152(18) 184108 (2020). https://doi.org/10.1063/5.0006002

                            Additional Code Authors
    E. T. Seidl, C. L. Janssen, E. F. Valeev, M. L. Leininger,
    J. F. Gonthier, R. M. Richard, H. R. McAlexander, M. Saitow, X. Wang,
    P. Verma, M. H. Lechner, A. Jiang, S. Behnle, A. G. Heide,
    M. F. Herbst, and D. L. Poole

             Previous Authors, Complete List of Code Contributors,
                       and Citations for Specific Modules
    https://github.com/psi4/psi4/blob/master/codemeta.json
    https://github.com/psi4/psi4/graphs/contributors
    http://psicode.org/psi4manual/master/introduction.html#citing-psifour

    -----------------------------------------------------------------------


    Psi4 started on: Wednesday, 16 August 2023 05:03PM

    Process ID: 19122
    Host:       NUS-LAPTOP
    PSIDATADIR: /home/stephen/src/psi4conda/share/psi4
    Memory:     500.0 MiB
    Threads:    1
    
Scratch directory: /tmp/
   => Libint2 <=

    Primary   basis highest AM E, G, H:  5, 4, 3
    Auxiliary basis highest AM E, G, H:  6, 5, 4
    Onebody   basis highest AM E, G, H:  6, 5, 4
    Solid Harmonics ordering:            gaussian

*** tstart() called on NUS-LAPTOP
*** at Wed Aug 16 17:03:58 2023

   => Loading Basis Set <=

    Name: 6-31G
    Role: ORBITAL
    Keyword: BASIS
    atoms 1-3 entry H          line    26 file /home/stephen/src/psi4conda/share/psi4/basis/6-31g.gbs 


         ---------------------------------------------------------
                                   SCF
               by Justin Turney, Rob Parrish, Andy Simmonett
                          and Daniel G. A. Smith
                              UKS Reference
                        1 Threads,    500 MiB Core
         ---------------------------------------------------------

  ==> Geometry <==

    Molecular point group: c1
    Full point group: D_inf_h

    Geometry (in Angstrom), charge = 0, multiplicity = 2:

       Center              X                  Y                   Z               Mass       
    ------------   -----------------  -----------------  -----------------  -----------------
         H            0.000000000000     0.000000000000     0.000000000000     1.007825032230
         H            0.000000000000     0.000000000000     0.929473380000     1.007825032230
         H            0.000000000000     0.000000000000    -0.929473380000     1.007825032230

  Running in c1 symmetry.

  Rotational constants: A = ************  B =      9.68072  C =      9.68072 [cm^-1]
  Rotational constants: A = ************  B = 290220.54296  C = 290220.54296 [MHz]
  Nuclear repulsion =    1.423325352981061

  Charge       = 0
  Multiplicity = 2
  Electrons    = 3
  Nalpha       = 2
  Nbeta        = 1

  ==> Algorithm <==

  SCF Algorithm Type is DF.
  DIIS enabled.
  MOM disabled.
  Fractional occupation disabled.
  Guess Type is SAD.
  Energy threshold   = 1.00e-08
  Density threshold  = 1.00e-06
  Integral threshold = 1.00e-12

  ==> Primary Basis <==

  Basis Set: 6-31G
    Blend: 6-31G
    Number of shells: 6
    Number of basis functions: 6
    Number of Cartesian functions: 6
    Spherical Harmonics?: false
    Max angular momentum: 0

  ==> DFT Potential <==

   => LibXC <=

    Version 6.1.0
    S. Lehtola, C. Steigemann, M. J.T. Oliveira, and M. A.L. Marques.,  SoftwareX 7, 1â€“5 (2018) (10.1016/j.softx.2017.11.002)

   => Composite Functional: PBE_CUSTOM <= 

    Perdew, Burke & Ernzerhof
    J. P. Perdew, K. Burke, and M. Ernzerhof.,  Phys. Rev. Lett. 77, 3865 (1996) (10.1103/PhysRevLett.77.3865)
    J. P. Perdew, K. Burke, and M. Ernzerhof.,  Phys. Rev. Lett. 78, 1396 (1997) (10.1103/PhysRevLett.78.1396)

    Deriv               =              1
    GGA                 =           TRUE
    Meta                =          FALSE

    Exchange Hybrid     =          FALSE
    MP2 Hybrid          =          FALSE

   => Exchange Functionals <=

    1.0000     XC_GGA_X_PBE

   => Correlation Functionals <=

    1.0000     XC_GGA_C_PBE

   => LibXC Density Thresholds  <==

    XC_GGA_C_PBE:  1.00E-12 
    XC_GGA_X_PBE:  1.00E-15 

   => Molecular Quadrature <=

    Radial Scheme          =       TREUTLER
    Pruning Scheme         =           NONE
    Nuclear Scheme         =       TREUTLER

    Blocking Scheme        =         OCTREE
    BS radius alpha        =              1
    Pruning alpha          =              1
    Radial Points          =             75
    Spherical Points       =            302
    Total Points           =          66668
    Total Blocks           =            555
    Max Points             =            256
    Max Functions          =              6
    Weights Tolerance      =       1.00E-15

   => Loading Basis Set <=

    Name: (6-31G AUX)
    Role: JKFIT
    Keyword: DF_BASIS_SCF
    atoms 1-3 entry H          line    51 file /home/stephen/src/psi4conda/share/psi4/basis/cc-pvdz-jkfit.gbs 

  ==> Integral Setup <==

  DFHelper Memory: AOs need 0.000 GiB; user supplied 0.354 GiB. 
  Using in-core AOs.

  ==> MemDFJK: Density-Fitted J/K Matrices <==

    J tasked:                   Yes
    K tasked:                    No
    wK tasked:                   No
    OpenMP threads:               1
    Memory [MiB]:               362
    Algorithm:                 Core
    Schwarz Cutoff:           1E-12
    Mask sparsity (%):       0.0000
    Fitting Condition:        1E-10

   => Auxiliary Basis Set <=

  Basis Set: (6-31G AUX)
    Blend: CC-PVDZ-JKFIT
    Number of shells: 27
    Number of basis functions: 75
    Number of Cartesian functions: 75
    Spherical Harmonics?: false
    Max angular momentum: 2

  Cached 100.0% of DFT collocation blocks in 0.012 [GiB].

  Minimum eigenvalue in the overlap matrix is 4.6281236872E-02.
  Reciprocal condition number of the overlap matrix is 1.4096940495E-02.
    Using symmetric orthogonalization.

  ==> Pre-Iterations <==

  SCF Guess: Superposition of Atomic Densities via on-the-fly atomic UHF (no occupation information).

   -------------------------
    Irrep   Nso     Nmo    
   -------------------------
     A          6       6 
   -------------------------
    Total       6       6
   -------------------------

  ==> Iterations <==

                           Total Energy        Delta E     RMS |[F,P]|

   @DF-UKS iter SAD:    -1.49997366707369   -1.49997e+00   0.00000e+00 
   @DF-UKS iter   1:    -1.64813161093046   -1.48158e-01   1.14410e-02 DIIS/ADIIS
   @DF-UKS iter   2:    -1.65246830198432   -4.33669e-03   3.82335e-03 DIIS/ADIIS
   @DF-UKS iter   3:    -1.65295263756618   -4.84336e-04   7.30994e-04 DIIS/ADIIS
   @DF-UKS iter   4:    -1.65297543248624   -2.27949e-05   6.83741e-05 DIIS
   @DF-UKS iter   5:    -1.65297560909804   -1.76612e-07   3.44036e-06 DIIS
   @DF-UKS iter   6:    -1.65297560949914   -4.01093e-10   1.15275e-07 DIIS
  Energy and wave function converged.


  ==> Post-Iterations <==

   Electrons on quadrature grid:
      Nalpha   =    1.9999999918 ; deviation = -8.163e-09
      Nbeta    =    0.9999999956 ; deviation = -4.374e-09
      Ntotal   =    2.9999999875 ; deviation = -1.254e-08 

   @Spin Contamination Metric:   6.970549275E-03
   @S^2 Expected:                7.500000000E-01
   @S^2 Observed:                7.569705493E-01
   @S   Expected:                5.000000000E-01
   @S   Observed:                5.000000000E-01

    Orbital Energies [Eh]
    ---------------------

    Alpha Occupied:                                                       

       1A     -0.454482     2A     -0.213365  

    Alpha Virtual:                                                        

       3A      0.126764     4A      0.633659     5A      0.709283  
       6A      0.970951  

    Beta Occupied:                                                        

       1A     -0.413816  

    Beta Virtual:                                                         

       2A     -0.117223     3A      0.177290     4A      0.680699  
       5A      0.798852     6A      1.013123  

    Final Occupation by Irrep:
              A 
    DOCC [     1 ]
    SOCC [     1 ]
    NA   [     2 ]
    NB   [     1 ]

  @DF-UKS Final Energy:    -1.65297560949914

   => Energetics <=

    Nuclear Repulsion Energy =              1.4233253529810610
    One-Electron Energy =                  -4.3581654255300970
    Two-Electron Energy =                   2.2794625907395911
    DFT Exchange-Correlation Energy =      -0.9975981276896910
    Empirical Dispersion Energy =           0.0000000000000000
    VV10 Nonlocal Energy =                  0.0000000000000000
    Total Energy =                         -1.6529756094991359

  UHF NO Occupations:
  HONO-1 :    1  A 1.9965086
  HONO-0 :    2  A 1.0000000
  LUNO+0 :    3  A 0.0034914
  LUNO+1 :    4  A 0.0000000
  LUNO+2 :    5  A 0.0000000
  LUNO+3 :    6  A -0.0000000


Computation Completed


Properties will be evaluated at   0.000000,   0.000000,   0.000000 [a0]

Properties computed using the SCF density matrix


 Multipole Moments:

 ------------------------------------------------------------------------------------
     Multipole            Electronic (a.u.)      Nuclear  (a.u.)        Total (a.u.)
 ------------------------------------------------------------------------------------

 L = 1.  Multiply by 2.5417464519 to convert [e a0] to [Debye]
 Dipole X            :          0.0000000            0.0000000            0.0000000
 Dipole Y            :          0.0000000            0.0000000            0.0000000
 Dipole Z            :          0.0000000            0.0000000            0.0000000
 Magnitude           :                                                    0.0000000

 ------------------------------------------------------------------------------------

*** tstop() called on NUS-LAPTOP at Wed Aug 16 17:03:58 2023
Module time:
	user time   =       0.39 seconds =       0.01 minutes
	system time =       0.00 seconds =       0.00 minutes
	total time  =          0 seconds =       0.00 minutes
Total time:
	user time   =      47.24 seconds =       0.79 minutes
	system time =       0.71 seconds =       0.01 minutes
	total time  =         48 seconds =       0.80 minutes
