
    -----------------------------------------------------------------------
          Psi4: An Open-Source Ab Initio Electronic Structure Package
                               Psi4 1.8 release

                         Git: Rev {} zzzzzzz 


    D. G. A. Smith, L. A. Burns, A. C. Simmonett, R. M. Parrish,
    M. C. Schieber, R. Galvelis, P. Kraus, H. Kruse, R. Di Remigio,
    A. Alenaizan, A. M. James, S. Lehtola, J. P. Misiewicz, M. Scheurer,
    R. A. Shaw, J. B. Schriber, Y. Xie, Z. L. Glick, D. A. Sirianni,
    J. S. O'Brien, J. M. Waldrop, A. Kumar, E. G. Hohenstein,
    B. P. Pritchard, B. R. Brooks, H. F. Schaefer III, A. Yu. Sokolov,
    K. Patkowski, A. E. DePrince III, U. Bozkaya, R. A. King,
    F. A. Evangelista, J. M. Turney, T. D. Crawford, C. D. Sherrill,
    J. Chem. Phys. 152(18) 184108 (2020). https://doi.org/10.1063/5.0006002

                            Additional Code Authors
    E. T. Seidl, C. L. Janssen, E. F. Valeev, M. L. Leininger,
    J. F. Gonthier, R. M. Richard, H. R. McAlexander, M. Saitow, X. Wang,
    P. Verma, M. H. Lechner, A. Jiang, S. Behnle, A. G. Heide,
    M. F. Herbst, and D. L. Poole

             Previous Authors, Complete List of Code Contributors,
                       and Citations for Specific Modules
    https://github.com/psi4/psi4/blob/master/codemeta.json
    https://github.com/psi4/psi4/graphs/contributors
    http://psicode.org/psi4manual/master/introduction.html#citing-psifour

    -----------------------------------------------------------------------


    Psi4 started on: Wednesday, 16 August 2023 05:03PM

    Process ID: 19122
    Host:       NUS-LAPTOP
    PSIDATADIR: /home/stephen/src/psi4conda/share/psi4
    Memory:     500.0 MiB
    Threads:    1
    
Scratch directory: /tmp/
   => Libint2 <=

    Primary   basis highest AM E, G, H:  5, 4, 3
    Auxiliary basis highest AM E, G, H:  6, 5, 4
    Onebody   basis highest AM E, G, H:  6, 5, 4
    Solid Harmonics ordering:            gaussian

*** tstart() called on NUS-LAPTOP
*** at Wed Aug 16 17:04:02 2023

   => Loading Basis Set <=

    Name: 6-31G
    Role: ORBITAL
    Keyword: BASIS
    atoms 1-2 entry C          line    87 file /home/stephen/src/psi4conda/share/psi4/basis/6-31g.gbs 
    atoms 3-8 entry H          line    26 file /home/stephen/src/psi4conda/share/psi4/basis/6-31g.gbs 


         ---------------------------------------------------------
                                   SCF
               by Justin Turney, Rob Parrish, Andy Simmonett
                          and Daniel G. A. Smith
                              UKS Reference
                        1 Threads,    500 MiB Core
         ---------------------------------------------------------

  ==> Geometry <==

    Molecular point group: c1
    Full point group: C1

    Geometry (in Angstrom), charge = 0, multiplicity = 1:

       Center              X                  Y                   Z               Mass       
    ------------   -----------------  -----------------  -----------------  -----------------
         C           -0.763094760000     0.000000088550    -0.000000249215    12.000000000000
         C            0.763094760000     0.000000088550    -0.000000249215    12.000000000000
         H            1.158310790000    -0.443642011450    -0.914095729215     1.007825032230
         H           -1.158310790000    -1.013326711450    -0.074640169215     1.007825032230
         H            1.158310790000    -0.569812681450     0.841253990785     1.007825032230
         H            1.158310790000     1.013453898550     0.072847880785     1.007825032230
         H           -1.158310790000     0.442020258550     0.914883720785     1.007825032230
         H           -1.158310790000     0.571305138550    -0.840243759215     1.007825032230

  Running in c1 symmetry.

  Rotational constants: A =      2.70031  B =      0.66869  C =      0.66869 [cm^-1]
  Rotational constants: A =  80953.30050  B =  20046.73826  C =  20046.72444 [MHz]
  Nuclear repulsion =   42.295303285035779

  Charge       = 0
  Multiplicity = 1
  Electrons    = 18
  Nalpha       = 9
  Nbeta        = 9

  ==> Algorithm <==

  SCF Algorithm Type is DF.
  DIIS enabled.
  MOM disabled.
  Fractional occupation disabled.
  Guess Type is SAD.
  Energy threshold   = 1.00e-08
  Density threshold  = 1.00e-06
  Integral threshold = 1.00e-12

  ==> Primary Basis <==

  Basis Set: 6-31G
    Blend: 6-31G
    Number of shells: 22
    Number of basis functions: 30
    Number of Cartesian functions: 30
    Spherical Harmonics?: false
    Max angular momentum: 1

  ==> DFT Potential <==

   => LibXC <=

    Version 6.1.0
    S. Lehtola, C. Steigemann, M. J.T. Oliveira, and M. A.L. Marques.,  SoftwareX 7, 1â€“5 (2018) (10.1016/j.softx.2017.11.002)

   => Composite Functional: PBE_CUSTOM <= 

    Perdew, Burke & Ernzerhof
    J. P. Perdew, K. Burke, and M. Ernzerhof.,  Phys. Rev. Lett. 77, 3865 (1996) (10.1103/PhysRevLett.77.3865)
    J. P. Perdew, K. Burke, and M. Ernzerhof.,  Phys. Rev. Lett. 78, 1396 (1997) (10.1103/PhysRevLett.78.1396)

    Deriv               =              1
    GGA                 =           TRUE
    Meta                =          FALSE

    Exchange Hybrid     =          FALSE
    MP2 Hybrid          =          FALSE

   => Exchange Functionals <=

    1.0000     XC_GGA_X_PBE

   => Correlation Functionals <=

    1.0000     XC_GGA_C_PBE

   => LibXC Density Thresholds  <==

    XC_GGA_C_PBE:  1.00E-12 
    XC_GGA_X_PBE:  1.00E-15 

   => Molecular Quadrature <=

    Radial Scheme          =       TREUTLER
    Pruning Scheme         =           NONE
    Nuclear Scheme         =       TREUTLER

    Blocking Scheme        =         OCTREE
    BS radius alpha        =              1
    Pruning alpha          =              1
    Radial Points          =             75
    Spherical Points       =            302
    Total Points           =         172494
    Total Blocks           =           1336
    Max Points             =            256
    Max Functions          =             30
    Weights Tolerance      =       1.00E-15

   => Loading Basis Set <=

    Name: (6-31G AUX)
    Role: JKFIT
    Keyword: DF_BASIS_SCF
    atoms 1-2 entry C          line   121 file /home/stephen/src/psi4conda/share/psi4/basis/cc-pvdz-jkfit.gbs 
    atoms 3-8 entry H          line    51 file /home/stephen/src/psi4conda/share/psi4/basis/cc-pvdz-jkfit.gbs 

  ==> Integral Setup <==

  DFHelper Memory: AOs need 0.003 GiB; user supplied 0.221 GiB. 
  Using in-core AOs.

  ==> MemDFJK: Density-Fitted J/K Matrices <==

    J tasked:                   Yes
    K tasked:                    No
    wK tasked:                   No
    OpenMP threads:               1
    Memory [MiB]:               225
    Algorithm:                 Core
    Schwarz Cutoff:           1E-12
    Mask sparsity (%):       0.0000
    Fitting Condition:        1E-10

   => Auxiliary Basis Set <=

  Basis Set: (6-31G AUX)
    Blend: CC-PVDZ-JKFIT
    Number of shells: 102
    Number of basis functions: 312
    Number of Cartesian functions: 312
    Spherical Harmonics?: false
    Max angular momentum: 3

  Cached 100.0% of DFT collocation blocks in 0.146 [GiB].

  Minimum eigenvalue in the overlap matrix is 9.9788125396E-03.
  Reciprocal condition number of the overlap matrix is 2.0252188435E-03.
    Using symmetric orthogonalization.

  ==> Pre-Iterations <==

  SCF Guess: Superposition of Atomic Densities via on-the-fly atomic UHF (no occupation information).

   -------------------------
    Irrep   Nso     Nmo    
   -------------------------
     A         30      30 
   -------------------------
    Total      30      30
   -------------------------

  ==> Iterations <==

                           Total Energy        Delta E     RMS |[F,P]|

   @DF-UKS iter SAD:   -79.21949001477805   -7.92195e+01   0.00000e+00 
   @DF-UKS iter   1:   -79.35697496784802   -1.37485e-01   2.57771e-02 DIIS/ADIIS
   @DF-UKS iter   2:   -79.01960826569453    3.37367e-01   3.46923e-02 DIIS/ADIIS
   @DF-UKS iter   3:   -79.68298267973319   -6.63374e-01   1.18503e-03 DIIS/ADIIS
   @DF-UKS iter   4:   -79.68359326253480   -6.10583e-04   1.02452e-04 DIIS/ADIIS
   @DF-UKS iter   5:   -79.68359897082348   -5.70829e-06   1.50830e-05 DIIS
   @DF-UKS iter   6:   -79.68359909404849   -1.23225e-07   1.16711e-06 DIIS
   @DF-UKS iter   7:   -79.68359909466207   -6.13582e-10   6.30863e-08 DIIS
  Energy and wave function converged.


  ==> Post-Iterations <==

   Electrons on quadrature grid:
      Nalpha   =    8.9999955801 ; deviation = -4.420e-06
      Nbeta    =    8.9999955801 ; deviation = -4.420e-06
      Ntotal   =   17.9999911602 ; deviation = -8.840e-06 

   @Spin Contamination Metric:   0.000000000E+00
   @S^2 Expected:                0.000000000E+00
   @S^2 Observed:                0.000000000E+00
   @S   Expected:                0.000000000E+00
   @S   Observed:                0.000000000E+00

    Orbital Energies [Eh]
    ---------------------

    Alpha Occupied:                                                       

       1A     -9.871520     2A     -9.871498     3A     -0.678043  
       4A     -0.550207     5A     -0.382300     6A     -0.382299  
       7A     -0.319544     8A     -0.293244     9A     -0.293243  

    Alpha Virtual:                                                        

      10A      0.084214    11A      0.134999    12A      0.140021  
      13A      0.140022    14A      0.166650    15A      0.166651  
      16A      0.210104    17A      0.503810    18A      0.528774  
      19A      0.528785    20A      0.609945    21A      0.609950  
      22A      0.633700    23A      0.872520    24A      0.885163  
      25A      0.885164    26A      0.931180    27A      0.931184  
      28A      0.937428    29A      1.050644    30A      1.402342  

    Beta Occupied:                                                        

       1A     -9.871520     2A     -9.871498     3A     -0.678043  
       4A     -0.550207     5A     -0.382300     6A     -0.382299  
       7A     -0.319544     8A     -0.293244     9A     -0.293243  

    Beta Virtual:                                                         

      10A      0.084214    11A      0.134999    12A      0.140021  
      13A      0.140022    14A      0.166650    15A      0.166651  
      16A      0.210104    17A      0.503810    18A      0.528774  
      19A      0.528785    20A      0.609945    21A      0.609950  
      22A      0.633700    23A      0.872520    24A      0.885163  
      25A      0.885164    26A      0.931180    27A      0.931184  
      28A      0.937428    29A      1.050644    30A      1.402342  

    Final Occupation by Irrep:
              A 
    DOCC [     9 ]
    SOCC [     0 ]
    NA   [     9 ]
    NB   [     9 ]

  @DF-UKS Final Energy:   -79.68359909466207

   => Energetics <=

    Nuclear Repulsion Energy =             42.2953032850357786
    One-Electron Energy =                -189.3995528211179078
    Two-Electron Energy =                  80.3906718551358495
    DFT Exchange-Correlation Energy =     -12.9700214137157861
    Empirical Dispersion Energy =           0.0000000000000000
    VV10 Nonlocal Energy =                  0.0000000000000000
    Total Energy =                        -79.6835990946620711

  UHF NO Occupations:
  HONO-2 :    7  A 2.0000000
  HONO-1 :    8  A 2.0000000
  HONO-0 :    9  A 2.0000000
  LUNO+0 :   10  A 0.0000000
  LUNO+1 :   11  A 0.0000000
  LUNO+2 :   12  A 0.0000000
  LUNO+3 :   13  A 0.0000000


Computation Completed


Properties will be evaluated at   0.000000,   0.000000,   0.000000 [a0]

Properties computed using the SCF density matrix


 Multipole Moments:

 ------------------------------------------------------------------------------------
     Multipole            Electronic (a.u.)      Nuclear  (a.u.)        Total (a.u.)
 ------------------------------------------------------------------------------------

 L = 1.  Multiply by 2.5417464519 to convert [e a0] to [Debye]
 Dipole X            :          0.0000012            0.0000000            0.0000012
 Dipole Y            :          0.0000021           -0.0000020            0.0000001
 Dipole Z            :         -0.0000049            0.0000056            0.0000006
 Magnitude           :                                                    0.0000014

 ------------------------------------------------------------------------------------

*** tstop() called on NUS-LAPTOP at Wed Aug 16 17:04:03 2023
Module time:
	user time   =       1.49 seconds =       0.02 minutes
	system time =       0.03 seconds =       0.00 minutes
	total time  =          1 seconds =       0.02 minutes
Total time:
	user time   =      52.54 seconds =       0.88 minutes
	system time =       0.81 seconds =       0.01 minutes
	total time  =         53 seconds =       0.88 minutes
