
    -----------------------------------------------------------------------
          Psi4: An Open-Source Ab Initio Electronic Structure Package
                               Psi4 1.8 release

                         Git: Rev {} zzzzzzz 


    D. G. A. Smith, L. A. Burns, A. C. Simmonett, R. M. Parrish,
    M. C. Schieber, R. Galvelis, P. Kraus, H. Kruse, R. Di Remigio,
    A. Alenaizan, A. M. James, S. Lehtola, J. P. Misiewicz, M. Scheurer,
    R. A. Shaw, J. B. Schriber, Y. Xie, Z. L. Glick, D. A. Sirianni,
    J. S. O'Brien, J. M. Waldrop, A. Kumar, E. G. Hohenstein,
    B. P. Pritchard, B. R. Brooks, H. F. Schaefer III, A. Yu. Sokolov,
    K. Patkowski, A. E. DePrince III, U. Bozkaya, R. A. King,
    F. A. Evangelista, J. M. Turney, T. D. Crawford, C. D. Sherrill,
    J. Chem. Phys. 152(18) 184108 (2020). https://doi.org/10.1063/5.0006002

                            Additional Code Authors
    E. T. Seidl, C. L. Janssen, E. F. Valeev, M. L. Leininger,
    J. F. Gonthier, R. M. Richard, H. R. McAlexander, M. Saitow, X. Wang,
    P. Verma, M. H. Lechner, A. Jiang, S. Behnle, A. G. Heide,
    M. F. Herbst, and D. L. Poole

             Previous Authors, Complete List of Code Contributors,
                       and Citations for Specific Modules
    https://github.com/psi4/psi4/blob/master/codemeta.json
    https://github.com/psi4/psi4/graphs/contributors
    http://psicode.org/psi4manual/master/introduction.html#citing-psifour

    -----------------------------------------------------------------------


    Psi4 started on: Wednesday, 16 August 2023 05:03PM

    Process ID: 19122
    Host:       NUS-LAPTOP
    PSIDATADIR: /home/stephen/src/psi4conda/share/psi4
    Memory:     500.0 MiB
    Threads:    1
    
Scratch directory: /tmp/
   => Libint2 <=

    Primary   basis highest AM E, G, H:  5, 4, 3
    Auxiliary basis highest AM E, G, H:  6, 5, 4
    Onebody   basis highest AM E, G, H:  6, 5, 4
    Solid Harmonics ordering:            gaussian

*** tstart() called on NUS-LAPTOP
*** at Wed Aug 16 17:04:00 2023

   => Loading Basis Set <=

    Name: 6-31G
    Role: ORBITAL
    Keyword: BASIS
    atoms 1   entry N          line   102 file /home/stephen/src/psi4conda/share/psi4/basis/6-31g.gbs 
    atoms 2-3 entry H          line    26 file /home/stephen/src/psi4conda/share/psi4/basis/6-31g.gbs 


         ---------------------------------------------------------
                                   SCF
               by Justin Turney, Rob Parrish, Andy Simmonett
                          and Daniel G. A. Smith
                              UKS Reference
                        1 Threads,    500 MiB Core
         ---------------------------------------------------------

  ==> Geometry <==

    Molecular point group: c1
    Full point group: C2v

    Geometry (in Angstrom), charge = 0, multiplicity = 2:

       Center              X                  Y                   Z               Mass       
    ------------   -----------------  -----------------  -----------------  -----------------
         N            0.000000000000     0.000000000000     0.080074932207    14.003074004430
         H           -0.802312090000     0.000000000000    -0.556294577793     1.007825032230
         H            0.802312090000     0.000000000000    -0.556294577793     1.007825032230

  Running in c1 symmetry.

  Rotational constants: A =     23.62475  B =     12.99256  C =      8.38254 [cm^-1]
  Rotational constants: A = 708252.10229  B = 389507.10975  C = 251302.13102 [MHz]
  Nuclear repulsion =    7.564300153539535

  Charge       = 0
  Multiplicity = 2
  Electrons    = 9
  Nalpha       = 5
  Nbeta        = 4

  ==> Algorithm <==

  SCF Algorithm Type is DF.
  DIIS enabled.
  MOM disabled.
  Fractional occupation disabled.
  Guess Type is SAD.
  Energy threshold   = 1.00e-08
  Density threshold  = 1.00e-06
  Integral threshold = 1.00e-12

  ==> Primary Basis <==

  Basis Set: 6-31G
    Blend: 6-31G
    Number of shells: 9
    Number of basis functions: 13
    Number of Cartesian functions: 13
    Spherical Harmonics?: false
    Max angular momentum: 1

  ==> DFT Potential <==

   => LibXC <=

    Version 6.1.0
    S. Lehtola, C. Steigemann, M. J.T. Oliveira, and M. A.L. Marques.,  SoftwareX 7, 1â€“5 (2018) (10.1016/j.softx.2017.11.002)

   => Composite Functional: PBE_CUSTOM <= 

    Perdew, Burke & Ernzerhof
    J. P. Perdew, K. Burke, and M. Ernzerhof.,  Phys. Rev. Lett. 77, 3865 (1996) (10.1103/PhysRevLett.77.3865)
    J. P. Perdew, K. Burke, and M. Ernzerhof.,  Phys. Rev. Lett. 78, 1396 (1997) (10.1103/PhysRevLett.78.1396)

    Deriv               =              1
    GGA                 =           TRUE
    Meta                =          FALSE

    Exchange Hybrid     =          FALSE
    MP2 Hybrid          =          FALSE

   => Exchange Functionals <=

    1.0000     XC_GGA_X_PBE

   => Correlation Functionals <=

    1.0000     XC_GGA_C_PBE

   => LibXC Density Thresholds  <==

    XC_GGA_C_PBE:  1.00E-12 
    XC_GGA_X_PBE:  1.00E-15 

   => Molecular Quadrature <=

    Radial Scheme          =       TREUTLER
    Pruning Scheme         =           NONE
    Nuclear Scheme         =       TREUTLER

    Blocking Scheme        =         OCTREE
    BS radius alpha        =              1
    Pruning alpha          =              1
    Radial Points          =             75
    Spherical Points       =            302
    Total Points           =          65685
    Total Blocks           =            554
    Max Points             =            256
    Max Functions          =             13
    Weights Tolerance      =       1.00E-15

   => Loading Basis Set <=

    Name: (6-31G AUX)
    Role: JKFIT
    Keyword: DF_BASIS_SCF
    atoms 1   entry N          line   171 file /home/stephen/src/psi4conda/share/psi4/basis/cc-pvdz-jkfit.gbs 
    atoms 2-3 entry H          line    51 file /home/stephen/src/psi4conda/share/psi4/basis/cc-pvdz-jkfit.gbs 

  ==> Integral Setup <==

  DFHelper Memory: AOs need 0.000 GiB; user supplied 0.342 GiB. 
  Using in-core AOs.

  ==> MemDFJK: Density-Fitted J/K Matrices <==

    J tasked:                   Yes
    K tasked:                    No
    wK tasked:                   No
    OpenMP threads:               1
    Memory [MiB]:               349
    Algorithm:                 Core
    Schwarz Cutoff:           1E-12
    Mask sparsity (%):       0.0000
    Fitting Condition:        1E-10

   => Auxiliary Basis Set <=

  Basis Set: (6-31G AUX)
    Blend: CC-PVDZ-JKFIT
    Number of shells: 42
    Number of basis functions: 131
    Number of Cartesian functions: 131
    Spherical Harmonics?: false
    Max angular momentum: 3

  Cached 100.0% of DFT collocation blocks in 0.025 [GiB].

  Minimum eigenvalue in the overlap matrix is 4.9416054862E-02.
  Reciprocal condition number of the overlap matrix is 1.4259117375E-02.
    Using symmetric orthogonalization.

  ==> Pre-Iterations <==

  SCF Guess: Superposition of Atomic Densities via on-the-fly atomic UHF (no occupation information).

   -------------------------
    Irrep   Nso     Nmo    
   -------------------------
     A         13      13 
   -------------------------
    Total      13      13
   -------------------------

  ==> Iterations <==

                           Total Energy        Delta E     RMS |[F,P]|

   @DF-UKS iter SAD:   -55.44839930207592   -5.54484e+01   0.00000e+00 
   @DF-UKS iter   1:   -55.65737094083932   -2.08972e-01   3.81499e-02 DIIS/ADIIS
   @DF-UKS iter   2:   -55.51412311821453    1.43248e-01   5.42016e-02 DIIS/ADIIS
   @DF-UKS iter   3:   -55.77554804387441   -2.61425e-01   4.31034e-03 DIIS/ADIIS
   @DF-UKS iter   4:   -55.77697426787265   -1.42622e-03   1.48059e-04 DIIS/ADIIS
   @DF-UKS iter   5:   -55.77697858921922   -4.32135e-06   3.90827e-05 DIIS
   @DF-UKS iter   6:   -55.77697890458708   -3.15368e-07   1.28223e-05 DIIS
   @DF-UKS iter   7:   -55.77697892141480   -1.68277e-08   3.64015e-07 DIIS
   @DF-UKS iter   8:   -55.77697892143620   -2.13944e-11   4.00717e-08 DIIS
  Energy and wave function converged.


  ==> Post-Iterations <==

   Electrons on quadrature grid:
      Nalpha   =    5.0000000266 ; deviation = 2.665e-08
      Nbeta    =    4.0000000355 ; deviation = 3.551e-08
      Ntotal   =    9.0000000622 ; deviation = 6.216e-08 

   @Spin Contamination Metric:   1.659259886E-03
   @S^2 Expected:                7.500000000E-01
   @S^2 Observed:                7.516592599E-01
   @S   Expected:                5.000000000E-01
   @S   Observed:                5.000000000E-01

    Orbital Energies [Eh]
    ---------------------

    Alpha Occupied:                                                       

       1A    -14.021557     2A     -0.789393     3A     -0.427110  
       4A     -0.255014     5A     -0.251829  

    Alpha Virtual:                                                        

       6A      0.050178     7A      0.123482     8A      0.608646  
       9A      0.670910    10A      0.681618    11A      0.818938  
      12A      0.844131    13A      1.049670  

    Beta Occupied:                                                        

       1A    -14.003520     2A     -0.745926     3A     -0.413786  
       4A     -0.226607  

    Beta Virtual:                                                         

       5A     -0.144625     6A      0.060604     7A      0.130612  
       8A      0.677749     9A      0.691306    10A      0.698290  
      11A      0.827929    12A      0.854184    13A      1.094753  

    Final Occupation by Irrep:
              A 
    DOCC [     4 ]
    SOCC [     1 ]
    NA   [     5 ]
    NB   [     4 ]

  @DF-UKS Final Energy:   -55.77697892143620

   => Energetics <=

    Nuclear Repulsion Energy =              7.5643001535395351
    One-Electron Energy =                 -90.1609863152854700
    Two-Electron Energy =                  34.3486344172688973
    DFT Exchange-Correlation Energy =      -7.5289271769591544
    Empirical Dispersion Energy =           0.0000000000000000
    VV10 Nonlocal Energy =                  0.0000000000000000
    Total Energy =                        -55.7769789214361964

  UHF NO Occupations:
  HONO-2 :    3  A 1.9996698
  HONO-1 :    4  A 1.9995608
  HONO-0 :    5  A 1.0000000
  LUNO+0 :    6  A 0.0004392
  LUNO+1 :    7  A 0.0003302
  LUNO+2 :    8  A 0.0000603
  LUNO+3 :    9  A 0.0000001


Computation Completed


Properties will be evaluated at   0.000000,   0.000000,   0.000000 [a0]

Properties computed using the SCF density matrix


 Multipole Moments:

 ------------------------------------------------------------------------------------
     Multipole            Electronic (a.u.)      Nuclear  (a.u.)        Total (a.u.)
 ------------------------------------------------------------------------------------

 L = 1.  Multiply by 2.5417464519 to convert [e a0] to [Debye]
 Dipole X            :          0.0000000            0.0000000            0.0000000
 Dipole Y            :         -0.0000000            0.0000000           -0.0000000
 Dipole Z            :          0.1458657           -1.0432510           -0.8973853
 Magnitude           :                                                    0.8973853

 ------------------------------------------------------------------------------------

*** tstop() called on NUS-LAPTOP at Wed Aug 16 17:04:00 2023
Module time:
	user time   =       0.52 seconds =       0.01 minutes
	system time =       0.01 seconds =       0.00 minutes
	total time  =          0 seconds =       0.00 minutes
Total time:
	user time   =      49.69 seconds =       0.83 minutes
	system time =       0.76 seconds =       0.01 minutes
	total time  =         50 seconds =       0.83 minutes
