
    -----------------------------------------------------------------------
          Psi4: An Open-Source Ab Initio Electronic Structure Package
                               Psi4 1.8 release

                         Git: Rev {} zzzzzzz 


    D. G. A. Smith, L. A. Burns, A. C. Simmonett, R. M. Parrish,
    M. C. Schieber, R. Galvelis, P. Kraus, H. Kruse, R. Di Remigio,
    A. Alenaizan, A. M. James, S. Lehtola, J. P. Misiewicz, M. Scheurer,
    R. A. Shaw, J. B. Schriber, Y. Xie, Z. L. Glick, D. A. Sirianni,
    J. S. O'Brien, J. M. Waldrop, A. Kumar, E. G. Hohenstein,
    B. P. Pritchard, B. R. Brooks, H. F. Schaefer III, A. Yu. Sokolov,
    K. Patkowski, A. E. DePrince III, U. Bozkaya, R. A. King,
    F. A. Evangelista, J. M. Turney, T. D. Crawford, C. D. Sherrill,
    J. Chem. Phys. 152(18) 184108 (2020). https://doi.org/10.1063/5.0006002

                            Additional Code Authors
    E. T. Seidl, C. L. Janssen, E. F. Valeev, M. L. Leininger,
    J. F. Gonthier, R. M. Richard, H. R. McAlexander, M. Saitow, X. Wang,
    P. Verma, M. H. Lechner, A. Jiang, S. Behnle, A. G. Heide,
    M. F. Herbst, and D. L. Poole

             Previous Authors, Complete List of Code Contributors,
                       and Citations for Specific Modules
    https://github.com/psi4/psi4/blob/master/codemeta.json
    https://github.com/psi4/psi4/graphs/contributors
    http://psicode.org/psi4manual/master/introduction.html#citing-psifour

    -----------------------------------------------------------------------


    Psi4 started on: Wednesday, 16 August 2023 05:03PM

    Process ID: 19122
    Host:       NUS-LAPTOP
    PSIDATADIR: /home/stephen/src/psi4conda/share/psi4
    Memory:     500.0 MiB
    Threads:    1
    
Scratch directory: /tmp/
   => Libint2 <=

    Primary   basis highest AM E, G, H:  5, 4, 3
    Auxiliary basis highest AM E, G, H:  6, 5, 4
    Onebody   basis highest AM E, G, H:  6, 5, 4
    Solid Harmonics ordering:            gaussian

*** tstart() called on NUS-LAPTOP
*** at Wed Aug 16 17:03:42 2023

   => Loading Basis Set <=

    Name: 6-31G
    Role: ORBITAL
    Keyword: BASIS
    atoms 1-2 entry C          line    87 file /home/stephen/src/psi4conda/share/psi4/basis/6-31g.gbs 
    atoms 3-7 entry H          line    26 file /home/stephen/src/psi4conda/share/psi4/basis/6-31g.gbs 


         ---------------------------------------------------------
                                   SCF
               by Justin Turney, Rob Parrish, Andy Simmonett
                          and Daniel G. A. Smith
                              UKS Reference
                        1 Threads,    500 MiB Core
         ---------------------------------------------------------

  ==> Geometry <==

    Molecular point group: c1
    Full point group: C1

    Geometry (in Angstrom), charge = 0, multiplicity = 2:

       Center              X                  Y                   Z               Mass       
    ------------   -----------------  -----------------  -----------------  -----------------
         C           -0.605445974168     0.000047963161    -0.182667636698    12.000000000000
         C            0.713570655832    -0.000039036839     0.078222573302    12.000000000000
         H           -1.531453234168    -0.000491036839     1.568057613302     1.007825032230
         H           -1.139264104168     0.920648963161    -0.372335866698     1.007825032230
         H           -1.139592194168    -0.920236976839    -0.372819536698     1.007825032230
         H            1.261560155832    -0.922348396839     0.210053853302     1.007825032230
         H            1.261327315832     0.922321163161     0.210653413302     1.007825032230

  Running in c1 symmetry.

  Rotational constants: A =      2.52259  B =      0.76563  C =      0.76004 [cm^-1]
  Rotational constants: A =  75625.38610  B =  22953.15808  C =  22785.35667 [MHz]
  Nuclear repulsion =   36.852464152431622

  Charge       = 0
  Multiplicity = 2
  Electrons    = 17
  Nalpha       = 9
  Nbeta        = 8

  ==> Algorithm <==

  SCF Algorithm Type is DF.
  DIIS enabled.
  MOM disabled.
  Fractional occupation disabled.
  Guess Type is SAD.
  Energy threshold   = 1.00e-08
  Density threshold  = 1.00e-06
  Integral threshold = 1.00e-12

  ==> Primary Basis <==

  Basis Set: 6-31G
    Blend: 6-31G
    Number of shells: 20
    Number of basis functions: 28
    Number of Cartesian functions: 28
    Spherical Harmonics?: false
    Max angular momentum: 1

  ==> DFT Potential <==

   => LibXC <=

    Version 6.1.0
    S. Lehtola, C. Steigemann, M. J.T. Oliveira, and M. A.L. Marques.,  SoftwareX 7, 1â€“5 (2018) (10.1016/j.softx.2017.11.002)

   => Composite Functional: PBE_CUSTOM <= 

    Perdew, Burke & Ernzerhof
    J. P. Perdew, K. Burke, and M. Ernzerhof.,  Phys. Rev. Lett. 77, 3865 (1996) (10.1103/PhysRevLett.77.3865)
    J. P. Perdew, K. Burke, and M. Ernzerhof.,  Phys. Rev. Lett. 78, 1396 (1997) (10.1103/PhysRevLett.78.1396)

    Deriv               =              1
    GGA                 =           TRUE
    Meta                =          FALSE

    Exchange Hybrid     =          FALSE
    MP2 Hybrid          =          FALSE

   => Exchange Functionals <=

    1.0000     XC_GGA_X_PBE

   => Correlation Functionals <=

    1.0000     XC_GGA_C_PBE

   => LibXC Density Thresholds  <==

    XC_GGA_C_PBE:  1.00E-12 
    XC_GGA_X_PBE:  1.00E-15 

   => Molecular Quadrature <=

    Radial Scheme          =       TREUTLER
    Pruning Scheme         =           NONE
    Nuclear Scheme         =       TREUTLER

    Blocking Scheme        =         OCTREE
    BS radius alpha        =              1
    Pruning alpha          =              1
    Radial Points          =             75
    Spherical Points       =            302
    Total Points           =         151879
    Total Blocks           =           1206
    Max Points             =            256
    Max Functions          =             28
    Weights Tolerance      =       1.00E-15

   => Loading Basis Set <=

    Name: (6-31G AUX)
    Role: JKFIT
    Keyword: DF_BASIS_SCF
    atoms 1-2 entry C          line   121 file /home/stephen/src/psi4conda/share/psi4/basis/cc-pvdz-jkfit.gbs 
    atoms 3-7 entry H          line    51 file /home/stephen/src/psi4conda/share/psi4/basis/cc-pvdz-jkfit.gbs 

  ==> Integral Setup <==

  DFHelper Memory: AOs need 0.002 GiB; user supplied 0.247 GiB. 
  Using in-core AOs.

  ==> MemDFJK: Density-Fitted J/K Matrices <==

    J tasked:                   Yes
    K tasked:                    No
    wK tasked:                   No
    OpenMP threads:               1
    Memory [MiB]:               253
    Algorithm:                 Core
    Schwarz Cutoff:           1E-12
    Mask sparsity (%):       0.0000
    Fitting Condition:        1E-10

   => Auxiliary Basis Set <=

  Basis Set: (6-31G AUX)
    Blend: CC-PVDZ-JKFIT
    Number of shells: 93
    Number of basis functions: 287
    Number of Cartesian functions: 287
    Spherical Harmonics?: false
    Max angular momentum: 3

  Cached 100.0% of DFT collocation blocks in 0.119 [GiB].

  Minimum eigenvalue in the overlap matrix is 9.7100809233E-03.
  Reciprocal condition number of the overlap matrix is 2.1873910273E-03.
    Using symmetric orthogonalization.

  ==> Pre-Iterations <==

  SCF Guess: Superposition of Atomic Densities via on-the-fly atomic UHF (no occupation information).

   -------------------------
    Irrep   Nso     Nmo    
   -------------------------
     A         28      28 
   -------------------------
    Total      28      28
   -------------------------

  ==> Iterations <==

                           Total Energy        Delta E     RMS |[F,P]|

   @DF-UKS iter SAD:   -78.50369098217729   -7.85037e+01   0.00000e+00 
   @DF-UKS iter   1:   -78.51954514174025   -1.58542e-02   2.87086e-02 DIIS/ADIIS
   @DF-UKS iter   2:   -77.81867194151486    7.00873e-01   4.21564e-02 DIIS/ADIIS
   @DF-UKS iter   3:   -78.94511099937459   -1.12644e+00   3.00633e-03 DIIS/ADIIS
   @DF-UKS iter   4:   -78.94205071702882    3.06028e-03   4.05953e-03 DIIS/ADIIS
   @DF-UKS iter   5:   -78.95058897937444   -8.53826e-03   4.58406e-04 DIIS/ADIIS
   @DF-UKS iter   6:   -78.95079926227969   -2.10283e-04   2.61029e-04 DIIS/ADIIS
   @DF-UKS iter   7:   -78.95086165242327   -6.23901e-05   9.13905e-05 DIIS
   @DF-UKS iter   8:   -78.95086703875512   -5.38633e-06   1.77327e-05 DIIS
   @DF-UKS iter   9:   -78.95086728767289   -2.48918e-07   1.61798e-06 DIIS
   @DF-UKS iter  10:   -78.95086729201356   -4.34066e-09   7.64353e-07 DIIS
  Energy and wave function converged.


  ==> Post-Iterations <==

   Electrons on quadrature grid:
      Nalpha   =    9.0000032612 ; deviation = 3.261e-06
      Nbeta    =    8.0000036879 ; deviation = 3.688e-06
      Ntotal   =   17.0000069490 ; deviation = 6.949e-06 

   @Spin Contamination Metric:   1.472133513E-02
   @S^2 Expected:                7.500000000E-01
   @S^2 Observed:                7.647213351E-01
   @S   Expected:                5.000000000E-01
   @S   Observed:                5.000000000E-01

    Orbital Energies [Eh]
    ---------------------

    Alpha Occupied:                                                       

       1A     -9.900286     2A     -9.895404     3A     -0.695738  
       4A     -0.529511     5A     -0.424733     6A     -0.376077  
       7A     -0.315762     8A     -0.286691     9A     -0.186864  

    Alpha Virtual:                                                        

      10A     -0.012850    11A      0.094606    12A      0.113118  
      13A      0.128930    14A      0.214947    15A      0.288729  
      16A      0.454234    17A      0.522457    18A      0.543781  
      19A      0.577242    20A      0.656940    21A      0.735672  
      22A      0.760555    23A      0.812594    24A      0.866452  
      25A      0.915302    26A      0.920824    27A      1.122731  
      28A      1.184032  

    Beta Occupied:                                                        

       1A     -9.901758     2A     -9.890844     3A     -0.691250  
       4A     -0.525327     5A     -0.423147     6A     -0.373317  
       7A     -0.314482     8A     -0.254133  

    Beta Virtual:                                                         

       9A     -0.087010    10A      0.011458    11A      0.096450  
      12A      0.113802    13A      0.131370    14A      0.215729  
      15A      0.290998    16A      0.456537    17A      0.538800  
      18A      0.545041    19A      0.590415    20A      0.664292  
      21A      0.748990    22A      0.814379    23A      0.856552  
      24A      0.867380    25A      0.921019    26A      0.939343  
      27A      1.138365    28A      1.186689  

    Final Occupation by Irrep:
              A 
    DOCC [     8 ]
    SOCC [     1 ]
    NA   [     9 ]
    NB   [     8 ]

  @DF-UKS Final Energy:   -78.95086729201356

   => Energetics <=

    Nuclear Repulsion Energy =             36.8524641524316223
    One-Electron Energy =                -177.6793252798523213
    Two-Electron Energy =                  74.3720858584054412
    DFT Exchange-Correlation Energy =     -12.4960920229982975
    Empirical Dispersion Energy =           0.0000000000000000
    VV10 Nonlocal Energy =                  0.0000000000000000
    Total Energy =                        -78.9508672920135552

  UHF NO Occupations:
  HONO-2 :    7  A 1.9999152
  HONO-1 :    8  A 1.9927792
  HONO-0 :    9  A 1.0000000
  LUNO+0 :   10  A 0.0072208
  LUNO+1 :   11  A 0.0000848
  LUNO+2 :   12  A 0.0000323
  LUNO+3 :   13  A 0.0000284


Computation Completed


Properties will be evaluated at   0.000000,   0.000000,   0.000000 [a0]

Properties computed using the SCF density matrix


 Multipole Moments:

 ------------------------------------------------------------------------------------
     Multipole            Electronic (a.u.)      Nuclear  (a.u.)        Total (a.u.)
 ------------------------------------------------------------------------------------

 L = 1.  Multiply by 2.5417464519 to convert [e a0] to [Debye]
 Dipole X            :          1.3448456           -1.2069189            0.1379267
 Dipole Y            :          0.0001834           -0.0000996            0.0000838
 Dipole Z            :         -1.3593446            1.1658459           -0.1934987
 Magnitude           :                                                    0.2376247

 ------------------------------------------------------------------------------------

*** tstop() called on NUS-LAPTOP at Wed Aug 16 17:03:43 2023
Module time:
	user time   =       1.55 seconds =       0.03 minutes
	system time =       0.05 seconds =       0.00 minutes
	total time  =          1 seconds =       0.02 minutes
Total time:
	user time   =      32.85 seconds =       0.55 minutes
	system time =       0.51 seconds =       0.01 minutes
	total time  =         33 seconds =       0.55 minutes
