
    -----------------------------------------------------------------------
          Psi4: An Open-Source Ab Initio Electronic Structure Package
                               Psi4 1.8 release

                         Git: Rev {} zzzzzzz 


    D. G. A. Smith, L. A. Burns, A. C. Simmonett, R. M. Parrish,
    M. C. Schieber, R. Galvelis, P. Kraus, H. Kruse, R. Di Remigio,
    A. Alenaizan, A. M. James, S. Lehtola, J. P. Misiewicz, M. Scheurer,
    R. A. Shaw, J. B. Schriber, Y. Xie, Z. L. Glick, D. A. Sirianni,
    J. S. O'Brien, J. M. Waldrop, A. Kumar, E. G. Hohenstein,
    B. P. Pritchard, B. R. Brooks, H. F. Schaefer III, A. Yu. Sokolov,
    K. Patkowski, A. E. DePrince III, U. Bozkaya, R. A. King,
    F. A. Evangelista, J. M. Turney, T. D. Crawford, C. D. Sherrill,
    J. Chem. Phys. 152(18) 184108 (2020). https://doi.org/10.1063/5.0006002

                            Additional Code Authors
    E. T. Seidl, C. L. Janssen, E. F. Valeev, M. L. Leininger,
    J. F. Gonthier, R. M. Richard, H. R. McAlexander, M. Saitow, X. Wang,
    P. Verma, M. H. Lechner, A. Jiang, S. Behnle, A. G. Heide,
    M. F. Herbst, and D. L. Poole

             Previous Authors, Complete List of Code Contributors,
                       and Citations for Specific Modules
    https://github.com/psi4/psi4/blob/master/codemeta.json
    https://github.com/psi4/psi4/graphs/contributors
    http://psicode.org/psi4manual/master/introduction.html#citing-psifour

    -----------------------------------------------------------------------


    Psi4 started on: Wednesday, 16 August 2023 05:03PM

    Process ID: 19122
    Host:       NUS-LAPTOP
    PSIDATADIR: /home/stephen/src/psi4conda/share/psi4
    Memory:     500.0 MiB
    Threads:    1
    
Scratch directory: /tmp/
   => Libint2 <=

    Primary   basis highest AM E, G, H:  5, 4, 3
    Auxiliary basis highest AM E, G, H:  6, 5, 4
    Onebody   basis highest AM E, G, H:  6, 5, 4
    Solid Harmonics ordering:            gaussian

*** tstart() called on NUS-LAPTOP
*** at Wed Aug 16 17:03:18 2023

   => Loading Basis Set <=

    Name: 6-31G
    Role: ORBITAL
    Keyword: BASIS
    atoms 1   entry CL         line   294 file /home/stephen/src/psi4conda/share/psi4/basis/6-31g.gbs 
    atoms 2   entry F          line   132 file /home/stephen/src/psi4conda/share/psi4/basis/6-31g.gbs 
    atoms 3   entry C          line    87 file /home/stephen/src/psi4conda/share/psi4/basis/6-31g.gbs 
    atoms 4-6 entry H          line    26 file /home/stephen/src/psi4conda/share/psi4/basis/6-31g.gbs 


         ---------------------------------------------------------
                                   SCF
               by Justin Turney, Rob Parrish, Andy Simmonett
                          and Daniel G. A. Smith
                              UKS Reference
                        1 Threads,    500 MiB Core
         ---------------------------------------------------------

  ==> Geometry <==

    Molecular point group: c1
    Full point group: C1

    Geometry (in Angstrom), charge = 0, multiplicity = 2:

       Center              X                  Y                   Z               Mass       
    ------------   -----------------  -----------------  -----------------  -----------------
         CL           1.331231105982    -0.001398401561    -0.000041143796    34.968852682000
         F           -0.447106604018     0.004469598439     0.000122856204    18.998403162730
         C           -2.510939684018    -0.002308401561    -0.000074143796    12.000000000000
         H           -2.618606084018    -0.855523511561    -0.649407463796     1.007825032230
         H           -2.620833924018    -0.138834421561     1.063137116204     1.007825032230
         H           -2.625056754018     0.986108568439    -0.413735203796     1.007825032230

  Running in c1 symmetry.

  Rotational constants: A =      4.85216  B =      0.10283  C =      0.10283 [cm^-1]
  Rotational constants: A = 145464.01978  B =   3082.68040  C =   3082.66251 [MHz]
  Nuclear repulsion =   95.599910994045700

  Charge       = 0
  Multiplicity = 2
  Electrons    = 35
  Nalpha       = 18
  Nbeta        = 17

  ==> Algorithm <==

  SCF Algorithm Type is DF.
  DIIS enabled.
  MOM disabled.
  Fractional occupation disabled.
  Guess Type is SAD.
  Energy threshold   = 1.00e-08
  Density threshold  = 1.00e-06
  Integral threshold = 1.00e-12

  ==> Primary Basis <==

  Basis Set: 6-31G
    Blend: 6-31G
    Number of shells: 23
    Number of basis functions: 37
    Number of Cartesian functions: 37
    Spherical Harmonics?: false
    Max angular momentum: 1

  ==> DFT Potential <==

   => LibXC <=

    Version 6.1.0
    S. Lehtola, C. Steigemann, M. J.T. Oliveira, and M. A.L. Marques.,  SoftwareX 7, 1â€“5 (2018) (10.1016/j.softx.2017.11.002)

   => Composite Functional: PBE_CUSTOM <= 

    Perdew, Burke & Ernzerhof
    J. P. Perdew, K. Burke, and M. Ernzerhof.,  Phys. Rev. Lett. 77, 3865 (1996) (10.1103/PhysRevLett.77.3865)
    J. P. Perdew, K. Burke, and M. Ernzerhof.,  Phys. Rev. Lett. 78, 1396 (1997) (10.1103/PhysRevLett.78.1396)

    Deriv               =              1
    GGA                 =           TRUE
    Meta                =          FALSE

    Exchange Hybrid     =          FALSE
    MP2 Hybrid          =          FALSE

   => Exchange Functionals <=

    1.0000     XC_GGA_X_PBE

   => Correlation Functionals <=

    1.0000     XC_GGA_C_PBE

   => LibXC Density Thresholds  <==

    XC_GGA_C_PBE:  1.00E-12 
    XC_GGA_X_PBE:  1.00E-15 

   => Molecular Quadrature <=

    Radial Scheme          =       TREUTLER
    Pruning Scheme         =           NONE
    Nuclear Scheme         =       TREUTLER

    Blocking Scheme        =         OCTREE
    BS radius alpha        =              1
    Pruning alpha          =              1
    Radial Points          =             75
    Spherical Points       =            302
    Total Points           =         129220
    Total Blocks           =           1047
    Max Points             =            256
    Max Functions          =             36
    Weights Tolerance      =       1.00E-15

   => Loading Basis Set <=

    Name: (6-31G AUX)
    Role: JKFIT
    Keyword: DF_BASIS_SCF
    atoms 1   entry CL         line   667 file /home/stephen/src/psi4conda/share/psi4/basis/cc-pvdz-jkfit.gbs 
    atoms 2   entry F          line   271 file /home/stephen/src/psi4conda/share/psi4/basis/cc-pvdz-jkfit.gbs 
    atoms 3   entry C          line   121 file /home/stephen/src/psi4conda/share/psi4/basis/cc-pvdz-jkfit.gbs 
    atoms 4-6 entry H          line    51 file /home/stephen/src/psi4conda/share/psi4/basis/cc-pvdz-jkfit.gbs 

  ==> Integral Setup <==

  DFHelper Memory: AOs need 0.005 GiB; user supplied 0.253 GiB. 
  Using in-core AOs.

  ==> MemDFJK: Density-Fitted J/K Matrices <==

    J tasked:                   Yes
    K tasked:                    No
    wK tasked:                   No
    OpenMP threads:               1
    Memory [MiB]:               259
    Algorithm:                 Core
    Schwarz Cutoff:           1E-12
    Mask sparsity (%):       3.6523
    Fitting Condition:        1E-10

   => Auxiliary Basis Set <=

  Basis Set: (6-31G AUX)
    Blend: CC-PVDZ-JKFIT
    Number of shells: 111
    Number of basis functions: 367
    Number of Cartesian functions: 367
    Spherical Harmonics?: false
    Max angular momentum: 3

  Cached 100.0% of DFT collocation blocks in 0.113 [GiB].

  Minimum eigenvalue in the overlap matrix is 2.5380277609E-02.
  Reciprocal condition number of the overlap matrix is 6.5222725154E-03.
    Using symmetric orthogonalization.

  ==> Pre-Iterations <==

  SCF Guess: Superposition of Atomic Densities via on-the-fly atomic UHF (no occupation information).

   -------------------------
    Irrep   Nso     Nmo    
   -------------------------
     A         37      37 
   -------------------------
    Total      37      37
   -------------------------

  ==> Iterations <==

                           Total Energy        Delta E     RMS |[F,P]|

   @DF-UKS iter SAD:  -598.86275016086881   -5.98863e+02   0.00000e+00 
   @DF-UKS iter   1:  -599.24596071372457   -3.83211e-01   1.39256e-02 DIIS/ADIIS
   @DF-UKS iter   2:  -598.93066303527542    3.15298e-01   2.03667e-02 DIIS/ADIIS
   @DF-UKS iter   3:  -599.37103678060714   -4.40374e-01   5.65085e-03 DIIS/ADIIS
   @DF-UKS iter   4:  -599.40063592580350   -2.95991e-02   1.60899e-03 DIIS/ADIIS
   @DF-UKS iter   5:  -599.40349913158900   -2.86321e-03   6.41272e-04 DIIS/ADIIS
   @DF-UKS iter   6:  -599.40371669917999   -2.17568e-04   3.61993e-04 DIIS/ADIIS
   @DF-UKS iter   7:  -599.40384162700570   -1.24928e-04   6.22051e-05 DIIS
   @DF-UKS iter   8:  -599.40384757958600   -5.95258e-06   4.99498e-06 DIIS
   @DF-UKS iter   9:  -599.40384762144708   -4.18611e-08   9.92508e-07 DIIS
   @DF-UKS iter  10:  -599.40384762250596   -1.05888e-09   3.45468e-07 DIIS
  Energy and wave function converged.


  ==> Post-Iterations <==

   Electrons on quadrature grid:
      Nalpha   =   17.9999927572 ; deviation = -7.243e-06
      Nbeta    =   16.9999931308 ; deviation = -6.869e-06
      Ntotal   =   34.9999858880 ; deviation = -1.411e-05 

   @Spin Contamination Metric:   4.811230664E-03
   @S^2 Expected:                7.500000000E-01
   @S^2 Observed:                7.548112307E-01
   @S   Expected:                5.000000000E-01
   @S   Observed:                5.000000000E-01

    Orbital Energies [Eh]
    ---------------------

    Alpha Occupied:                                                       

       1A   -100.665787     2A    -24.263399     3A     -9.958274  
       4A     -9.180053     5A     -7.012663     6A     -6.991127  
       7A     -6.991127     8A     -1.051298     9A     -0.721261  
      10A     -0.657554    11A     -0.435418    12A     -0.413214  
      13A     -0.413170    14A     -0.340311    15A     -0.340306  
      16A     -0.241369    17A     -0.241367    18A     -0.218914  

    Alpha Virtual:                                                        

      19A     -0.118610    20A      0.067219    21A      0.127528  
      22A      0.127547    23A      0.353139    24A      0.406751  
      25A      0.430651    26A      0.430665    27A      0.489162  
      28A      0.495943    29A      0.496009    30A      0.721550  
      31A      0.867782    32A      0.867812    33A      0.933956  
      34A      1.182904    35A      1.182930    36A      1.517771  
      37A      1.741618  

    Beta Occupied:                                                        

       1A   -100.663430     2A    -24.262419     3A     -9.948099  
       4A     -9.177701     5A     -7.006264     6A     -6.989586  
       7A     -6.989586     8A     -1.048178     9A     -0.707288  
      10A     -0.632788    11A     -0.424009    12A     -0.405476  
      13A     -0.405434    14A     -0.337161    15A     -0.337156  
      16A     -0.236223    17A     -0.236222  

    Beta Virtual:                                                         

      18A     -0.170431    19A     -0.079896    20A      0.077579  
      21A      0.132280    22A      0.132298    23A      0.359698  
      24A      0.420140    25A      0.434186    26A      0.434199  
      27A      0.503942    28A      0.504005    29A      0.533310  
      30A      0.733145    31A      0.870542    32A      0.870576  
      33A      0.956579    34A      1.184023    35A      1.184048  
      36A      1.521875    37A      1.743224  

    Final Occupation by Irrep:
              A 
    DOCC [    17 ]
    SOCC [     1 ]
    NA   [    18 ]
    NB   [    17 ]

  @DF-UKS Final Energy:  -599.40384762250596

   => Energetics <=

    Nuclear Repulsion Energy =             95.5999109940457004
    One-Electron Energy =               -1018.2594288061536645
    Two-Electron Energy =                 368.0708133013403085
    DFT Exchange-Correlation Energy =     -44.8151431117382657
    Empirical Dispersion Energy =           0.0000000000000000
    VV10 Nonlocal Energy =                  0.0000000000000000
    Total Energy =                       -599.4038476225059640

  UHF NO Occupations:
  HONO-2 :   16  A 1.9995971
  HONO-1 :   17  A 1.9983225
  HONO-0 :   18  A 1.0000000
  LUNO+0 :   19  A 0.0016775
  LUNO+1 :   20  A 0.0004029
  LUNO+2 :   21  A 0.0001488
  LUNO+3 :   22  A 0.0001487


Computation Completed


Properties will be evaluated at   0.000000,   0.000000,   0.000000 [a0]

Properties computed using the SCF density matrix


 Multipole Moments:

 ------------------------------------------------------------------------------------
     Multipole            Electronic (a.u.)      Nuclear  (a.u.)        Total (a.u.)
 ------------------------------------------------------------------------------------

 L = 1.  Multiply by 2.5417464519 to convert [e a0] to [Debye]
 Dipole X            :          6.9545389           -8.1695988           -1.2150599
 Dipole Y            :          0.0078866           -0.0106698           -0.0027832
 Dipole Z            :          0.0000639           -0.0000834           -0.0000195
 Magnitude           :                                                    1.2150631

 ------------------------------------------------------------------------------------

*** tstop() called on NUS-LAPTOP at Wed Aug 16 17:03:20 2023
Module time:
	user time   =       1.49 seconds =       0.02 minutes
	system time =       0.02 seconds =       0.00 minutes
	total time  =          2 seconds =       0.03 minutes
Total time:
	user time   =       9.80 seconds =       0.16 minutes
	system time =       0.17 seconds =       0.00 minutes
	total time  =         10 seconds =       0.17 minutes
