
    -----------------------------------------------------------------------
          Psi4: An Open-Source Ab Initio Electronic Structure Package
                               Psi4 1.8 release

                         Git: Rev {} zzzzzzz 


    D. G. A. Smith, L. A. Burns, A. C. Simmonett, R. M. Parrish,
    M. C. Schieber, R. Galvelis, P. Kraus, H. Kruse, R. Di Remigio,
    A. Alenaizan, A. M. James, S. Lehtola, J. P. Misiewicz, M. Scheurer,
    R. A. Shaw, J. B. Schriber, Y. Xie, Z. L. Glick, D. A. Sirianni,
    J. S. O'Brien, J. M. Waldrop, A. Kumar, E. G. Hohenstein,
    B. P. Pritchard, B. R. Brooks, H. F. Schaefer III, A. Yu. Sokolov,
    K. Patkowski, A. E. DePrince III, U. Bozkaya, R. A. King,
    F. A. Evangelista, J. M. Turney, T. D. Crawford, C. D. Sherrill,
    J. Chem. Phys. 152(18) 184108 (2020). https://doi.org/10.1063/5.0006002

                            Additional Code Authors
    E. T. Seidl, C. L. Janssen, E. F. Valeev, M. L. Leininger,
    J. F. Gonthier, R. M. Richard, H. R. McAlexander, M. Saitow, X. Wang,
    P. Verma, M. H. Lechner, A. Jiang, S. Behnle, A. G. Heide,
    M. F. Herbst, and D. L. Poole

             Previous Authors, Complete List of Code Contributors,
                       and Citations for Specific Modules
    https://github.com/psi4/psi4/blob/master/codemeta.json
    https://github.com/psi4/psi4/graphs/contributors
    http://psicode.org/psi4manual/master/introduction.html#citing-psifour

    -----------------------------------------------------------------------


    Psi4 started on: Wednesday, 16 August 2023 05:03PM

    Process ID: 19122
    Host:       NUS-LAPTOP
    PSIDATADIR: /home/stephen/src/psi4conda/share/psi4
    Memory:     500.0 MiB
    Threads:    1
    
Scratch directory: /tmp/
   => Libint2 <=

    Primary   basis highest AM E, G, H:  5, 4, 3
    Auxiliary basis highest AM E, G, H:  6, 5, 4
    Onebody   basis highest AM E, G, H:  6, 5, 4
    Solid Harmonics ordering:            gaussian

*** tstart() called on NUS-LAPTOP
*** at Wed Aug 16 17:04:03 2023

   => Loading Basis Set <=

    Name: 6-31G
    Role: ORBITAL
    Keyword: BASIS
    atoms 1-2  entry C          line    87 file /home/stephen/src/psi4conda/share/psi4/basis/6-31g.gbs 
    atoms 3    entry O          line   117 file /home/stephen/src/psi4conda/share/psi4/basis/6-31g.gbs 
    atoms 4-10 entry H          line    26 file /home/stephen/src/psi4conda/share/psi4/basis/6-31g.gbs 


         ---------------------------------------------------------
                                   SCF
               by Justin Turney, Rob Parrish, Andy Simmonett
                          and Daniel G. A. Smith
                              UKS Reference
                        1 Threads,    500 MiB Core
         ---------------------------------------------------------

  ==> Geometry <==

    Molecular point group: c1
    Full point group: C1

    Geometry (in Angstrom), charge = 0, multiplicity = 2:

       Center              X                  Y                   Z               Mass       
    ------------   -----------------  -----------------  -----------------  -----------------
         C            1.526831666359    -0.425081265735     0.034677672604    12.000000000000
         C            0.537921626359     0.718707844265    -0.018293387396    12.000000000000
         O           -1.784537303641    -0.293375395735    -0.043855137396    15.994914619570
         H            1.370263986359    -1.039795785735     0.919934852604     1.007825032230
         H            1.435082906359    -1.064905245735    -0.841918457396     1.007825032230
         H            2.550747306359    -0.045595025735     0.066349722604     1.007825032230
         H            0.539567896359     1.346730104265     0.870234522604     1.007825032230
         H            0.602020336359     1.324779834265    -0.919358257396     1.007825032230
         H           -0.561735683641     0.229099824265    -0.069265167396     1.007825032230
         H           -2.198708463641     0.409605354265     0.474950762604     1.007825032230

  Running in c1 symmetry.

  Rotational constants: A =      0.87923  B =      0.16477  C =      0.14715 [cm^-1]
  Rotational constants: A =  26358.53585  B =   4939.74623  C =   4411.34215 [MHz]
  Nuclear repulsion =   76.621282429817526

  Charge       = 0
  Multiplicity = 2
  Electrons    = 27
  Nalpha       = 14
  Nbeta        = 13

  ==> Algorithm <==

  SCF Algorithm Type is DF.
  DIIS enabled.
  MOM disabled.
  Fractional occupation disabled.
  Guess Type is SAD.
  Energy threshold   = 1.00e-08
  Density threshold  = 1.00e-06
  Integral threshold = 1.00e-12

  ==> Primary Basis <==

  Basis Set: 6-31G
    Blend: 6-31G
    Number of shells: 29
    Number of basis functions: 41
    Number of Cartesian functions: 41
    Spherical Harmonics?: false
    Max angular momentum: 1

  ==> DFT Potential <==

   => LibXC <=

    Version 6.1.0
    S. Lehtola, C. Steigemann, M. J.T. Oliveira, and M. A.L. Marques.,  SoftwareX 7, 1â€“5 (2018) (10.1016/j.softx.2017.11.002)

   => Composite Functional: PBE_CUSTOM <= 

    Perdew, Burke & Ernzerhof
    J. P. Perdew, K. Burke, and M. Ernzerhof.,  Phys. Rev. Lett. 77, 3865 (1996) (10.1103/PhysRevLett.77.3865)
    J. P. Perdew, K. Burke, and M. Ernzerhof.,  Phys. Rev. Lett. 78, 1396 (1997) (10.1103/PhysRevLett.78.1396)

    Deriv               =              1
    GGA                 =           TRUE
    Meta                =          FALSE

    Exchange Hybrid     =          FALSE
    MP2 Hybrid          =          FALSE

   => Exchange Functionals <=

    1.0000     XC_GGA_X_PBE

   => Correlation Functionals <=

    1.0000     XC_GGA_C_PBE

   => LibXC Density Thresholds  <==

    XC_GGA_C_PBE:  1.00E-12 
    XC_GGA_X_PBE:  1.00E-15 

   => Molecular Quadrature <=

    Radial Scheme          =       TREUTLER
    Pruning Scheme         =           NONE
    Nuclear Scheme         =       TREUTLER

    Blocking Scheme        =         OCTREE
    BS radius alpha        =              1
    Pruning alpha          =              1
    Radial Points          =             75
    Spherical Points       =            302
    Total Points           =         215071
    Total Blocks           =           1655
    Max Points             =            256
    Max Functions          =             40
    Weights Tolerance      =       1.00E-15

   => Loading Basis Set <=

    Name: (6-31G AUX)
    Role: JKFIT
    Keyword: DF_BASIS_SCF
    atoms 1-2  entry C          line   121 file /home/stephen/src/psi4conda/share/psi4/basis/cc-pvdz-jkfit.gbs 
    atoms 3    entry O          line   221 file /home/stephen/src/psi4conda/share/psi4/basis/cc-pvdz-jkfit.gbs 
    atoms 4-10 entry H          line    51 file /home/stephen/src/psi4conda/share/psi4/basis/cc-pvdz-jkfit.gbs 

  ==> Integral Setup <==

  DFHelper Memory: AOs need 0.007 GiB; user supplied 0.142 GiB. 
  Using in-core AOs.

  ==> MemDFJK: Density-Fitted J/K Matrices <==

    J tasked:                   Yes
    K tasked:                    No
    wK tasked:                   No
    OpenMP threads:               1
    Memory [MiB]:               145
    Algorithm:                 Core
    Schwarz Cutoff:           1E-12
    Mask sparsity (%):       0.9518
    Fitting Condition:        1E-10

   => Auxiliary Basis Set <=

  Basis Set: (6-31G AUX)
    Blend: CC-PVDZ-JKFIT
    Number of shells: 135
    Number of basis functions: 418
    Number of Cartesian functions: 418
    Spherical Harmonics?: false
    Max angular momentum: 3

  Cached 100.0% of DFT collocation blocks in 0.224 [GiB].

  Minimum eigenvalue in the overlap matrix is 7.5358736863E-03.
  Reciprocal condition number of the overlap matrix is 1.5168543670E-03.
    Using symmetric orthogonalization.

  ==> Pre-Iterations <==

  SCF Guess: Superposition of Atomic Densities via on-the-fly atomic UHF (no occupation information).

   -------------------------
    Irrep   Nso     Nmo    
   -------------------------
     A         41      41 
   -------------------------
    Total      41      41
   -------------------------

  ==> Iterations <==

                           Total Energy        Delta E     RMS |[F,P]|

   @DF-UKS iter SAD:  -154.69839656431719   -1.54698e+02   0.00000e+00 
   @DF-UKS iter   1:  -154.96080575858142   -2.62409e-01   2.04396e-02 DIIS/ADIIS
   @DF-UKS iter   2:  -154.59623958030335    3.64566e-01   2.85747e-02 DIIS/ADIIS
   @DF-UKS iter   3:  -155.30814757878900   -7.11908e-01   2.62155e-03 DIIS/ADIIS
   @DF-UKS iter   4:  -155.30795101130653    1.96567e-04   2.70194e-03 DIIS/ADIIS
   @DF-UKS iter   5:  -155.31421707091800   -6.26606e-03   1.37944e-04 DIIS/ADIIS
   @DF-UKS iter   6:  -155.31423885689767   -2.17860e-05   6.35187e-05 DIIS
   @DF-UKS iter   7:  -155.31424218803448   -3.33114e-06   2.80728e-05 DIIS
   @DF-UKS iter   8:  -155.31424291702217   -7.28988e-07   4.15460e-06 DIIS
   @DF-UKS iter   9:  -155.31424293992117   -2.28990e-08   1.02238e-06 DIIS
   @DF-UKS iter  10:  -155.31424294131941   -1.39823e-09   2.27312e-07 DIIS
  Energy and wave function converged.


  ==> Post-Iterations <==

   Electrons on quadrature grid:
      Nalpha   =   13.9999894650 ; deviation = -1.054e-05
      Nbeta    =   12.9999908215 ; deviation = -9.179e-06
      Ntotal   =   26.9999802865 ; deviation = -1.971e-05 

   @Spin Contamination Metric:   2.646388031E-03
   @S^2 Expected:                7.500000000E-01
   @S^2 Observed:                7.526463880E-01
   @S   Expected:                5.000000000E-01
   @S   Observed:                5.000000000E-01

    Orbital Energies [Eh]
    ---------------------

    Alpha Occupied:                                                       

       1A    -18.764870     2A     -9.902878     3A     -9.887014  
       4A     -0.889211     5A     -0.700542     6A     -0.569777  
       7A     -0.430016     8A     -0.405739     9A     -0.365657  
      10A     -0.347553    11A     -0.329124    12A     -0.314130  
      13A     -0.221820    14A     -0.216513  

    Alpha Virtual:                                                        

      15A      0.061993    16A      0.088955    17A      0.122010  
      18A      0.125068    19A      0.142400    20A      0.160822  
      21A      0.195890    22A      0.269956    23A      0.482192  
      24A      0.510687    25A      0.522894    26A      0.569473  
      27A      0.600859    28A      0.622844    29A      0.779735  
      30A      0.829270    31A      0.867725    32A      0.874373  
      33A      0.890326    34A      0.910212    35A      0.911553  
      36A      0.936809    37A      0.982249    38A      1.044385  
      39A      1.140149    40A      1.389557    41A      1.722574  

    Beta Occupied:                                                        

       1A    -18.750136     2A     -9.896539     3A     -9.887074  
       4A     -0.857176     5A     -0.692041     6A     -0.561051  
       7A     -0.411773     8A     -0.402040     9A     -0.355802  
      10A     -0.340302    11A     -0.312202    12A     -0.306132  
      13A     -0.206502  

    Beta Virtual:                                                         

      14A     -0.158529    15A      0.067097    16A      0.092609  
      17A      0.126324    18A      0.127559    19A      0.145073  
      20A      0.163653    21A      0.200894    22A      0.285741  
      23A      0.486289    24A      0.512801    25A      0.530516  
      26A      0.586249    27A      0.604446    28A      0.628202  
      29A      0.795161    30A      0.832410    31A      0.872719  
      32A      0.879198    33A      0.896251    34A      0.915514  
      35A      0.920756    36A      0.939628    37A      0.993875  
      38A      1.071309    39A      1.147284    40A      1.399641  
      41A      1.740815  

    Final Occupation by Irrep:
              A 
    DOCC [    13 ]
    SOCC [     1 ]
    NA   [    14 ]
    NB   [    13 ]

  @DF-UKS Final Energy:  -155.31424294131941

   => Energetics <=

    Nuclear Repulsion Energy =             76.6212824298175263
    One-Electron Energy =                -361.9676699681796777
    Two-Electron Energy =                 151.8329380305197560
    DFT Exchange-Correlation Energy =     -21.8007934334770290
    Empirical Dispersion Energy =           0.0000000000000000
    VV10 Nonlocal Energy =                  0.0000000000000000
    Total Energy =                       -155.3142429413194066

  UHF NO Occupations:
  HONO-2 :   12  A 1.9998534
  HONO-1 :   13  A 1.9990821
  HONO-0 :   14  A 1.0000000
  LUNO+0 :   15  A 0.0009179
  LUNO+1 :   16  A 0.0001466
  LUNO+2 :   17  A 0.0000759
  LUNO+3 :   18  A 0.0000492


Computation Completed


Properties will be evaluated at   0.000000,   0.000000,   0.000000 [a0]

Properties computed using the SCF density matrix


 Multipole Moments:

 ------------------------------------------------------------------------------------
     Multipole            Electronic (a.u.)      Nuclear  (a.u.)        Total (a.u.)
 ------------------------------------------------------------------------------------

 L = 1.  Multiply by 2.5417464519 to convert [e a0] to [Debye]
 Dipole X            :         -3.0236099            3.4949721            0.4713623
 Dipole Y            :         -0.4057321            1.0859791            0.6802469
 Dipole Z            :         -0.1149690            0.4693940            0.3544249
 Magnitude           :                                                    0.9002973

 ------------------------------------------------------------------------------------

*** tstop() called on NUS-LAPTOP at Wed Aug 16 17:04:06 2023
Module time:
	user time   =       2.71 seconds =       0.05 minutes
	system time =       0.02 seconds =       0.00 minutes
	total time  =          3 seconds =       0.05 minutes
Total time:
	user time   =      55.28 seconds =       0.92 minutes
	system time =       0.83 seconds =       0.01 minutes
	total time  =         56 seconds =       0.93 minutes
