
    -----------------------------------------------------------------------
          Psi4: An Open-Source Ab Initio Electronic Structure Package
                               Psi4 1.8 release

                         Git: Rev {} zzzzzzz 


    D. G. A. Smith, L. A. Burns, A. C. Simmonett, R. M. Parrish,
    M. C. Schieber, R. Galvelis, P. Kraus, H. Kruse, R. Di Remigio,
    A. Alenaizan, A. M. James, S. Lehtola, J. P. Misiewicz, M. Scheurer,
    R. A. Shaw, J. B. Schriber, Y. Xie, Z. L. Glick, D. A. Sirianni,
    J. S. O'Brien, J. M. Waldrop, A. Kumar, E. G. Hohenstein,
    B. P. Pritchard, B. R. Brooks, H. F. Schaefer III, A. Yu. Sokolov,
    K. Patkowski, A. E. DePrince III, U. Bozkaya, R. A. King,
    F. A. Evangelista, J. M. Turney, T. D. Crawford, C. D. Sherrill,
    J. Chem. Phys. 152(18) 184108 (2020). https://doi.org/10.1063/5.0006002

                            Additional Code Authors
    E. T. Seidl, C. L. Janssen, E. F. Valeev, M. L. Leininger,
    J. F. Gonthier, R. M. Richard, H. R. McAlexander, M. Saitow, X. Wang,
    P. Verma, M. H. Lechner, A. Jiang, S. Behnle, A. G. Heide,
    M. F. Herbst, and D. L. Poole

             Previous Authors, Complete List of Code Contributors,
                       and Citations for Specific Modules
    https://github.com/psi4/psi4/blob/master/codemeta.json
    https://github.com/psi4/psi4/graphs/contributors
    http://psicode.org/psi4manual/master/introduction.html#citing-psifour

    -----------------------------------------------------------------------


    Psi4 started on: Wednesday, 16 August 2023 05:03PM

    Process ID: 19122
    Host:       NUS-LAPTOP
    PSIDATADIR: /home/stephen/src/psi4conda/share/psi4
    Memory:     500.0 MiB
    Threads:    1
    
Scratch directory: /tmp/
   => Libint2 <=

    Primary   basis highest AM E, G, H:  5, 4, 3
    Auxiliary basis highest AM E, G, H:  6, 5, 4
    Onebody   basis highest AM E, G, H:  6, 5, 4
    Solid Harmonics ordering:            gaussian

*** tstart() called on NUS-LAPTOP
*** at Wed Aug 16 17:03:15 2023

   => Loading Basis Set <=

    Name: 6-31G
    Role: ORBITAL
    Keyword: BASIS
    atoms 1, 4-6 entry H          line    26 file /home/stephen/src/psi4conda/share/psi4/basis/6-31g.gbs 
    atoms 2      entry F          line   132 file /home/stephen/src/psi4conda/share/psi4/basis/6-31g.gbs 
    atoms 3      entry C          line    87 file /home/stephen/src/psi4conda/share/psi4/basis/6-31g.gbs 


         ---------------------------------------------------------
                                   SCF
               by Justin Turney, Rob Parrish, Andy Simmonett
                          and Daniel G. A. Smith
                              UKS Reference
                        1 Threads,    500 MiB Core
         ---------------------------------------------------------

  ==> Geometry <==

    Molecular point group: c1
    Full point group: Cs

    Geometry (in Angstrom), charge = 0, multiplicity = 2:

       Center              X                  Y                   Z               Mass       
    ------------   -----------------  -----------------  -----------------  -----------------
         H            0.000465985521     1.938864965441     0.000000000000     1.007825032230
         F           -0.000019014479     0.700378535441     0.000000000000    18.998403162730
         C           -0.000019014479    -0.968270794559     0.000000000000    12.000000000000
         H            1.053777225521    -1.203675294559     0.000000000000     1.007825032230
         H           -0.526829184479    -1.204458474559     0.912354490000     1.007825032230
         H           -0.526829184479    -1.204458474559    -0.912354490000     1.007825032230

  Running in c1 symmetry.

  Rotational constants: A =      5.02255  B =      0.55415  C =      0.55414 [cm^-1]
  Rotational constants: A = 150572.37882  B =  16613.04879  C =  16612.62879 [MHz]
  Nuclear repulsion =   38.797764686496073

  Charge       = 0
  Multiplicity = 2
  Electrons    = 19
  Nalpha       = 10
  Nbeta        = 9

  ==> Algorithm <==

  SCF Algorithm Type is DF.
  DIIS enabled.
  MOM disabled.
  Fractional occupation disabled.
  Guess Type is SAD.
  Energy threshold   = 1.00e-08
  Density threshold  = 1.00e-06
  Integral threshold = 1.00e-12

  ==> Primary Basis <==

  Basis Set: 6-31G
    Blend: 6-31G
    Number of shells: 18
    Number of basis functions: 26
    Number of Cartesian functions: 26
    Spherical Harmonics?: false
    Max angular momentum: 1

  ==> DFT Potential <==

   => LibXC <=

    Version 6.1.0
    S. Lehtola, C. Steigemann, M. J.T. Oliveira, and M. A.L. Marques.,  SoftwareX 7, 1â€“5 (2018) (10.1016/j.softx.2017.11.002)

   => Composite Functional: PBE_CUSTOM <= 

    Perdew, Burke & Ernzerhof
    J. P. Perdew, K. Burke, and M. Ernzerhof.,  Phys. Rev. Lett. 77, 3865 (1996) (10.1103/PhysRevLett.77.3865)
    J. P. Perdew, K. Burke, and M. Ernzerhof.,  Phys. Rev. Lett. 78, 1396 (1997) (10.1103/PhysRevLett.78.1396)

    Deriv               =              1
    GGA                 =           TRUE
    Meta                =          FALSE

    Exchange Hybrid     =          FALSE
    MP2 Hybrid          =          FALSE

   => Exchange Functionals <=

    1.0000     XC_GGA_X_PBE

   => Correlation Functionals <=

    1.0000     XC_GGA_C_PBE

   => LibXC Density Thresholds  <==

    XC_GGA_C_PBE:  1.00E-12 
    XC_GGA_X_PBE:  1.00E-15 

   => Molecular Quadrature <=

    Radial Scheme          =       TREUTLER
    Pruning Scheme         =           NONE
    Nuclear Scheme         =       TREUTLER

    Blocking Scheme        =         OCTREE
    BS radius alpha        =              1
    Pruning alpha          =              1
    Radial Points          =             75
    Spherical Points       =            302
    Total Points           =         130902
    Total Blocks           =           1028
    Max Points             =            256
    Max Functions          =             26
    Weights Tolerance      =       1.00E-15

   => Loading Basis Set <=

    Name: (6-31G AUX)
    Role: JKFIT
    Keyword: DF_BASIS_SCF
    atoms 1, 4-6 entry H          line    51 file /home/stephen/src/psi4conda/share/psi4/basis/cc-pvdz-jkfit.gbs 
    atoms 2      entry F          line   271 file /home/stephen/src/psi4conda/share/psi4/basis/cc-pvdz-jkfit.gbs 
    atoms 3      entry C          line   121 file /home/stephen/src/psi4conda/share/psi4/basis/cc-pvdz-jkfit.gbs 

  ==> Integral Setup <==

  DFHelper Memory: AOs need 0.002 GiB; user supplied 0.274 GiB. 
  Using in-core AOs.

  ==> MemDFJK: Density-Fitted J/K Matrices <==

    J tasked:                   Yes
    K tasked:                    No
    wK tasked:                   No
    OpenMP threads:               1
    Memory [MiB]:               280
    Algorithm:                 Core
    Schwarz Cutoff:           1E-12
    Mask sparsity (%):       0.0000
    Fitting Condition:        1E-10

   => Auxiliary Basis Set <=

  Basis Set: (6-31G AUX)
    Blend: CC-PVDZ-JKFIT
    Number of shells: 84
    Number of basis functions: 262
    Number of Cartesian functions: 262
    Spherical Harmonics?: false
    Max angular momentum: 3

  Cached 100.0% of DFT collocation blocks in 0.092 [GiB].

  Minimum eigenvalue in the overlap matrix is 2.1214483792E-02.
  Reciprocal condition number of the overlap matrix is 5.2881447730E-03.
    Using symmetric orthogonalization.

  ==> Pre-Iterations <==

  SCF Guess: Superposition of Atomic Densities via on-the-fly atomic UHF (no occupation information).

   -------------------------
    Irrep   Nso     Nmo    
   -------------------------
     A         26      26 
   -------------------------
    Total      26      26
   -------------------------

  ==> Iterations <==

                           Total Energy        Delta E     RMS |[F,P]|

   @DF-UKS iter SAD:  -139.60011602022394   -1.39600e+02   0.00000e+00 
   @DF-UKS iter   1:  -139.77628145976072   -1.76165e-01   2.43536e-02 DIIS/ADIIS
   @DF-UKS iter   2:  -139.38429102140728    3.91990e-01   3.62735e-02 DIIS/ADIIS
   @DF-UKS iter   3:  -140.01556272494565   -6.31272e-01   3.16540e-03 DIIS/ADIIS
   @DF-UKS iter   4:  -140.01857422622550   -3.01150e-03   1.57415e-03 DIIS/ADIIS
   @DF-UKS iter   5:  -140.01939696507762   -8.22739e-04   4.39841e-04 DIIS/ADIIS
   @DF-UKS iter   6:  -140.01945943375000   -6.24687e-05   1.46168e-04 DIIS/ADIIS
   @DF-UKS iter   7:  -140.01947066912800   -1.12354e-05   2.73466e-05 DIIS
   @DF-UKS iter   8:  -140.01947108808895   -4.18961e-07   9.92980e-06 DIIS
   @DF-UKS iter   9:  -140.01947114515119   -5.70622e-08   6.90073e-07 DIIS
   @DF-UKS iter  10:  -140.01947114539013   -2.38941e-10   1.07514e-07 DIIS
  Energy and wave function converged.


  ==> Post-Iterations <==

   Electrons on quadrature grid:
      Nalpha   =    9.9999992021 ; deviation = -7.979e-07
      Nbeta    =    8.9999992156 ; deviation = -7.844e-07
      Ntotal   =   18.9999984177 ; deviation = -1.582e-06 

   @Spin Contamination Metric:   7.218798047E-03
   @S^2 Expected:                7.500000000E-01
   @S^2 Observed:                7.572187980E-01
   @S   Expected:                5.000000000E-01
   @S   Observed:                5.000000000E-01

    Orbital Energies [Eh]
    ---------------------

    Alpha Occupied:                                                       

       1A    -24.236601     2A     -9.929082     3A     -1.024916  
       4A     -0.639830     5A     -0.447042     6A     -0.392741  
       7A     -0.392709     8A     -0.284700     9A     -0.284693  
      10A     -0.141583  

    Alpha Virtual:                                                        

      11A      0.004138    12A      0.090364    13A      0.144015  
      14A      0.144019    15A      0.470351    16A      0.526846  
      17A      0.526910    18A      0.663826    19A      0.804765  
      20A      0.878178    21A      0.878182    22A      0.983575  
      23A      1.194443    24A      1.194481    25A      1.562385  
      26A      1.871817  

    Beta Occupied:                                                        

       1A    -24.235482     2A     -9.921012     3A     -1.021867  
       4A     -0.622633     5A     -0.427007     6A     -0.386497  
       7A     -0.386464     8A     -0.282232     9A     -0.282225  

    Beta Virtual:                                                         

      10A     -0.066788    11A      0.054726    12A      0.096389  
      13A      0.148481    14A      0.148484    15A      0.503537  
      16A      0.532048    17A      0.532115    18A      0.756051  
      19A      0.817492    20A      0.881352    21A      0.881354  
      22A      0.999473    23A      1.197087    24A      1.197125  
      25A      1.581259    26A      1.874068  

    Final Occupation by Irrep:
              A 
    DOCC [     9 ]
    SOCC [     1 ]
    NA   [    10 ]
    NB   [     9 ]

  @DF-UKS Final Energy:  -140.01947114539013

   => Energetics <=

    Nuclear Repulsion Energy =             38.7977646864960732
    One-Electron Energy =                -270.0650605367312096
    Two-Electron Energy =                 108.3810233625102484
    DFT Exchange-Correlation Energy =     -17.1331986576652291
    Empirical Dispersion Energy =           0.0000000000000000
    VV10 Nonlocal Energy =                  0.0000000000000000
    Total Energy =                       -140.0194711453901277

  UHF NO Occupations:
  HONO-2 :    8  A 1.9998435
  HONO-1 :    9  A 1.9967423
  HONO-0 :   10  A 1.0000000
  LUNO+0 :   11  A 0.0032577
  LUNO+1 :   12  A 0.0001565
  LUNO+2 :   13  A 0.0000929
  LUNO+3 :   14  A 0.0000929


Computation Completed


Properties will be evaluated at   0.000000,   0.000000,   0.000000 [a0]

Properties computed using the SCF density matrix


 Multipole Moments:

 ------------------------------------------------------------------------------------
     Multipole            Electronic (a.u.)      Nuclear  (a.u.)        Total (a.u.)
 ------------------------------------------------------------------------------------

 L = 1.  Multiply by 2.5417464519 to convert [e a0] to [Debye]
 Dipole X            :         -0.0004622            0.0005662            0.0001040
 Dipole Y            :          1.7391435           -2.2297733           -0.4906299
 Dipole Z            :          0.0000000            0.0000000            0.0000000
 Magnitude           :                                                    0.4906299

 ------------------------------------------------------------------------------------

*** tstop() called on NUS-LAPTOP at Wed Aug 16 17:03:16 2023
Module time:
	user time   =       1.31 seconds =       0.02 minutes
	system time =       0.01 seconds =       0.00 minutes
	total time  =          1 seconds =       0.02 minutes
Total time:
	user time   =       6.12 seconds =       0.10 minutes
	system time =       0.11 seconds =       0.00 minutes
	total time  =          6 seconds =       0.10 minutes
