
    -----------------------------------------------------------------------
          Psi4: An Open-Source Ab Initio Electronic Structure Package
                               Psi4 1.8 release

                         Git: Rev {} zzzzzzz 


    D. G. A. Smith, L. A. Burns, A. C. Simmonett, R. M. Parrish,
    M. C. Schieber, R. Galvelis, P. Kraus, H. Kruse, R. Di Remigio,
    A. Alenaizan, A. M. James, S. Lehtola, J. P. Misiewicz, M. Scheurer,
    R. A. Shaw, J. B. Schriber, Y. Xie, Z. L. Glick, D. A. Sirianni,
    J. S. O'Brien, J. M. Waldrop, A. Kumar, E. G. Hohenstein,
    B. P. Pritchard, B. R. Brooks, H. F. Schaefer III, A. Yu. Sokolov,
    K. Patkowski, A. E. DePrince III, U. Bozkaya, R. A. King,
    F. A. Evangelista, J. M. Turney, T. D. Crawford, C. D. Sherrill,
    J. Chem. Phys. 152(18) 184108 (2020). https://doi.org/10.1063/5.0006002

                            Additional Code Authors
    E. T. Seidl, C. L. Janssen, E. F. Valeev, M. L. Leininger,
    J. F. Gonthier, R. M. Richard, H. R. McAlexander, M. Saitow, X. Wang,
    P. Verma, M. H. Lechner, A. Jiang, S. Behnle, A. G. Heide,
    M. F. Herbst, and D. L. Poole

             Previous Authors, Complete List of Code Contributors,
                       and Citations for Specific Modules
    https://github.com/psi4/psi4/blob/master/codemeta.json
    https://github.com/psi4/psi4/graphs/contributors
    http://psicode.org/psi4manual/master/introduction.html#citing-psifour

    -----------------------------------------------------------------------


    Psi4 started on: Wednesday, 16 August 2023 05:03PM

    Process ID: 19122
    Host:       NUS-LAPTOP
    PSIDATADIR: /home/stephen/src/psi4conda/share/psi4
    Memory:     500.0 MiB
    Threads:    1
    
Scratch directory: /tmp/
   => Libint2 <=

    Primary   basis highest AM E, G, H:  5, 4, 3
    Auxiliary basis highest AM E, G, H:  6, 5, 4
    Onebody   basis highest AM E, G, H:  6, 5, 4
    Solid Harmonics ordering:            gaussian

*** tstart() called on NUS-LAPTOP
*** at Wed Aug 16 17:03:33 2023

   => Loading Basis Set <=

    Name: 6-31G
    Role: ORBITAL
    Keyword: BASIS
    atoms 1   entry C          line    87 file /home/stephen/src/psi4conda/share/psi4/basis/6-31g.gbs 
    atoms 2   entry O          line   117 file /home/stephen/src/psi4conda/share/psi4/basis/6-31g.gbs 
    atoms 3-6 entry H          line    26 file /home/stephen/src/psi4conda/share/psi4/basis/6-31g.gbs 


         ---------------------------------------------------------
                                   SCF
               by Justin Turney, Rob Parrish, Andy Simmonett
                          and Daniel G. A. Smith
                              UKS Reference
                        1 Threads,    500 MiB Core
         ---------------------------------------------------------

  ==> Geometry <==

    Molecular point group: c1
    Full point group: Cs

    Geometry (in Angstrom), charge = 0, multiplicity = 1:

       Center              X                  Y                   Z               Mass       
    ------------   -----------------  -----------------  -----------------  -----------------
         C           -0.026295792322     0.726832765003     0.000000000000    12.000000000000
         O           -0.026295792322    -0.691298754997     0.000000000000    15.994914619570
         H           -1.066829292322     1.039703525003     0.000000000000     1.007825032230
         H            0.880717617678    -0.993279044997     0.000000000000     1.007825032230
         H            0.458272237678     1.135357605003     0.889541660000     1.007825032230
         H            0.458272237678     1.135357605003    -0.889541660000     1.007825032230

  Running in c1 symmetry.

  Rotational constants: A =      4.30262  B =      0.83007  C =      0.80134 [cm^-1]
  Rotational constants: A = 128989.40919  B =  24884.89214  C =  24023.62405 [MHz]
  Nuclear repulsion =   40.393360115891845

  Charge       = 0
  Multiplicity = 1
  Electrons    = 18
  Nalpha       = 9
  Nbeta        = 9

  ==> Algorithm <==

  SCF Algorithm Type is DF.
  DIIS enabled.
  MOM disabled.
  Fractional occupation disabled.
  Guess Type is SAD.
  Energy threshold   = 1.00e-08
  Density threshold  = 1.00e-06
  Integral threshold = 1.00e-12

  ==> Primary Basis <==

  Basis Set: 6-31G
    Blend: 6-31G
    Number of shells: 18
    Number of basis functions: 26
    Number of Cartesian functions: 26
    Spherical Harmonics?: false
    Max angular momentum: 1

  ==> DFT Potential <==

   => LibXC <=

    Version 6.1.0
    S. Lehtola, C. Steigemann, M. J.T. Oliveira, and M. A.L. Marques.,  SoftwareX 7, 1â€“5 (2018) (10.1016/j.softx.2017.11.002)

   => Composite Functional: PBE_CUSTOM <= 

    Perdew, Burke & Ernzerhof
    J. P. Perdew, K. Burke, and M. Ernzerhof.,  Phys. Rev. Lett. 77, 3865 (1996) (10.1103/PhysRevLett.77.3865)
    J. P. Perdew, K. Burke, and M. Ernzerhof.,  Phys. Rev. Lett. 78, 1396 (1997) (10.1103/PhysRevLett.78.1396)

    Deriv               =              1
    GGA                 =           TRUE
    Meta                =          FALSE

    Exchange Hybrid     =          FALSE
    MP2 Hybrid          =          FALSE

   => Exchange Functionals <=

    1.0000     XC_GGA_X_PBE

   => Correlation Functionals <=

    1.0000     XC_GGA_C_PBE

   => LibXC Density Thresholds  <==

    XC_GGA_C_PBE:  1.00E-12 
    XC_GGA_X_PBE:  1.00E-15 

   => Molecular Quadrature <=

    Radial Scheme          =       TREUTLER
    Pruning Scheme         =           NONE
    Nuclear Scheme         =       TREUTLER

    Blocking Scheme        =         OCTREE
    BS radius alpha        =              1
    Pruning alpha          =              1
    Radial Points          =             75
    Spherical Points       =            302
    Total Points           =         130194
    Total Blocks           =           1030
    Max Points             =            256
    Max Functions          =             26
    Weights Tolerance      =       1.00E-15

   => Loading Basis Set <=

    Name: (6-31G AUX)
    Role: JKFIT
    Keyword: DF_BASIS_SCF
    atoms 1   entry C          line   121 file /home/stephen/src/psi4conda/share/psi4/basis/cc-pvdz-jkfit.gbs 
    atoms 2   entry O          line   221 file /home/stephen/src/psi4conda/share/psi4/basis/cc-pvdz-jkfit.gbs 
    atoms 3-6 entry H          line    51 file /home/stephen/src/psi4conda/share/psi4/basis/cc-pvdz-jkfit.gbs 

  ==> Integral Setup <==

  DFHelper Memory: AOs need 0.002 GiB; user supplied 0.272 GiB. 
  Using in-core AOs.

  ==> MemDFJK: Density-Fitted J/K Matrices <==

    J tasked:                   Yes
    K tasked:                    No
    wK tasked:                   No
    OpenMP threads:               1
    Memory [MiB]:               278
    Algorithm:                 Core
    Schwarz Cutoff:           1E-12
    Mask sparsity (%):       0.0000
    Fitting Condition:        1E-10

   => Auxiliary Basis Set <=

  Basis Set: (6-31G AUX)
    Blend: CC-PVDZ-JKFIT
    Number of shells: 84
    Number of basis functions: 262
    Number of Cartesian functions: 262
    Spherical Harmonics?: false
    Max angular momentum: 3

  Cached 100.0% of DFT collocation blocks in 0.094 [GiB].

  Minimum eigenvalue in the overlap matrix is 1.6174662607E-02.
  Reciprocal condition number of the overlap matrix is 3.6772225437E-03.
    Using symmetric orthogonalization.

  ==> Pre-Iterations <==

  SCF Guess: Superposition of Atomic Densities via on-the-fly atomic UHF (no occupation information).

   -------------------------
    Irrep   Nso     Nmo    
   -------------------------
     A         26      26 
   -------------------------
    Total      26      26
   -------------------------

  ==> Iterations <==

                           Total Energy        Delta E     RMS |[F,P]|

   @DF-UKS iter SAD:  -115.19830104831578   -1.15198e+02   0.00000e+00 
   @DF-UKS iter   1:  -115.32553407426927   -1.27233e-01   2.58145e-02 DIIS/ADIIS
   @DF-UKS iter   2:  -115.01340582763392    3.12128e-01   4.11817e-02 DIIS/ADIIS
   @DF-UKS iter   3:  -115.52608808196067   -5.12682e-01   4.78234e-03 DIIS/ADIIS
   @DF-UKS iter   4:  -115.53293470773249   -6.84663e-03   1.96504e-03 DIIS/ADIIS
   @DF-UKS iter   5:  -115.53416730604887   -1.23260e-03   1.37228e-04 DIIS/ADIIS
   @DF-UKS iter   6:  -115.53417451004995   -7.20400e-06   1.72882e-05 DIIS
   @DF-UKS iter   7:  -115.53417460007320   -9.00232e-08   2.22010e-06 DIIS
   @DF-UKS iter   8:  -115.53417460203914   -1.96594e-09   1.97704e-07 DIIS
  Energy and wave function converged.


  ==> Post-Iterations <==

   Electrons on quadrature grid:
      Nalpha   =    8.9999977871 ; deviation = -2.213e-06
      Nbeta    =    8.9999977871 ; deviation = -2.213e-06
      Ntotal   =   17.9999955742 ; deviation = -4.426e-06 

   @Spin Contamination Metric:   2.664535259E-14
   @S^2 Expected:                0.000000000E+00
   @S^2 Observed:                2.664535259E-14
   @S   Expected:                0.000000000E+00
   @S   Observed:                0.000000000E+00

    Orbital Energies [Eh]
    ---------------------

    Alpha Occupied:                                                       

       1A    -18.754320     2A     -9.924238     3A     -0.937593  
       4A     -0.620383     5A     -0.454307     6A     -0.388501  
       7A     -0.373070     8A     -0.266486     9A     -0.205750  

    Alpha Virtual:                                                        

      10A      0.047785    11A      0.106947    12A      0.138788  
      13A      0.147708    14A      0.169582    15A      0.505647  
      16A      0.540797    17A      0.552367    18A      0.789688  
      19A      0.840464    20A      0.851619    21A      0.856706  
      22A      0.955907    23A      0.992272    24A      1.018040  
      25A      1.117011    26A      1.666989  

    Beta Occupied:                                                        

       1A    -18.754320     2A     -9.924238     3A     -0.937593  
       4A     -0.620383     5A     -0.454307     6A     -0.388501  
       7A     -0.373070     8A     -0.266486     9A     -0.205750  

    Beta Virtual:                                                         

      10A      0.047785    11A      0.106947    12A      0.138788  
      13A      0.147708    14A      0.169582    15A      0.505647  
      16A      0.540797    17A      0.552367    18A      0.789688  
      19A      0.840464    20A      0.851619    21A      0.856706  
      22A      0.955907    23A      0.992272    24A      1.018040  
      25A      1.117011    26A      1.666989  

    Final Occupation by Irrep:
              A 
    DOCC [     9 ]
    SOCC [     0 ]
    NA   [     9 ]
    NB   [     9 ]

  @DF-UKS Final Energy:  -115.53417460203914

   => Energetics <=

    Nuclear Repulsion Energy =             40.3933601158918449
    One-Electron Energy =                -237.0196936535977557
    Two-Electron Energy =                  96.4732127667804065
    DFT Exchange-Correlation Energy =     -15.3810538311136433
    Empirical Dispersion Energy =           0.0000000000000000
    VV10 Nonlocal Energy =                  0.0000000000000000
    Total Energy =                       -115.5341746020391440

  UHF NO Occupations:
  HONO-2 :    7  A 2.0000000
  HONO-1 :    8  A 2.0000000
  HONO-0 :    9  A 2.0000000
  LUNO+0 :   10  A 0.0000000
  LUNO+1 :   11  A 0.0000000
  LUNO+2 :   12  A 0.0000000
  LUNO+3 :   13  A 0.0000000


Computation Completed


Properties will be evaluated at   0.000000,   0.000000,   0.000000 [a0]

Properties computed using the SCF density matrix


 Multipole Moments:

 ------------------------------------------------------------------------------------
     Multipole            Electronic (a.u.)      Nuclear  (a.u.)        Total (a.u.)
 ------------------------------------------------------------------------------------

 L = 1.  Multiply by 2.5417464519 to convert [e a0] to [Debye]
 Dipole X            :         -0.0365978            0.6846321            0.6480343
 Dipole Y            :         -1.7509816            2.1689261            0.4179445
 Dipole Z            :          0.0000000            0.0000000            0.0000000
 Magnitude           :                                                    0.7711200

 ------------------------------------------------------------------------------------

*** tstop() called on NUS-LAPTOP at Wed Aug 16 17:03:35 2023
Module time:
	user time   =       1.11 seconds =       0.02 minutes
	system time =       0.01 seconds =       0.00 minutes
	total time  =          2 seconds =       0.03 minutes
Total time:
	user time   =      24.31 seconds =       0.41 minutes
	system time =       0.35 seconds =       0.01 minutes
	total time  =         25 seconds =       0.42 minutes
