
    -----------------------------------------------------------------------
          Psi4: An Open-Source Ab Initio Electronic Structure Package
                               Psi4 1.8 release

                         Git: Rev {} zzzzzzz 


    D. G. A. Smith, L. A. Burns, A. C. Simmonett, R. M. Parrish,
    M. C. Schieber, R. Galvelis, P. Kraus, H. Kruse, R. Di Remigio,
    A. Alenaizan, A. M. James, S. Lehtola, J. P. Misiewicz, M. Scheurer,
    R. A. Shaw, J. B. Schriber, Y. Xie, Z. L. Glick, D. A. Sirianni,
    J. S. O'Brien, J. M. Waldrop, A. Kumar, E. G. Hohenstein,
    B. P. Pritchard, B. R. Brooks, H. F. Schaefer III, A. Yu. Sokolov,
    K. Patkowski, A. E. DePrince III, U. Bozkaya, R. A. King,
    F. A. Evangelista, J. M. Turney, T. D. Crawford, C. D. Sherrill,
    J. Chem. Phys. 152(18) 184108 (2020). https://doi.org/10.1063/5.0006002

                            Additional Code Authors
    E. T. Seidl, C. L. Janssen, E. F. Valeev, M. L. Leininger,
    J. F. Gonthier, R. M. Richard, H. R. McAlexander, M. Saitow, X. Wang,
    P. Verma, M. H. Lechner, A. Jiang, S. Behnle, A. G. Heide,
    M. F. Herbst, and D. L. Poole

             Previous Authors, Complete List of Code Contributors,
                       and Citations for Specific Modules
    https://github.com/psi4/psi4/blob/master/codemeta.json
    https://github.com/psi4/psi4/graphs/contributors
    http://psicode.org/psi4manual/master/introduction.html#citing-psifour

    -----------------------------------------------------------------------


    Psi4 started on: Wednesday, 16 August 2023 05:03PM

    Process ID: 19122
    Host:       NUS-LAPTOP
    PSIDATADIR: /home/stephen/src/psi4conda/share/psi4
    Memory:     500.0 MiB
    Threads:    1
    
Scratch directory: /tmp/
   => Libint2 <=

    Primary   basis highest AM E, G, H:  5, 4, 3
    Auxiliary basis highest AM E, G, H:  6, 5, 4
    Onebody   basis highest AM E, G, H:  6, 5, 4
    Solid Harmonics ordering:            gaussian

*** tstart() called on NUS-LAPTOP
*** at Wed Aug 16 17:03:59 2023

   => Loading Basis Set <=

    Name: 6-31G
    Role: ORBITAL
    Keyword: BASIS
    atoms 1   entry N          line   102 file /home/stephen/src/psi4conda/share/psi4/basis/6-31g.gbs 
    atoms 2   entry O          line   117 file /home/stephen/src/psi4conda/share/psi4/basis/6-31g.gbs 
    atoms 3-6 entry H          line    26 file /home/stephen/src/psi4conda/share/psi4/basis/6-31g.gbs 


         ---------------------------------------------------------
                                   SCF
               by Justin Turney, Rob Parrish, Andy Simmonett
                          and Daniel G. A. Smith
                              UKS Reference
                        1 Threads,    500 MiB Core
         ---------------------------------------------------------

  ==> Geometry <==

    Molecular point group: c1
    Full point group: C1

    Geometry (in Angstrom), charge = 0, multiplicity = 2:

       Center              X                  Y                   Z               Mass       
    ------------   -----------------  -----------------  -----------------  -----------------
         N           -1.190708285151    -0.013353896115    -0.079219128421    14.003074004430
         O            1.139296174849    -0.062117846115     0.013049641579    15.994914619570
         H           -1.343074295151    -0.517062116115     0.789911111579     1.007825032230
         H           -1.378804345151     0.966385763885     0.115193711579     1.007825032230
         H           -0.070577645151    -0.123255816115    -0.329844358421     1.007825032230
         H            1.255117204849     0.845331173885     0.318330571579     1.007825032230

  Running in c1 symmetry.

  Rotational constants: A =      5.73943  B =      0.35951  C =      0.35146 [cm^-1]
  Rotational constants: A = 172063.92089  B =  10777.84665  C =  10536.45234 [MHz]
  Nuclear repulsion =   37.138983772639946

  Charge       = 0
  Multiplicity = 2
  Electrons    = 19
  Nalpha       = 10
  Nbeta        = 9

  ==> Algorithm <==

  SCF Algorithm Type is DF.
  DIIS enabled.
  MOM disabled.
  Fractional occupation disabled.
  Guess Type is SAD.
  Energy threshold   = 1.00e-08
  Density threshold  = 1.00e-06
  Integral threshold = 1.00e-12

  ==> Primary Basis <==

  Basis Set: 6-31G
    Blend: 6-31G
    Number of shells: 18
    Number of basis functions: 26
    Number of Cartesian functions: 26
    Spherical Harmonics?: false
    Max angular momentum: 1

  ==> DFT Potential <==

   => LibXC <=

    Version 6.1.0
    S. Lehtola, C. Steigemann, M. J.T. Oliveira, and M. A.L. Marques.,  SoftwareX 7, 1â€“5 (2018) (10.1016/j.softx.2017.11.002)

   => Composite Functional: PBE_CUSTOM <= 

    Perdew, Burke & Ernzerhof
    J. P. Perdew, K. Burke, and M. Ernzerhof.,  Phys. Rev. Lett. 77, 3865 (1996) (10.1103/PhysRevLett.77.3865)
    J. P. Perdew, K. Burke, and M. Ernzerhof.,  Phys. Rev. Lett. 78, 1396 (1997) (10.1103/PhysRevLett.78.1396)

    Deriv               =              1
    GGA                 =           TRUE
    Meta                =          FALSE

    Exchange Hybrid     =          FALSE
    MP2 Hybrid          =          FALSE

   => Exchange Functionals <=

    1.0000     XC_GGA_X_PBE

   => Correlation Functionals <=

    1.0000     XC_GGA_C_PBE

   => LibXC Density Thresholds  <==

    XC_GGA_C_PBE:  1.00E-12 
    XC_GGA_X_PBE:  1.00E-15 

   => Molecular Quadrature <=

    Radial Scheme          =       TREUTLER
    Pruning Scheme         =           NONE
    Nuclear Scheme         =       TREUTLER

    Blocking Scheme        =         OCTREE
    BS radius alpha        =              1
    Pruning alpha          =              1
    Radial Points          =             75
    Spherical Points       =            302
    Total Points           =         130378
    Total Blocks           =           1030
    Max Points             =            255
    Max Functions          =             26
    Weights Tolerance      =       1.00E-15

   => Loading Basis Set <=

    Name: (6-31G AUX)
    Role: JKFIT
    Keyword: DF_BASIS_SCF
    atoms 1   entry N          line   171 file /home/stephen/src/psi4conda/share/psi4/basis/cc-pvdz-jkfit.gbs 
    atoms 2   entry O          line   221 file /home/stephen/src/psi4conda/share/psi4/basis/cc-pvdz-jkfit.gbs 
    atoms 3-6 entry H          line    51 file /home/stephen/src/psi4conda/share/psi4/basis/cc-pvdz-jkfit.gbs 

  ==> Integral Setup <==

  DFHelper Memory: AOs need 0.002 GiB; user supplied 0.274 GiB. 
  Using in-core AOs.

  ==> MemDFJK: Density-Fitted J/K Matrices <==

    J tasked:                   Yes
    K tasked:                    No
    wK tasked:                   No
    OpenMP threads:               1
    Memory [MiB]:               280
    Algorithm:                 Core
    Schwarz Cutoff:           1E-12
    Mask sparsity (%):       0.2959
    Fitting Condition:        1E-10

   => Auxiliary Basis Set <=

  Basis Set: (6-31G AUX)
    Blend: CC-PVDZ-JKFIT
    Number of shells: 84
    Number of basis functions: 262
    Number of Cartesian functions: 262
    Spherical Harmonics?: false
    Max angular momentum: 3

  Cached 100.0% of DFT collocation blocks in 0.092 [GiB].

  Minimum eigenvalue in the overlap matrix is 2.5432615653E-02.
  Reciprocal condition number of the overlap matrix is 6.0676381135E-03.
    Using symmetric orthogonalization.

  ==> Pre-Iterations <==

  SCF Guess: Superposition of Atomic Densities via on-the-fly atomic UHF (no occupation information).

   -------------------------
    Irrep   Nso     Nmo    
   -------------------------
     A         26      26 
   -------------------------
    Total      26      26
   -------------------------

  ==> Iterations <==

                           Total Energy        Delta E     RMS |[F,P]|

   @DF-UKS iter SAD:  -131.64437478099686   -1.31644e+02   0.00000e+00 
   @DF-UKS iter   1:  -131.85372378093541   -2.09349e-01   2.89586e-02 DIIS/ADIIS
   @DF-UKS iter   2:  -131.53950346949784    3.14220e-01   4.27002e-02 DIIS/ADIIS
   @DF-UKS iter   3:  -132.09089635346294   -5.51393e-01   4.22835e-03 DIIS/ADIIS
   @DF-UKS iter   4:  -132.07434587561096    1.65505e-02   7.86510e-03 DIIS/ADIIS
   @DF-UKS iter   5:  -132.09694704821078   -2.26012e-02   2.33251e-04 DIIS/ADIIS
   @DF-UKS iter   6:  -132.09697138164745   -2.43334e-05   3.79422e-05 DIIS
   @DF-UKS iter   7:  -132.09697240271794   -1.02107e-06   6.92839e-06 DIIS
   @DF-UKS iter   8:  -132.09697244165770   -3.89398e-08   2.68925e-06 DIIS
   @DF-UKS iter   9:  -132.09697244514282   -3.48513e-09   3.03580e-07 DIIS
  Energy and wave function converged.


  ==> Post-Iterations <==

   Electrons on quadrature grid:
      Nalpha   =   10.0000030986 ; deviation = 3.099e-06
      Nbeta    =    9.0000030072 ; deviation = 3.007e-06
      Ntotal   =   19.0000061059 ; deviation = 6.106e-06 

   @Spin Contamination Metric:   2.435822070E-03
   @S^2 Expected:                7.500000000E-01
   @S^2 Observed:                7.524358221E-01
   @S   Expected:                5.000000000E-01
   @S   Observed:                5.000000000E-01

    Orbital Energies [Eh]
    ---------------------

    Alpha Occupied:                                                       

       1A    -18.760314     2A    -14.023007     3A     -0.899588  
       4A     -0.808165     5A     -0.467052     6A     -0.451034  
       7A     -0.353090     8A     -0.281165     9A     -0.231559  
      10A     -0.228049  

    Alpha Virtual:                                                        

      11A      0.028726    12A      0.084865    13A      0.114656  
      14A      0.265048    15A      0.596405    16A      0.629824  
      17A      0.669430    18A      0.777531    19A      0.791324  
      20A      0.834417    21A      0.839043    22A      0.896910  
      23A      0.946926    24A      1.057145    25A      1.297329  
      26A      1.479334  

    Beta Occupied:                                                        

       1A    -18.748447     2A    -14.012975     3A     -0.874668  
       4A     -0.785679     5A     -0.453482     6A     -0.442647  
       7A     -0.336841     8A     -0.245977     9A     -0.214918  

    Beta Virtual:                                                         

      10A     -0.171785    11A      0.034399    12A      0.089892  
      13A      0.118253    14A      0.273372    15A      0.622735  
      16A      0.634860    17A      0.688388    18A      0.785378  
      19A      0.803513    20A      0.840381    21A      0.844023  
      22A      0.906618    23A      0.963494    24A      1.075059  
      25A      1.313360    26A      1.497162  

    Final Occupation by Irrep:
              A 
    DOCC [     9 ]
    SOCC [     1 ]
    NA   [    10 ]
    NB   [     9 ]

  @DF-UKS Final Energy:  -132.09697244514282

   => Energetics <=

    Nuclear Repulsion Energy =             37.1389837726399463
    One-Electron Energy =                -253.8656144175066345
    Two-Electron Energy =                 101.4142369611406878
    DFT Exchange-Correlation Energy =     -16.7845787614168209
    Empirical Dispersion Energy =           0.0000000000000000
    VV10 Nonlocal Energy =                  0.0000000000000000
    Total Energy =                       -132.0969724451428249

  UHF NO Occupations:
  HONO-2 :    8  A 1.9998795
  HONO-1 :    9  A 1.9991623
  HONO-0 :   10  A 1.0000000
  LUNO+0 :   11  A 0.0008377
  LUNO+1 :   12  A 0.0001205
  LUNO+2 :   13  A 0.0000987
  LUNO+3 :   14  A 0.0000874


Computation Completed


Properties will be evaluated at   0.000000,   0.000000,   0.000000 [a0]

Properties computed using the SCF density matrix


 Multipole Moments:

 ------------------------------------------------------------------------------------
     Multipole            Electronic (a.u.)      Nuclear  (a.u.)        Total (a.u.)
 ------------------------------------------------------------------------------------

 L = 1.  Multiply by 2.5417464519 to convert [e a0] to [Debye]
 Dipole X            :          0.8885244           -1.4322757           -0.5437513
 Dipole Y            :         -0.1708191            1.0978911            0.9270720
 Dipole Z            :         -0.1034937            0.8380071            0.7345134
 Magnitude           :                                                    1.3017826

 ------------------------------------------------------------------------------------

*** tstop() called on NUS-LAPTOP at Wed Aug 16 17:04:00 2023
Module time:
	user time   =       1.26 seconds =       0.02 minutes
	system time =       0.02 seconds =       0.00 minutes
	total time  =          1 seconds =       0.02 minutes
Total time:
	user time   =      49.15 seconds =       0.82 minutes
	system time =       0.75 seconds =       0.01 minutes
	total time  =         50 seconds =       0.83 minutes
