
    -----------------------------------------------------------------------
          Psi4: An Open-Source Ab Initio Electronic Structure Package
                               Psi4 1.8 release

                         Git: Rev {} zzzzzzz 


    D. G. A. Smith, L. A. Burns, A. C. Simmonett, R. M. Parrish,
    M. C. Schieber, R. Galvelis, P. Kraus, H. Kruse, R. Di Remigio,
    A. Alenaizan, A. M. James, S. Lehtola, J. P. Misiewicz, M. Scheurer,
    R. A. Shaw, J. B. Schriber, Y. Xie, Z. L. Glick, D. A. Sirianni,
    J. S. O'Brien, J. M. Waldrop, A. Kumar, E. G. Hohenstein,
    B. P. Pritchard, B. R. Brooks, H. F. Schaefer III, A. Yu. Sokolov,
    K. Patkowski, A. E. DePrince III, U. Bozkaya, R. A. King,
    F. A. Evangelista, J. M. Turney, T. D. Crawford, C. D. Sherrill,
    J. Chem. Phys. 152(18) 184108 (2020). https://doi.org/10.1063/5.0006002

                            Additional Code Authors
    E. T. Seidl, C. L. Janssen, E. F. Valeev, M. L. Leininger,
    J. F. Gonthier, R. M. Richard, H. R. McAlexander, M. Saitow, X. Wang,
    P. Verma, M. H. Lechner, A. Jiang, S. Behnle, A. G. Heide,
    M. F. Herbst, and D. L. Poole

             Previous Authors, Complete List of Code Contributors,
                       and Citations for Specific Modules
    https://github.com/psi4/psi4/blob/master/codemeta.json
    https://github.com/psi4/psi4/graphs/contributors
    http://psicode.org/psi4manual/master/introduction.html#citing-psifour

    -----------------------------------------------------------------------


    Psi4 started on: Wednesday, 16 August 2023 05:03PM

    Process ID: 19122
    Host:       NUS-LAPTOP
    PSIDATADIR: /home/stephen/src/psi4conda/share/psi4
    Memory:     500.0 MiB
    Threads:    1
    
Scratch directory: /tmp/
   => Libint2 <=

    Primary   basis highest AM E, G, H:  5, 4, 3
    Auxiliary basis highest AM E, G, H:  6, 5, 4
    Onebody   basis highest AM E, G, H:  6, 5, 4
    Solid Harmonics ordering:            gaussian

*** tstart() called on NUS-LAPTOP
*** at Wed Aug 16 17:03:52 2023

   => Loading Basis Set <=

    Name: 6-31G
    Role: ORBITAL
    Keyword: BASIS
    atoms 1, 3 entry H          line    26 file /home/stephen/src/psi4conda/share/psi4/basis/6-31g.gbs 
    atoms 2    entry CL         line   294 file /home/stephen/src/psi4conda/share/psi4/basis/6-31g.gbs 


         ---------------------------------------------------------
                                   SCF
               by Justin Turney, Rob Parrish, Andy Simmonett
                          and Daniel G. A. Smith
                              UKS Reference
                        1 Threads,    500 MiB Core
         ---------------------------------------------------------

  ==> Geometry <==

    Molecular point group: c1
    Full point group: C_inf_v

    Geometry (in Angstrom), charge = 0, multiplicity = 2:

       Center              X                  Y                   Z               Mass       
    ------------   -----------------  -----------------  -----------------  -----------------
         H            0.000000000000     0.000000000000    -1.438646839128     1.007825032230
         CL           0.000000000000     0.000000000000     0.105233600872    34.968852682000
         H            0.000000000000     0.000000000000    -2.212679699128     1.007825032230

  Running in c1 symmetry.

  Rotational constants: A = ************  B =      2.27578  C =      2.27578 [cm^-1]
  Rotational constants: A = ************  B =  68226.12748  C =  68226.12748 [MHz]
  Nuclear repulsion =   10.391629116439070

  Charge       = 0
  Multiplicity = 2
  Electrons    = 19
  Nalpha       = 10
  Nbeta        = 9

  ==> Algorithm <==

  SCF Algorithm Type is DF.
  DIIS enabled.
  MOM disabled.
  Fractional occupation disabled.
  Guess Type is SAD.
  Energy threshold   = 1.00e-08
  Density threshold  = 1.00e-06
  Integral threshold = 1.00e-12

  ==> Primary Basis <==

  Basis Set: 6-31G
    Blend: 6-31G
    Number of shells: 11
    Number of basis functions: 17
    Number of Cartesian functions: 17
    Spherical Harmonics?: false
    Max angular momentum: 1

  ==> DFT Potential <==

   => LibXC <=

    Version 6.1.0
    S. Lehtola, C. Steigemann, M. J.T. Oliveira, and M. A.L. Marques.,  SoftwareX 7, 1â€“5 (2018) (10.1016/j.softx.2017.11.002)

   => Composite Functional: PBE_CUSTOM <= 

    Perdew, Burke & Ernzerhof
    J. P. Perdew, K. Burke, and M. Ernzerhof.,  Phys. Rev. Lett. 77, 3865 (1996) (10.1103/PhysRevLett.77.3865)
    J. P. Perdew, K. Burke, and M. Ernzerhof.,  Phys. Rev. Lett. 78, 1396 (1997) (10.1103/PhysRevLett.78.1396)

    Deriv               =              1
    GGA                 =           TRUE
    Meta                =          FALSE

    Exchange Hybrid     =          FALSE
    MP2 Hybrid          =          FALSE

   => Exchange Functionals <=

    1.0000     XC_GGA_X_PBE

   => Correlation Functionals <=

    1.0000     XC_GGA_C_PBE

   => LibXC Density Thresholds  <==

    XC_GGA_C_PBE:  1.00E-12 
    XC_GGA_X_PBE:  1.00E-15 

   => Molecular Quadrature <=

    Radial Scheme          =       TREUTLER
    Pruning Scheme         =           NONE
    Nuclear Scheme         =       TREUTLER

    Blocking Scheme        =         OCTREE
    BS radius alpha        =              1
    Pruning alpha          =              1
    Radial Points          =             75
    Spherical Points       =            302
    Total Points           =          64430
    Total Blocks           =            532
    Max Points             =            254
    Max Functions          =             17
    Weights Tolerance      =       1.00E-15

   => Loading Basis Set <=

    Name: (6-31G AUX)
    Role: JKFIT
    Keyword: DF_BASIS_SCF
    atoms 1, 3 entry H          line    51 file /home/stephen/src/psi4conda/share/psi4/basis/cc-pvdz-jkfit.gbs 
    atoms 2    entry CL         line   667 file /home/stephen/src/psi4conda/share/psi4/basis/cc-pvdz-jkfit.gbs 

  ==> Integral Setup <==

  DFHelper Memory: AOs need 0.001 GiB; user supplied 0.339 GiB. 
  Using in-core AOs.

  ==> MemDFJK: Density-Fitted J/K Matrices <==

    J tasked:                   Yes
    K tasked:                    No
    wK tasked:                   No
    OpenMP threads:               1
    Memory [MiB]:               346
    Algorithm:                 Core
    Schwarz Cutoff:           1E-12
    Mask sparsity (%):       0.0000
    Fitting Condition:        1E-10

   => Auxiliary Basis Set <=

  Basis Set: (6-31G AUX)
    Blend: CC-PVDZ-JKFIT
    Number of shells: 54
    Number of basis functions: 180
    Number of Cartesian functions: 180
    Spherical Harmonics?: false
    Max angular momentum: 3

  Cached 100.0% of DFT collocation blocks in 0.028 [GiB].

  Minimum eigenvalue in the overlap matrix is 2.4073673725E-02.
  Reciprocal condition number of the overlap matrix is 6.9478241020E-03.
    Using symmetric orthogonalization.

  ==> Pre-Iterations <==

  SCF Guess: Superposition of Atomic Densities via on-the-fly atomic UHF (no occupation information).

   -------------------------
    Irrep   Nso     Nmo    
   -------------------------
     A         17      17 
   -------------------------
    Total      17      17
   -------------------------

  ==> Iterations <==

                           Total Energy        Delta E     RMS |[F,P]|

   @DF-UKS iter SAD:  -460.93581851956549   -4.60936e+02   0.00000e+00 
   @DF-UKS iter   1:  -461.06074582949083   -1.24927e-01   8.77509e-03 DIIS/ADIIS
   @DF-UKS iter   2:  -461.05848622114632    2.25961e-03   9.54718e-03 DIIS/ADIIS
   @DF-UKS iter   3:  -461.07576554675109   -1.72793e-02   1.42492e-03 DIIS/ADIIS
   @DF-UKS iter   4:  -461.07633102912854   -5.65482e-04   2.01201e-04 DIIS/ADIIS
   @DF-UKS iter   5:  -461.07634735058315   -1.63215e-05   5.07985e-05 DIIS
   @DF-UKS iter   6:  -461.07634809277494   -7.42192e-07   8.01311e-06 DIIS
   @DF-UKS iter   7:  -461.07634810815654   -1.53816e-08   8.19462e-07 DIIS
   @DF-UKS iter   8:  -461.07634810833486   -1.78318e-10   9.19590e-08 DIIS
  Energy and wave function converged.


  ==> Post-Iterations <==

   Electrons on quadrature grid:
      Nalpha   =   10.0000000032 ; deviation = 3.191e-09
      Nbeta    =    8.9999999923 ; deviation = -7.693e-09
      Ntotal   =   18.9999999955 ; deviation = -4.502e-09 

   @Spin Contamination Metric:   2.617969420E-03
   @S^2 Expected:                7.500000000E-01
   @S^2 Observed:                7.526179694E-01
   @S   Expected:                5.000000000E-01
   @S   Observed:                5.000000000E-01

    Orbital Energies [Eh]
    ---------------------

    Alpha Occupied:                                                       

       1A   -100.672587     2A     -9.187990     3A     -7.019875  
       4A     -6.999802     5A     -6.999802     6A     -0.764078  
       7A     -0.497331     8A     -0.289525     9A     -0.289454  
      10A     -0.289454  

    Alpha Virtual:                                                        

      11A      0.108699    12A      0.346754    13A      0.405174  
      14A      0.405174    15A      0.425300    16A      0.680815  
      17A      1.001449  

    Beta Occupied:                                                        

       1A   -100.668385     2A     -9.183877     3A     -7.008410  
       4A     -6.997120     5A     -6.997120     6A     -0.738533  
       7A     -0.463195     8A     -0.278137     9A     -0.278137  

    Beta Virtual:                                                         

      10A     -0.232050    11A      0.139202    12A      0.362541  
      13A      0.411053    14A      0.411053    15A      0.451524  
      16A      0.716808    17A      1.030152  

    Final Occupation by Irrep:
              A 
    DOCC [     9 ]
    SOCC [     1 ]
    NA   [    10 ]
    NB   [     9 ]

  @DF-UKS Final Energy:  -461.07634810833486

   => Energetics <=

    Nuclear Repulsion Energy =             10.3916291164390699
    One-Electron Energy =                -656.9867655211453439
    Two-Electron Energy =                 214.2596446543128081
    DFT Exchange-Correlation Energy =     -28.7408563579413858
    Empirical Dispersion Energy =           0.0000000000000000
    VV10 Nonlocal Energy =                  0.0000000000000000
    Total Energy =                       -461.0763481083348552

  UHF NO Occupations:
  HONO-2 :    8  A 1.9999571
  HONO-1 :    9  A 1.9987760
  HONO-0 :   10  A 1.0000000
  LUNO+0 :   11  A 0.0012240
  LUNO+1 :   12  A 0.0000429
  LUNO+2 :   13  A 0.0000214
  LUNO+3 :   14  A 0.0000214


Computation Completed


Properties will be evaluated at   0.000000,   0.000000,   0.000000 [a0]

Properties computed using the SCF density matrix


 Multipole Moments:

 ------------------------------------------------------------------------------------
     Multipole            Electronic (a.u.)      Nuclear  (a.u.)        Total (a.u.)
 ------------------------------------------------------------------------------------

 L = 1.  Multiply by 2.5417464519 to convert [e a0] to [Debye]
 Dipole X            :          0.0000000            0.0000000            0.0000000
 Dipole Y            :         -0.0000000            0.0000000           -0.0000000
 Dipole Z            :          2.8812649           -3.5193415           -0.6380766
 Magnitude           :                                                    0.6380766

 ------------------------------------------------------------------------------------

*** tstop() called on NUS-LAPTOP at Wed Aug 16 17:03:52 2023
Module time:
	user time   =       0.55 seconds =       0.01 minutes
	system time =       0.01 seconds =       0.00 minutes
	total time  =          0 seconds =       0.00 minutes
Total time:
	user time   =      41.85 seconds =       0.70 minutes
	system time =       0.62 seconds =       0.01 minutes
	total time  =         42 seconds =       0.70 minutes
