
    -----------------------------------------------------------------------
          Psi4: An Open-Source Ab Initio Electronic Structure Package
                               Psi4 1.8 release

                         Git: Rev {} zzzzzzz 


    D. G. A. Smith, L. A. Burns, A. C. Simmonett, R. M. Parrish,
    M. C. Schieber, R. Galvelis, P. Kraus, H. Kruse, R. Di Remigio,
    A. Alenaizan, A. M. James, S. Lehtola, J. P. Misiewicz, M. Scheurer,
    R. A. Shaw, J. B. Schriber, Y. Xie, Z. L. Glick, D. A. Sirianni,
    J. S. O'Brien, J. M. Waldrop, A. Kumar, E. G. Hohenstein,
    B. P. Pritchard, B. R. Brooks, H. F. Schaefer III, A. Yu. Sokolov,
    K. Patkowski, A. E. DePrince III, U. Bozkaya, R. A. King,
    F. A. Evangelista, J. M. Turney, T. D. Crawford, C. D. Sherrill,
    J. Chem. Phys. 152(18) 184108 (2020). https://doi.org/10.1063/5.0006002

                            Additional Code Authors
    E. T. Seidl, C. L. Janssen, E. F. Valeev, M. L. Leininger,
    J. F. Gonthier, R. M. Richard, H. R. McAlexander, M. Saitow, X. Wang,
    P. Verma, M. H. Lechner, A. Jiang, S. Behnle, A. G. Heide,
    M. F. Herbst, and D. L. Poole

             Previous Authors, Complete List of Code Contributors,
                       and Citations for Specific Modules
    https://github.com/psi4/psi4/blob/master/codemeta.json
    https://github.com/psi4/psi4/graphs/contributors
    http://psicode.org/psi4manual/master/introduction.html#citing-psifour

    -----------------------------------------------------------------------


    Psi4 started on: Wednesday, 16 August 2023 05:03PM

    Process ID: 19122
    Host:       NUS-LAPTOP
    PSIDATADIR: /home/stephen/src/psi4conda/share/psi4
    Memory:     500.0 MiB
    Threads:    1
    
Scratch directory: /tmp/
   => Libint2 <=

    Primary   basis highest AM E, G, H:  5, 4, 3
    Auxiliary basis highest AM E, G, H:  6, 5, 4
    Onebody   basis highest AM E, G, H:  6, 5, 4
    Solid Harmonics ordering:            gaussian

*** tstart() called on NUS-LAPTOP
*** at Wed Aug 16 17:03:17 2023

   => Loading Basis Set <=

    Name: 6-31G
    Role: ORBITAL
    Keyword: BASIS
    atoms 1   entry H          line    26 file /home/stephen/src/psi4conda/share/psi4/basis/6-31g.gbs 
    atoms 2-3 entry F          line   132 file /home/stephen/src/psi4conda/share/psi4/basis/6-31g.gbs 


         ---------------------------------------------------------
                                   SCF
               by Justin Turney, Rob Parrish, Andy Simmonett
                          and Daniel G. A. Smith
                              UKS Reference
                        1 Threads,    500 MiB Core
         ---------------------------------------------------------

  ==> Geometry <==

    Molecular point group: c1
    Full point group: C_inf_v

    Geometry (in Angstrom), charge = 0, multiplicity = 2:

       Center              X                  Y                   Z               Mass       
    ------------   -----------------  -----------------  -----------------  -----------------
         H            0.000000000000     0.000000000000    -2.294379645669     1.007825032230
         F            0.000000000000     0.000000000000    -0.679320105669    18.998403162730
         F            0.000000000000     0.000000000000     0.801032084331    18.998403162730

  Running in c1 symmetry.

  Rotational constants: A = ************  B =      0.64188  C =      0.64188 [cm^-1]
  Rotational constants: A = ************  B =  19242.97104  C =  19242.97104 [MHz]
  Nuclear repulsion =   33.442300092340837

  Charge       = 0
  Multiplicity = 2
  Electrons    = 19
  Nalpha       = 10
  Nbeta        = 9

  ==> Algorithm <==

  SCF Algorithm Type is DF.
  DIIS enabled.
  MOM disabled.
  Fractional occupation disabled.
  Guess Type is SAD.
  Energy threshold   = 1.00e-08
  Density threshold  = 1.00e-06
  Integral threshold = 1.00e-12

  ==> Primary Basis <==

  Basis Set: 6-31G
    Blend: 6-31G
    Number of shells: 12
    Number of basis functions: 20
    Number of Cartesian functions: 20
    Spherical Harmonics?: false
    Max angular momentum: 1

  ==> DFT Potential <==

   => LibXC <=

    Version 6.1.0
    S. Lehtola, C. Steigemann, M. J.T. Oliveira, and M. A.L. Marques.,  SoftwareX 7, 1â€“5 (2018) (10.1016/j.softx.2017.11.002)

   => Composite Functional: PBE_CUSTOM <= 

    Perdew, Burke & Ernzerhof
    J. P. Perdew, K. Burke, and M. Ernzerhof.,  Phys. Rev. Lett. 77, 3865 (1996) (10.1103/PhysRevLett.77.3865)
    J. P. Perdew, K. Burke, and M. Ernzerhof.,  Phys. Rev. Lett. 78, 1396 (1997) (10.1103/PhysRevLett.78.1396)

    Deriv               =              1
    GGA                 =           TRUE
    Meta                =          FALSE

    Exchange Hybrid     =          FALSE
    MP2 Hybrid          =          FALSE

   => Exchange Functionals <=

    1.0000     XC_GGA_X_PBE

   => Correlation Functionals <=

    1.0000     XC_GGA_C_PBE

   => LibXC Density Thresholds  <==

    XC_GGA_C_PBE:  1.00E-12 
    XC_GGA_X_PBE:  1.00E-15 

   => Molecular Quadrature <=

    Radial Scheme          =       TREUTLER
    Pruning Scheme         =           NONE
    Nuclear Scheme         =       TREUTLER

    Blocking Scheme        =         OCTREE
    BS radius alpha        =              1
    Pruning alpha          =              1
    Radial Points          =             75
    Spherical Points       =            302
    Total Points           =          65959
    Total Blocks           =            559
    Max Points             =            255
    Max Functions          =             20
    Weights Tolerance      =       1.00E-15

   => Loading Basis Set <=

    Name: (6-31G AUX)
    Role: JKFIT
    Keyword: DF_BASIS_SCF
    atoms 1   entry H          line    51 file /home/stephen/src/psi4conda/share/psi4/basis/cc-pvdz-jkfit.gbs 
    atoms 2-3 entry F          line   271 file /home/stephen/src/psi4conda/share/psi4/basis/cc-pvdz-jkfit.gbs 

  ==> Integral Setup <==

  DFHelper Memory: AOs need 0.001 GiB; user supplied 0.333 GiB. 
  Using in-core AOs.

  ==> MemDFJK: Density-Fitted J/K Matrices <==

    J tasked:                   Yes
    K tasked:                    No
    wK tasked:                   No
    OpenMP threads:               1
    Memory [MiB]:               341
    Algorithm:                 Core
    Schwarz Cutoff:           1E-12
    Mask sparsity (%):       0.5000
    Fitting Condition:        1E-10

   => Auxiliary Basis Set <=

  Basis Set: (6-31G AUX)
    Blend: CC-PVDZ-JKFIT
    Number of shells: 57
    Number of basis functions: 187
    Number of Cartesian functions: 187
    Spherical Harmonics?: false
    Max angular momentum: 3

  Cached 100.0% of DFT collocation blocks in 0.033 [GiB].

  Minimum eigenvalue in the overlap matrix is 8.4131138282E-02.
  Reciprocal condition number of the overlap matrix is 3.4502032669E-02.
    Using symmetric orthogonalization.

  ==> Pre-Iterations <==

  SCF Guess: Superposition of Atomic Densities via on-the-fly atomic UHF (no occupation information).

   -------------------------
    Irrep   Nso     Nmo    
   -------------------------
     A         20      20 
   -------------------------
    Total      20      20
   -------------------------

  ==> Iterations <==

                           Total Energy        Delta E     RMS |[F,P]|

   @DF-UKS iter SAD:  -199.53008944737456   -1.99530e+02   0.00000e+00 
   @DF-UKS iter   1:  -199.75482910590586   -2.24740e-01   1.60521e-02 DIIS/ADIIS
   @DF-UKS iter   2:  -198.86724373464918    8.87585e-01   5.89954e-02 DIIS/ADIIS
   @DF-UKS iter   3:  -199.79248518487913   -9.25241e-01   1.16329e-02 DIIS/ADIIS
   @DF-UKS iter   4:  -199.80853939397770   -1.60542e-02   5.48804e-03 DIIS/ADIIS
   @DF-UKS iter   5:  -199.81269096678596   -4.15157e-03   1.23182e-03 DIIS/ADIIS
   @DF-UKS iter   6:  -199.81294479899125   -2.53832e-04   7.16562e-04 DIIS/ADIIS
   @DF-UKS iter   7:  -199.81309620176441   -1.51403e-04   9.14361e-05 DIIS
   @DF-UKS iter   8:  -199.81309903417142   -2.83241e-06   1.60644e-05 DIIS
   @DF-UKS iter   9:  -199.81309911449850   -8.03271e-08   3.09961e-06 DIIS
   @DF-UKS iter  10:  -199.81309911969123   -5.19273e-09   1.26738e-06 DIIS
   @DF-UKS iter  11:  -199.81309912004536   -3.54134e-10   1.15153e-07 DIIS
  Energy and wave function converged.


  ==> Post-Iterations <==

   Electrons on quadrature grid:
      Nalpha   =   10.0000017995 ; deviation = 1.799e-06
      Nbeta    =    9.0000017821 ; deviation = 1.782e-06
      Ntotal   =   19.0000035815 ; deviation = 3.582e-06 

   @Spin Contamination Metric:   1.085951061E-02
   @S^2 Expected:                7.500000000E-01
   @S^2 Observed:                7.608595106E-01
   @S   Expected:                5.000000000E-01
   @S   Observed:                5.000000000E-01

    Orbital Energies [Eh]
    ---------------------

    Alpha Occupied:                                                       

       1A    -24.320450     2A    -24.300561     3A     -1.159910  
       4A     -0.974290     5A     -0.518833     6A     -0.395303  
       7A     -0.395303     8A     -0.302803     9A     -0.290296  
      10A     -0.290296  

    Alpha Virtual:                                                        

      11A     -0.158814    12A      0.623761    13A      1.030767  
      14A      1.030767    15A      1.127829    16A      1.228029  
      17A      1.228029    18A      1.289573    19A      1.377529  
      20A      1.858260  

    Beta Occupied:                                                        

       1A    -24.320909     2A    -24.290991     3A     -1.150277  
       4A     -0.963320     5A     -0.497693     6A     -0.391581  
       7A     -0.391581     8A     -0.284302     9A     -0.284302  

    Beta Virtual:                                                         

      10A     -0.200309    11A     -0.067681    12A      0.804296  
      13A      1.033605    14A      1.033605    15A      1.154036  
      16A      1.231621    17A      1.231621    18A      1.300114  
      19A      1.393050    20A      1.868572  

    Final Occupation by Irrep:
              A 
    DOCC [     9 ]
    SOCC [     1 ]
    NA   [    10 ]
    NB   [     9 ]

  @DF-UKS Final Energy:  -199.81309912004536

   => Energetics <=

    Nuclear Repulsion Energy =             33.4423000923408367
    One-Electron Energy =                -346.0515399830248953
    Two-Electron Energy =                 133.7385919579162419
    DFT Exchange-Correlation Energy =     -20.9424511872775270
    Empirical Dispersion Energy =           0.0000000000000000
    VV10 Nonlocal Energy =                  0.0000000000000000
    Total Energy =                       -199.8130991200453650

  UHF NO Occupations:
  HONO-2 :    8  A 1.9999896
  HONO-1 :    9  A 1.9945828
  HONO-0 :   10  A 1.0000000
  LUNO+0 :   11  A 0.0054172
  LUNO+1 :   12  A 0.0000104
  LUNO+2 :   13  A 0.0000058
  LUNO+3 :   14  A 0.0000058


Computation Completed


Properties will be evaluated at   0.000000,   0.000000,   0.000000 [a0]

Properties computed using the SCF density matrix


 Multipole Moments:

 ------------------------------------------------------------------------------------
     Multipole            Electronic (a.u.)      Nuclear  (a.u.)        Total (a.u.)
 ------------------------------------------------------------------------------------

 L = 1.  Multiply by 2.5417464519 to convert [e a0] to [Debye]
 Dipole X            :         -0.0000000            0.0000000           -0.0000000
 Dipole Y            :         -0.0000000            0.0000000           -0.0000000
 Dipole Z            :          1.5438307           -2.2657284           -0.7218977
 Magnitude           :                                                    0.7218977

 ------------------------------------------------------------------------------------

*** tstop() called on NUS-LAPTOP at Wed Aug 16 17:03:18 2023
Module time:
	user time   =       0.64 seconds =       0.01 minutes
	system time =       0.02 seconds =       0.00 minutes
	total time  =          1 seconds =       0.02 minutes
Total time:
	user time   =       7.71 seconds =       0.13 minutes
	system time =       0.14 seconds =       0.00 minutes
	total time  =          8 seconds =       0.13 minutes
