
    -----------------------------------------------------------------------
          Psi4: An Open-Source Ab Initio Electronic Structure Package
                               Psi4 1.8 release

                         Git: Rev {} zzzzzzz 


    D. G. A. Smith, L. A. Burns, A. C. Simmonett, R. M. Parrish,
    M. C. Schieber, R. Galvelis, P. Kraus, H. Kruse, R. Di Remigio,
    A. Alenaizan, A. M. James, S. Lehtola, J. P. Misiewicz, M. Scheurer,
    R. A. Shaw, J. B. Schriber, Y. Xie, Z. L. Glick, D. A. Sirianni,
    J. S. O'Brien, J. M. Waldrop, A. Kumar, E. G. Hohenstein,
    B. P. Pritchard, B. R. Brooks, H. F. Schaefer III, A. Yu. Sokolov,
    K. Patkowski, A. E. DePrince III, U. Bozkaya, R. A. King,
    F. A. Evangelista, J. M. Turney, T. D. Crawford, C. D. Sherrill,
    J. Chem. Phys. 152(18) 184108 (2020). https://doi.org/10.1063/5.0006002

                            Additional Code Authors
    E. T. Seidl, C. L. Janssen, E. F. Valeev, M. L. Leininger,
    J. F. Gonthier, R. M. Richard, H. R. McAlexander, M. Saitow, X. Wang,
    P. Verma, M. H. Lechner, A. Jiang, S. Behnle, A. G. Heide,
    M. F. Herbst, and D. L. Poole

             Previous Authors, Complete List of Code Contributors,
                       and Citations for Specific Modules
    https://github.com/psi4/psi4/blob/master/codemeta.json
    https://github.com/psi4/psi4/graphs/contributors
    http://psicode.org/psi4manual/master/introduction.html#citing-psifour

    -----------------------------------------------------------------------


    Psi4 started on: Wednesday, 16 August 2023 05:03PM

    Process ID: 19122
    Host:       NUS-LAPTOP
    PSIDATADIR: /home/stephen/src/psi4conda/share/psi4
    Memory:     500.0 MiB
    Threads:    1
    
Scratch directory: /tmp/
   => Libint2 <=

    Primary   basis highest AM E, G, H:  5, 4, 3
    Auxiliary basis highest AM E, G, H:  6, 5, 4
    Onebody   basis highest AM E, G, H:  6, 5, 4
    Solid Harmonics ordering:            gaussian

*** tstart() called on NUS-LAPTOP
*** at Wed Aug 16 17:03:23 2023

   => Loading Basis Set <=

    Name: 6-31G
    Role: ORBITAL
    Keyword: BASIS
    atoms 1   entry C          line    87 file /home/stephen/src/psi4conda/share/psi4/basis/6-31g.gbs 
    atoms 2   entry CL         line   294 file /home/stephen/src/psi4conda/share/psi4/basis/6-31g.gbs 
    atoms 3-5 entry H          line    26 file /home/stephen/src/psi4conda/share/psi4/basis/6-31g.gbs 


         ---------------------------------------------------------
                                   SCF
               by Justin Turney, Rob Parrish, Andy Simmonett
                          and Daniel G. A. Smith
                              UKS Reference
                        1 Threads,    500 MiB Core
         ---------------------------------------------------------

  ==> Geometry <==

    Molecular point group: c1
    Full point group: C1v

    Geometry (in Angstrom), charge = 0, multiplicity = 1:

       Center              X                  Y                   Z               Mass       
    ------------   -----------------  -----------------  -----------------  -----------------
         C            0.000000000000    -1.226156383371     0.000000000000    12.000000000000
         CL           0.000000000000     0.556562386629     0.000000000000    34.968852682000
         H            0.513997800000    -1.570534353371    -0.890270300000     1.007825032230
         H            0.513997800000    -1.570534353371     0.890270300000     1.007825032230
         H           -1.027995600000    -1.570534353371     0.000000000000     1.007825032230

  Running in c1 symmetry.

  Rotational constants: A =      5.27603  B =      0.44446  C =      0.44446 [cm^-1]
  Rotational constants: A = 158171.52218  B =  13324.43842  C =  13324.43842 [MHz]
  Nuclear repulsion =   51.378491498294785

  Charge       = 0
  Multiplicity = 1
  Electrons    = 26
  Nalpha       = 13
  Nbeta        = 13

  ==> Algorithm <==

  SCF Algorithm Type is DF.
  DIIS enabled.
  MOM disabled.
  Fractional occupation disabled.
  Guess Type is SAD.
  Energy threshold   = 1.00e-08
  Density threshold  = 1.00e-06
  Integral threshold = 1.00e-12

  ==> Primary Basis <==

  Basis Set: 6-31G
    Blend: 6-31G
    Number of shells: 18
    Number of basis functions: 28
    Number of Cartesian functions: 28
    Spherical Harmonics?: false
    Max angular momentum: 1

  ==> DFT Potential <==

   => LibXC <=

    Version 6.1.0
    S. Lehtola, C. Steigemann, M. J.T. Oliveira, and M. A.L. Marques.,  SoftwareX 7, 1â€“5 (2018) (10.1016/j.softx.2017.11.002)

   => Composite Functional: PBE_CUSTOM <= 

    Perdew, Burke & Ernzerhof
    J. P. Perdew, K. Burke, and M. Ernzerhof.,  Phys. Rev. Lett. 77, 3865 (1996) (10.1103/PhysRevLett.77.3865)
    J. P. Perdew, K. Burke, and M. Ernzerhof.,  Phys. Rev. Lett. 78, 1396 (1997) (10.1103/PhysRevLett.78.1396)

    Deriv               =              1
    GGA                 =           TRUE
    Meta                =          FALSE

    Exchange Hybrid     =          FALSE
    MP2 Hybrid          =          FALSE

   => Exchange Functionals <=

    1.0000     XC_GGA_X_PBE

   => Correlation Functionals <=

    1.0000     XC_GGA_C_PBE

   => LibXC Density Thresholds  <==

    XC_GGA_C_PBE:  1.00E-12 
    XC_GGA_X_PBE:  1.00E-15 

   => Molecular Quadrature <=

    Radial Scheme          =       TREUTLER
    Pruning Scheme         =           NONE
    Nuclear Scheme         =       TREUTLER

    Blocking Scheme        =         OCTREE
    BS radius alpha        =              1
    Pruning alpha          =              1
    Radial Points          =             75
    Spherical Points       =            302
    Total Points           =         107276
    Total Blocks           =            882
    Max Points             =            255
    Max Functions          =             28
    Weights Tolerance      =       1.00E-15

   => Loading Basis Set <=

    Name: (6-31G AUX)
    Role: JKFIT
    Keyword: DF_BASIS_SCF
    atoms 1   entry C          line   121 file /home/stephen/src/psi4conda/share/psi4/basis/cc-pvdz-jkfit.gbs 
    atoms 2   entry CL         line   667 file /home/stephen/src/psi4conda/share/psi4/basis/cc-pvdz-jkfit.gbs 
    atoms 3-5 entry H          line    51 file /home/stephen/src/psi4conda/share/psi4/basis/cc-pvdz-jkfit.gbs 

  ==> Integral Setup <==

  DFHelper Memory: AOs need 0.002 GiB; user supplied 0.290 GiB. 
  Using in-core AOs.

  ==> MemDFJK: Density-Fitted J/K Matrices <==

    J tasked:                   Yes
    K tasked:                    No
    wK tasked:                   No
    OpenMP threads:               1
    Memory [MiB]:               297
    Algorithm:                 Core
    Schwarz Cutoff:           1E-12
    Mask sparsity (%):       0.2551
    Fitting Condition:        1E-10

   => Auxiliary Basis Set <=

  Basis Set: (6-31G AUX)
    Blend: CC-PVDZ-JKFIT
    Number of shells: 87
    Number of basis functions: 286
    Number of Cartesian functions: 286
    Spherical Harmonics?: false
    Max angular momentum: 3

  Cached 100.0% of DFT collocation blocks in 0.076 [GiB].

  Minimum eigenvalue in the overlap matrix is 1.9256928529E-02.
  Reciprocal condition number of the overlap matrix is 4.4052371820E-03.
    Using symmetric orthogonalization.

  ==> Pre-Iterations <==

  SCF Guess: Superposition of Atomic Densities via on-the-fly atomic UHF (no occupation information).

   -------------------------
    Irrep   Nso     Nmo    
   -------------------------
     A         28      28 
   -------------------------
    Total      28      28
   -------------------------

  ==> Iterations <==

                           Total Energy        Delta E     RMS |[F,P]|

   @DF-UKS iter SAD:  -499.57289829719736   -4.99573e+02   0.00000e+00 
   @DF-UKS iter   1:  -499.67620015701266   -1.03302e-01   1.78975e-02 DIIS/ADIIS
   @DF-UKS iter   2:  -499.54984319742323    1.26357e-01   2.32737e-02 DIIS/ADIIS
   @DF-UKS iter   3:  -499.81070895091676   -2.60866e-01   2.06887e-03 DIIS/ADIIS
   @DF-UKS iter   4:  -499.81258235438872   -1.87340e-03   6.95198e-04 DIIS/ADIIS
   @DF-UKS iter   5:  -499.81283809080122   -2.55736e-04   4.97983e-05 DIIS
   @DF-UKS iter   6:  -499.81283962777280   -1.53697e-06   3.01337e-06 DIIS
   @DF-UKS iter   7:  -499.81283963321914   -5.44634e-09   4.00665e-07 DIIS
  Energy and wave function converged.


  ==> Post-Iterations <==

   Electrons on quadrature grid:
      Nalpha   =   13.0000008046 ; deviation = 8.046e-07
      Nbeta    =   13.0000008046 ; deviation = 8.046e-07
      Ntotal   =   26.0000016093 ; deviation = 1.609e-06 

   @Spin Contamination Metric:   3.552713679E-15
   @S^2 Expected:                0.000000000E+00
   @S^2 Observed:                3.552713679E-15
   @S   Expected:                0.000000000E+00
   @S   Observed:                0.000000000E+00

    Orbital Energies [Eh]
    ---------------------

    Alpha Occupied:                                                       

       1A   -100.647361     2A     -9.945392     3A     -9.165032  
       4A     -6.991602     5A     -6.977547     6A     -6.977547  
       7A     -0.789647     8A     -0.614834     9A     -0.408422  
      10A     -0.408422    11A     -0.376434    12A     -0.254066  
      13A     -0.254066  

    Alpha Virtual:                                                        

      14A      0.003118    15A      0.082452    16A      0.118823  
      17A      0.118823    18A      0.387487    19A      0.430565  
      20A      0.430565    21A      0.459509    22A      0.523957  
      23A      0.534153    24A      0.534153    25A      0.857662  
      26A      0.857663    27A      0.885671    28A      1.096604  

    Beta Occupied:                                                        

       1A   -100.647361     2A     -9.945392     3A     -9.165032  
       4A     -6.991602     5A     -6.977547     6A     -6.977547  
       7A     -0.789647     8A     -0.614834     9A     -0.408422  
      10A     -0.408422    11A     -0.376434    12A     -0.254066  
      13A     -0.254066  

    Beta Virtual:                                                         

      14A      0.003118    15A      0.082452    16A      0.118823  
      17A      0.118823    18A      0.387487    19A      0.430565  
      20A      0.430565    21A      0.459509    22A      0.523957  
      23A      0.534153    24A      0.534153    25A      0.857662  
      26A      0.857663    27A      0.885671    28A      1.096604  

    Final Occupation by Irrep:
              A 
    DOCC [    13 ]
    SOCC [     0 ]
    NA   [    13 ]
    NB   [    13 ]

  @DF-UKS Final Energy:  -499.81283963321914

   => Energetics <=

    Nuclear Repulsion Energy =             51.3784914982947853
    One-Electron Energy =                -790.2855190091255508
    Two-Electron Energy =                 273.6395453702447753
    DFT Exchange-Correlation Energy =     -34.5453574926332010
    Empirical Dispersion Energy =           0.0000000000000000
    VV10 Nonlocal Energy =                  0.0000000000000000
    Total Energy =                       -499.8128396332191414

  UHF NO Occupations:
  HONO-2 :   11  A 2.0000000
  HONO-1 :   12  A 2.0000000
  HONO-0 :   13  A 2.0000000
  LUNO+0 :   14  A 0.0000000
  LUNO+1 :   15  A 0.0000000
  LUNO+2 :   16  A 0.0000000
  LUNO+3 :   17  A 0.0000000


Computation Completed


Properties will be evaluated at   0.000000,   0.000000,   0.000000 [a0]

Properties computed using the SCF density matrix


 Multipole Moments:

 ------------------------------------------------------------------------------------
     Multipole            Electronic (a.u.)      Nuclear  (a.u.)        Total (a.u.)
 ------------------------------------------------------------------------------------

 L = 1.  Multiply by 2.5417464519 to convert [e a0] to [Debye]
 Dipole X            :         -0.0000004            0.0000000           -0.0000004
 Dipole Y            :          4.0658771           -4.9264797           -0.8606026
 Dipole Z            :          0.0000000            0.0000000            0.0000000
 Magnitude           :                                                    0.8606026

 ------------------------------------------------------------------------------------

*** tstop() called on NUS-LAPTOP at Wed Aug 16 17:03:24 2023
Module time:
	user time   =       0.87 seconds =       0.01 minutes
	system time =       0.01 seconds =       0.00 minutes
	total time  =          1 seconds =       0.02 minutes
Total time:
	user time   =      13.86 seconds =       0.23 minutes
	system time =       0.22 seconds =       0.00 minutes
	total time  =         14 seconds =       0.23 minutes
