
    -----------------------------------------------------------------------
          Psi4: An Open-Source Ab Initio Electronic Structure Package
                               Psi4 1.8 release

                         Git: Rev {} zzzzzzz 


    D. G. A. Smith, L. A. Burns, A. C. Simmonett, R. M. Parrish,
    M. C. Schieber, R. Galvelis, P. Kraus, H. Kruse, R. Di Remigio,
    A. Alenaizan, A. M. James, S. Lehtola, J. P. Misiewicz, M. Scheurer,
    R. A. Shaw, J. B. Schriber, Y. Xie, Z. L. Glick, D. A. Sirianni,
    J. S. O'Brien, J. M. Waldrop, A. Kumar, E. G. Hohenstein,
    B. P. Pritchard, B. R. Brooks, H. F. Schaefer III, A. Yu. Sokolov,
    K. Patkowski, A. E. DePrince III, U. Bozkaya, R. A. King,
    F. A. Evangelista, J. M. Turney, T. D. Crawford, C. D. Sherrill,
    J. Chem. Phys. 152(18) 184108 (2020). https://doi.org/10.1063/5.0006002

                            Additional Code Authors
    E. T. Seidl, C. L. Janssen, E. F. Valeev, M. L. Leininger,
    J. F. Gonthier, R. M. Richard, H. R. McAlexander, M. Saitow, X. Wang,
    P. Verma, M. H. Lechner, A. Jiang, S. Behnle, A. G. Heide,
    M. F. Herbst, and D. L. Poole

             Previous Authors, Complete List of Code Contributors,
                       and Citations for Specific Modules
    https://github.com/psi4/psi4/blob/master/codemeta.json
    https://github.com/psi4/psi4/graphs/contributors
    http://psicode.org/psi4manual/master/introduction.html#citing-psifour

    -----------------------------------------------------------------------


    Psi4 started on: Wednesday, 16 August 2023 05:03PM

    Process ID: 19122
    Host:       NUS-LAPTOP
    PSIDATADIR: /home/stephen/src/psi4conda/share/psi4
    Memory:     500.0 MiB
    Threads:    1
    
Scratch directory: /tmp/
   => Libint2 <=

    Primary   basis highest AM E, G, H:  5, 4, 3
    Auxiliary basis highest AM E, G, H:  6, 5, 4
    Onebody   basis highest AM E, G, H:  6, 5, 4
    Solid Harmonics ordering:            gaussian

*** tstart() called on NUS-LAPTOP
*** at Wed Aug 16 17:03:10 2023

   => Loading Basis Set <=

    Name: 6-31G
    Role: ORBITAL
    Keyword: BASIS
    atoms 1-2 entry N          line   102 file /home/stephen/src/psi4conda/share/psi4/basis/6-31g.gbs 
    atoms 3   entry O          line   117 file /home/stephen/src/psi4conda/share/psi4/basis/6-31g.gbs 


         ---------------------------------------------------------
                                   SCF
               by Justin Turney, Rob Parrish, Andy Simmonett
                          and Daniel G. A. Smith
                              UKS Reference
                        1 Threads,    500 MiB Core
         ---------------------------------------------------------

  ==> Geometry <==

    Molecular point group: c1
    Full point group: C_inf_v

    Geometry (in Angstrom), charge = 0, multiplicity = 1:

       Center              X                  Y                   Z               Mass       
    ------------   -----------------  -----------------  -----------------  -----------------
         N            0.000000000000     0.000000000000    -1.195458866216    14.003074004430
         N            0.000000000000     0.000000000000    -0.074893766216    14.003074004430
         O            0.000000000000     0.000000000000     1.112156103784    15.994914619570

  Running in c1 symmetry.

  Rotational constants: A = ************  B =      0.42277  C =      0.42277 [cm^-1]
  Rotational constants: A = ************  B =  12674.20468  C =  12674.20468 [MHz]
  Nuclear repulsion =   60.945971134303065

  Charge       = 0
  Multiplicity = 1
  Electrons    = 22
  Nalpha       = 11
  Nbeta        = 11

  ==> Algorithm <==

  SCF Algorithm Type is DF.
  DIIS enabled.
  MOM disabled.
  Fractional occupation disabled.
  Guess Type is SAD.
  Energy threshold   = 1.00e-08
  Density threshold  = 1.00e-06
  Integral threshold = 1.00e-12

  ==> Primary Basis <==

  Basis Set: 6-31G
    Blend: 6-31G
    Number of shells: 15
    Number of basis functions: 27
    Number of Cartesian functions: 27
    Spherical Harmonics?: false
    Max angular momentum: 1

  ==> DFT Potential <==

   => LibXC <=

    Version 6.1.0
    S. Lehtola, C. Steigemann, M. J.T. Oliveira, and M. A.L. Marques.,  SoftwareX 7, 1â€“5 (2018) (10.1016/j.softx.2017.11.002)

   => Composite Functional: PBE_CUSTOM <= 

    Perdew, Burke & Ernzerhof
    J. P. Perdew, K. Burke, and M. Ernzerhof.,  Phys. Rev. Lett. 77, 3865 (1996) (10.1103/PhysRevLett.77.3865)
    J. P. Perdew, K. Burke, and M. Ernzerhof.,  Phys. Rev. Lett. 78, 1396 (1997) (10.1103/PhysRevLett.78.1396)

    Deriv               =              1
    GGA                 =           TRUE
    Meta                =          FALSE

    Exchange Hybrid     =          FALSE
    MP2 Hybrid          =          FALSE

   => Exchange Functionals <=

    1.0000     XC_GGA_X_PBE

   => Correlation Functionals <=

    1.0000     XC_GGA_C_PBE

   => LibXC Density Thresholds  <==

    XC_GGA_C_PBE:  1.00E-12 
    XC_GGA_X_PBE:  1.00E-15 

   => Molecular Quadrature <=

    Radial Scheme          =       TREUTLER
    Pruning Scheme         =           NONE
    Nuclear Scheme         =       TREUTLER

    Blocking Scheme        =         OCTREE
    BS radius alpha        =              1
    Pruning alpha          =              1
    Radial Points          =             75
    Spherical Points       =            302
    Total Points           =          62962
    Total Blocks           =            549
    Max Points             =            255
    Max Functions          =             27
    Weights Tolerance      =       1.00E-15

   => Loading Basis Set <=

    Name: (6-31G AUX)
    Role: JKFIT
    Keyword: DF_BASIS_SCF
    atoms 1-2 entry N          line   171 file /home/stephen/src/psi4conda/share/psi4/basis/cc-pvdz-jkfit.gbs 
    atoms 3   entry O          line   221 file /home/stephen/src/psi4conda/share/psi4/basis/cc-pvdz-jkfit.gbs 

  ==> Integral Setup <==

  DFHelper Memory: AOs need 0.002 GiB; user supplied 0.320 GiB. 
  Using in-core AOs.

  ==> MemDFJK: Density-Fitted J/K Matrices <==

    J tasked:                   Yes
    K tasked:                    No
    wK tasked:                   No
    OpenMP threads:               1
    Memory [MiB]:               327
    Algorithm:                 Core
    Schwarz Cutoff:           1E-12
    Mask sparsity (%):       0.2743
    Fitting Condition:        1E-10

   => Auxiliary Basis Set <=

  Basis Set: (6-31G AUX)
    Blend: CC-PVDZ-JKFIT
    Number of shells: 72
    Number of basis functions: 243
    Number of Cartesian functions: 243
    Spherical Harmonics?: false
    Max angular momentum: 3

  Cached 100.0% of DFT collocation blocks in 0.046 [GiB].

  Minimum eigenvalue in the overlap matrix is 2.2061853220E-03.
  Reciprocal condition number of the overlap matrix is 6.2047411766E-04.
    Using symmetric orthogonalization.

  ==> Pre-Iterations <==

  SCF Guess: Superposition of Atomic Densities via on-the-fly atomic UHF (no occupation information).

   -------------------------
    Irrep   Nso     Nmo    
   -------------------------
     A         27      27 
   -------------------------
    Total      27      27
   -------------------------

  ==> Iterations <==

                           Total Energy        Delta E     RMS |[F,P]|

   @DF-UKS iter SAD:  -184.32107387019892   -1.84321e+02   0.00000e+00 
   @DF-UKS iter   1:  -184.29430160589516    2.67723e-02   1.91684e-02 DIIS/ADIIS
   @DF-UKS iter   2:  -183.88983148886541    4.04470e-01   3.99075e-02 DIIS/ADIIS
   @DF-UKS iter   3:  -184.27132330294921   -3.81492e-01   2.12499e-02 DIIS/ADIIS
   @DF-UKS iter   4:  -184.38388672726822   -1.12563e-01   7.98604e-03 DIIS/ADIIS
   @DF-UKS iter   5:  -184.40305977021882   -1.91730e-02   1.80892e-03 DIIS/ADIIS
   @DF-UKS iter   6:  -184.40408974900012   -1.02998e-03   6.95557e-05 DIIS
   @DF-UKS iter   7:  -184.40409079118820   -1.04219e-06   3.57584e-05 DIIS
   @DF-UKS iter   8:  -184.40409121221830   -4.21030e-07   1.37300e-06 DIIS
   @DF-UKS iter   9:  -184.40409121276275   -5.44446e-10   1.79675e-07 DIIS
  Energy and wave function converged.


  ==> Post-Iterations <==

   Electrons on quadrature grid:
      Nalpha   =   11.0000001250 ; deviation = 1.250e-07
      Nbeta    =   11.0000001250 ; deviation = 1.250e-07
      Ntotal   =   22.0000002500 ; deviation = 2.500e-07 

   @Spin Contamination Metric:   3.552713679E-15
   @S^2 Expected:                0.000000000E+00
   @S^2 Observed:                3.552713679E-15
   @S   Expected:                0.000000000E+00
   @S   Observed:                0.000000000E+00

    Orbital Energies [Eh]
    ---------------------

    Alpha Occupied:                                                       

       1A    -18.875138     2A    -14.215998     3A    -14.103277  
       4A     -1.183185     5A     -1.044653     6A     -0.530847  
       7A     -0.525105     8A     -0.525105     9A     -0.405566  
      10A     -0.299010    11A     -0.299010  

    Alpha Virtual:                                                        

      12A     -0.054790    13A     -0.054790    14A      0.078856  
      15A      0.396194    16A      0.550438    17A      0.550438  
      18A      0.598607    19A      0.705522    20A      0.705522  
      21A      0.715508    22A      0.747724    23A      0.907096  
      24A      0.907096    25A      0.986227    26A      1.332345  
      27A      1.895077  

    Beta Occupied:                                                        

       1A    -18.875138     2A    -14.215998     3A    -14.103277  
       4A     -1.183185     5A     -1.044653     6A     -0.530847  
       7A     -0.525105     8A     -0.525105     9A     -0.405566  
      10A     -0.299010    11A     -0.299010  

    Beta Virtual:                                                         

      12A     -0.054790    13A     -0.054790    14A      0.078856  
      15A      0.396194    16A      0.550438    17A      0.550438  
      18A      0.598607    19A      0.705522    20A      0.705522  
      21A      0.715508    22A      0.747724    23A      0.907096  
      24A      0.907096    25A      0.986227    26A      1.332345  
      27A      1.895077  

    Final Occupation by Irrep:
              A 
    DOCC [    11 ]
    SOCC [     0 ]
    NA   [    11 ]
    NB   [    11 ]

  @DF-UKS Final Energy:  -184.40409121276275

   => Energetics <=

    Nuclear Repulsion Energy =             60.9459711343030648
    One-Electron Energy =                -370.8765162314242616
    Two-Electron Energy =                 147.6447325951045002
    DFT Exchange-Correlation Energy =     -22.1182787107460541
    Empirical Dispersion Energy =           0.0000000000000000
    VV10 Nonlocal Energy =                  0.0000000000000000
    Total Energy =                       -184.4040912127627507

  UHF NO Occupations:
  HONO-2 :    9  A 2.0000000
  HONO-1 :   10  A 2.0000000
  HONO-0 :   11  A 2.0000000
  LUNO+0 :   12  A 0.0000000
  LUNO+1 :   13  A 0.0000000
  LUNO+2 :   14  A 0.0000000
  LUNO+3 :   15  A 0.0000000


Computation Completed


Properties will be evaluated at   0.000000,   0.000000,   0.000000 [a0]

Properties computed using the SCF density matrix


 Multipole Moments:

 ------------------------------------------------------------------------------------
     Multipole            Electronic (a.u.)      Nuclear  (a.u.)        Total (a.u.)
 ------------------------------------------------------------------------------------

 L = 1.  Multiply by 2.5417464519 to convert [e a0] to [Debye]
 Dipole X            :         -0.0000000            0.0000000           -0.0000000
 Dipole Y            :          0.0000000            0.0000000            0.0000000
 Dipole Z            :         -0.0105716            0.0090337           -0.0015379
 Magnitude           :                                                    0.0015379

 ------------------------------------------------------------------------------------

*** tstop() called on NUS-LAPTOP at Wed Aug 16 17:03:11 2023
Module time:
	user time   =       0.61 seconds =       0.01 minutes
	system time =       0.03 seconds =       0.00 minutes
	total time  =          1 seconds =       0.02 minutes
Total time:
	user time   =       0.80 seconds =       0.01 minutes
	system time =       0.05 seconds =       0.00 minutes
	total time  =          1 seconds =       0.02 minutes
