
    -----------------------------------------------------------------------
          Psi4: An Open-Source Ab Initio Electronic Structure Package
                               Psi4 1.8 release

                         Git: Rev {} zzzzzzz 


    D. G. A. Smith, L. A. Burns, A. C. Simmonett, R. M. Parrish,
    M. C. Schieber, R. Galvelis, P. Kraus, H. Kruse, R. Di Remigio,
    A. Alenaizan, A. M. James, S. Lehtola, J. P. Misiewicz, M. Scheurer,
    R. A. Shaw, J. B. Schriber, Y. Xie, Z. L. Glick, D. A. Sirianni,
    J. S. O'Brien, J. M. Waldrop, A. Kumar, E. G. Hohenstein,
    B. P. Pritchard, B. R. Brooks, H. F. Schaefer III, A. Yu. Sokolov,
    K. Patkowski, A. E. DePrince III, U. Bozkaya, R. A. King,
    F. A. Evangelista, J. M. Turney, T. D. Crawford, C. D. Sherrill,
    J. Chem. Phys. 152(18) 184108 (2020). https://doi.org/10.1063/5.0006002

                            Additional Code Authors
    E. T. Seidl, C. L. Janssen, E. F. Valeev, M. L. Leininger,
    J. F. Gonthier, R. M. Richard, H. R. McAlexander, M. Saitow, X. Wang,
    P. Verma, M. H. Lechner, A. Jiang, S. Behnle, A. G. Heide,
    M. F. Herbst, and D. L. Poole

             Previous Authors, Complete List of Code Contributors,
                       and Citations for Specific Modules
    https://github.com/psi4/psi4/blob/master/codemeta.json
    https://github.com/psi4/psi4/graphs/contributors
    http://psicode.org/psi4manual/master/introduction.html#citing-psifour

    -----------------------------------------------------------------------


    Psi4 started on: Wednesday, 16 August 2023 05:03PM

    Process ID: 19122
    Host:       NUS-LAPTOP
    PSIDATADIR: /home/stephen/src/psi4conda/share/psi4
    Memory:     500.0 MiB
    Threads:    1
    
Scratch directory: /tmp/
   => Libint2 <=

    Primary   basis highest AM E, G, H:  5, 4, 3
    Auxiliary basis highest AM E, G, H:  6, 5, 4
    Onebody   basis highest AM E, G, H:  6, 5, 4
    Solid Harmonics ordering:            gaussian

*** tstart() called on NUS-LAPTOP
*** at Wed Aug 16 17:03:54 2023

   => Loading Basis Set <=

    Name: 6-31G
    Role: ORBITAL
    Keyword: BASIS
    atoms 1   entry C          line    87 file /home/stephen/src/psi4conda/share/psi4/basis/6-31g.gbs 
    atoms 2-6 entry H          line    26 file /home/stephen/src/psi4conda/share/psi4/basis/6-31g.gbs 


         ---------------------------------------------------------
                                   SCF
               by Justin Turney, Rob Parrish, Andy Simmonett
                          and Daniel G. A. Smith
                              UKS Reference
                        1 Threads,    500 MiB Core
         ---------------------------------------------------------

  ==> Geometry <==

    Molecular point group: c1
    Full point group: Cs

    Geometry (in Angstrom), charge = 0, multiplicity = 2:

       Center              X                  Y                   Z               Mass       
    ------------   -----------------  -----------------  -----------------  -----------------
         C            0.000000083990     0.172293965641     0.000000000000    12.000000000000
         H            1.053427943990     0.424148995641     0.000000000000     1.007825032230
         H           -0.526627056010     0.424506185641     0.912248660000     1.007825032230
         H           -0.526627056010     0.424506185641    -0.912248660000     1.007825032230
         H           -0.000259916010    -1.210289554359     0.000000000000     1.007825032230
         H            0.000085083990    -2.114346544359     0.000000000000     1.007825032230

  Running in c1 symmetry.

  Rotational constants: A =      5.02489  B =      1.96938  C =      1.96937 [cm^-1]
  Rotational constants: A = 150642.40663  B =  59040.45861  C =  59040.37088 [MHz]
  Nuclear repulsion =   15.328619069890300

  Charge       = 0
  Multiplicity = 2
  Electrons    = 11
  Nalpha       = 6
  Nbeta        = 5

  ==> Algorithm <==

  SCF Algorithm Type is DF.
  DIIS enabled.
  MOM disabled.
  Fractional occupation disabled.
  Guess Type is SAD.
  Energy threshold   = 1.00e-08
  Density threshold  = 1.00e-06
  Integral threshold = 1.00e-12

  ==> Primary Basis <==

  Basis Set: 6-31G
    Blend: 6-31G
    Number of shells: 15
    Number of basis functions: 19
    Number of Cartesian functions: 19
    Spherical Harmonics?: false
    Max angular momentum: 1

  ==> DFT Potential <==

   => LibXC <=

    Version 6.1.0
    S. Lehtola, C. Steigemann, M. J.T. Oliveira, and M. A.L. Marques.,  SoftwareX 7, 1â€“5 (2018) (10.1016/j.softx.2017.11.002)

   => Composite Functional: PBE_CUSTOM <= 

    Perdew, Burke & Ernzerhof
    J. P. Perdew, K. Burke, and M. Ernzerhof.,  Phys. Rev. Lett. 77, 3865 (1996) (10.1103/PhysRevLett.77.3865)
    J. P. Perdew, K. Burke, and M. Ernzerhof.,  Phys. Rev. Lett. 78, 1396 (1997) (10.1103/PhysRevLett.78.1396)

    Deriv               =              1
    GGA                 =           TRUE
    Meta                =          FALSE

    Exchange Hybrid     =          FALSE
    MP2 Hybrid          =          FALSE

   => Exchange Functionals <=

    1.0000     XC_GGA_X_PBE

   => Correlation Functionals <=

    1.0000     XC_GGA_C_PBE

   => LibXC Density Thresholds  <==

    XC_GGA_C_PBE:  1.00E-12 
    XC_GGA_X_PBE:  1.00E-15 

   => Molecular Quadrature <=

    Radial Scheme          =       TREUTLER
    Pruning Scheme         =           NONE
    Nuclear Scheme         =       TREUTLER

    Blocking Scheme        =         OCTREE
    BS radius alpha        =              1
    Pruning alpha          =              1
    Radial Points          =             75
    Spherical Points       =            302
    Total Points           =         130965
    Total Blocks           =           1048
    Max Points             =            256
    Max Functions          =             19
    Weights Tolerance      =       1.00E-15

   => Loading Basis Set <=

    Name: (6-31G AUX)
    Role: JKFIT
    Keyword: DF_BASIS_SCF
    atoms 1   entry C          line   121 file /home/stephen/src/psi4conda/share/psi4/basis/cc-pvdz-jkfit.gbs 
    atoms 2-6 entry H          line    51 file /home/stephen/src/psi4conda/share/psi4/basis/cc-pvdz-jkfit.gbs 

  ==> Integral Setup <==

  DFHelper Memory: AOs need 0.001 GiB; user supplied 0.295 GiB. 
  Using in-core AOs.

  ==> MemDFJK: Density-Fitted J/K Matrices <==

    J tasked:                   Yes
    K tasked:                    No
    wK tasked:                   No
    OpenMP threads:               1
    Memory [MiB]:               301
    Algorithm:                 Core
    Schwarz Cutoff:           1E-12
    Mask sparsity (%):       0.0000
    Fitting Condition:        1E-10

   => Auxiliary Basis Set <=

  Basis Set: (6-31G AUX)
    Blend: CC-PVDZ-JKFIT
    Number of shells: 69
    Number of basis functions: 206
    Number of Cartesian functions: 206
    Spherical Harmonics?: false
    Max angular momentum: 3

  Cached 100.0% of DFT collocation blocks in 0.072 [GiB].

  Minimum eigenvalue in the overlap matrix is 1.6487358661E-02.
  Reciprocal condition number of the overlap matrix is 3.8034726702E-03.
    Using symmetric orthogonalization.

  ==> Pre-Iterations <==

  SCF Guess: Superposition of Atomic Densities via on-the-fly atomic UHF (no occupation information).

   -------------------------
    Irrep   Nso     Nmo    
   -------------------------
     A         19      19 
   -------------------------
    Total      19      19
   -------------------------

  ==> Iterations <==

                           Total Energy        Delta E     RMS |[F,P]|

   @DF-UKS iter SAD:   -40.51434792405659   -4.05143e+01   0.00000e+00 
   @DF-UKS iter   1:   -40.71956904999823   -2.05221e-01   3.16394e-02 DIIS/ADIIS
   @DF-UKS iter   2:   -40.46861982773635    2.50949e-01   4.25344e-02 DIIS/ADIIS
   @DF-UKS iter   3:   -40.91834091768978   -4.49721e-01   2.43212e-03 DIIS/ADIIS
   @DF-UKS iter   4:   -40.91946480087843   -1.12388e-03   6.84353e-04 DIIS/ADIIS
   @DF-UKS iter   5:   -40.91963999999268   -1.75199e-04   1.08994e-04 DIIS/ADIIS
   @DF-UKS iter   6:   -40.91964430491944   -4.30493e-06   2.24432e-05 DIIS
   @DF-UKS iter   7:   -40.91964446417311   -1.59254e-07   7.63792e-06 DIIS
   @DF-UKS iter   8:   -40.91964448109515   -1.69220e-08   5.89016e-07 DIIS
   @DF-UKS iter   9:   -40.91964448125376   -1.58614e-10   1.94252e-07 DIIS
  Energy and wave function converged.


  ==> Post-Iterations <==

   Electrons on quadrature grid:
      Nalpha   =    5.9999987750 ; deviation = -1.225e-06
      Nbeta    =    4.9999993376 ; deviation = -6.624e-07
      Ntotal   =   10.9999981126 ; deviation = -1.887e-06 

   @Spin Contamination Metric:   5.105006633E-03
   @S^2 Expected:                7.500000000E-01
   @S^2 Observed:                7.551050066E-01
   @S   Expected:                5.000000000E-01
   @S   Observed:                5.000000000E-01

    Orbital Energies [Eh]
    ---------------------

    Alpha Occupied:                                                       

       1A     -9.894699     2A     -0.634385     3A     -0.397644  
       4A     -0.367327     5A     -0.367325     6A     -0.173376  

    Alpha Virtual:                                                        

       7A      0.094427     8A      0.145996     9A      0.145997  
      10A      0.179934    11A      0.501519    12A      0.501521  
      13A      0.525364    14A      0.665704    15A      0.882353  
      16A      0.892731    17A      0.892731    18A      0.985936  
      19A      1.164145  

    Beta Occupied:                                                        

       1A     -9.885144     2A     -0.613179     3A     -0.365669  
       4A     -0.359789     5A     -0.359788  

    Beta Virtual:                                                         

       6A     -0.103407     7A      0.101878     8A      0.151965  
       9A      0.151966    10A      0.213156    11A      0.507706  
      12A      0.507707    13A      0.566092    14A      0.705885  
      15A      0.896814    16A      0.896814    17A      0.905135  
      18A      0.996865    19A      1.190286  

    Final Occupation by Irrep:
              A 
    DOCC [     5 ]
    SOCC [     1 ]
    NA   [     6 ]
    NB   [     5 ]

  @DF-UKS Final Energy:   -40.91964448125376

   => Energetics <=

    Nuclear Repulsion Energy =             15.3286190698902995
    One-Electron Energy =                 -83.9798111773940121
    Two-Electron Energy =                  34.8597870845095770
    DFT Exchange-Correlation Energy =      -7.1282394582596229
    Empirical Dispersion Energy =           0.0000000000000000
    VV10 Nonlocal Energy =                  0.0000000000000000
    Total Energy =                        -40.9196444812537621

  UHF NO Occupations:
  HONO-2 :    4  A 1.9997981
  HONO-1 :    5  A 1.9979011
  HONO-0 :    6  A 1.0000000
  LUNO+0 :    7  A 0.0020989
  LUNO+1 :    8  A 0.0002019
  LUNO+2 :    9  A 0.0001269
  LUNO+3 :   10  A 0.0001269


Computation Completed


Properties will be evaluated at   0.000000,   0.000000,   0.000000 [a0]

Properties computed using the SCF density matrix


 Multipole Moments:

 ------------------------------------------------------------------------------------
     Multipole            Electronic (a.u.)      Nuclear  (a.u.)        Total (a.u.)
 ------------------------------------------------------------------------------------

 L = 1.  Multiply by 2.5417464519 to convert [e a0] to [Debye]
 Dipole X            :          0.0000361           -0.0000009            0.0000351
 Dipole Y            :          2.1988707           -1.9231949            0.2756757
 Dipole Z            :         -0.0000000            0.0000000           -0.0000000
 Magnitude           :                                                    0.2756757

 ------------------------------------------------------------------------------------

*** tstop() called on NUS-LAPTOP at Wed Aug 16 17:03:55 2023
Module time:
	user time   =       1.14 seconds =       0.02 minutes
	system time =       0.02 seconds =       0.00 minutes
	total time  =          1 seconds =       0.02 minutes
Total time:
	user time   =      44.53 seconds =       0.74 minutes
	system time =       0.67 seconds =       0.01 minutes
	total time  =         45 seconds =       0.75 minutes
