
    -----------------------------------------------------------------------
          Psi4: An Open-Source Ab Initio Electronic Structure Package
                               Psi4 1.8 release

                         Git: Rev {} zzzzzzz 


    D. G. A. Smith, L. A. Burns, A. C. Simmonett, R. M. Parrish,
    M. C. Schieber, R. Galvelis, P. Kraus, H. Kruse, R. Di Remigio,
    A. Alenaizan, A. M. James, S. Lehtola, J. P. Misiewicz, M. Scheurer,
    R. A. Shaw, J. B. Schriber, Y. Xie, Z. L. Glick, D. A. Sirianni,
    J. S. O'Brien, J. M. Waldrop, A. Kumar, E. G. Hohenstein,
    B. P. Pritchard, B. R. Brooks, H. F. Schaefer III, A. Yu. Sokolov,
    K. Patkowski, A. E. DePrince III, U. Bozkaya, R. A. King,
    F. A. Evangelista, J. M. Turney, T. D. Crawford, C. D. Sherrill,
    J. Chem. Phys. 152(18) 184108 (2020). https://doi.org/10.1063/5.0006002

                            Additional Code Authors
    E. T. Seidl, C. L. Janssen, E. F. Valeev, M. L. Leininger,
    J. F. Gonthier, R. M. Richard, H. R. McAlexander, M. Saitow, X. Wang,
    P. Verma, M. H. Lechner, A. Jiang, S. Behnle, A. G. Heide,
    M. F. Herbst, and D. L. Poole

             Previous Authors, Complete List of Code Contributors,
                       and Citations for Specific Modules
    https://github.com/psi4/psi4/blob/master/codemeta.json
    https://github.com/psi4/psi4/graphs/contributors
    http://psicode.org/psi4manual/master/introduction.html#citing-psifour

    -----------------------------------------------------------------------


    Psi4 started on: Wednesday, 16 August 2023 05:03PM

    Process ID: 19122
    Host:       NUS-LAPTOP
    PSIDATADIR: /home/stephen/src/psi4conda/share/psi4
    Memory:     500.0 MiB
    Threads:    1
    
Scratch directory: /tmp/
   => Libint2 <=

    Primary   basis highest AM E, G, H:  5, 4, 3
    Auxiliary basis highest AM E, G, H:  6, 5, 4
    Onebody   basis highest AM E, G, H:  6, 5, 4
    Solid Harmonics ordering:            gaussian

*** tstart() called on NUS-LAPTOP
*** at Wed Aug 16 17:04:06 2023

   => Loading Basis Set <=

    Name: 6-31G
    Role: ORBITAL
    Keyword: BASIS
    atoms 1-2 entry C          line    87 file /home/stephen/src/psi4conda/share/psi4/basis/6-31g.gbs 
    atoms 3-7 entry H          line    26 file /home/stephen/src/psi4conda/share/psi4/basis/6-31g.gbs 


         ---------------------------------------------------------
                                   SCF
               by Justin Turney, Rob Parrish, Andy Simmonett
                          and Daniel G. A. Smith
                              UKS Reference
                        1 Threads,    500 MiB Core
         ---------------------------------------------------------

  ==> Geometry <==

    Molecular point group: c1
    Full point group: C1

    Geometry (in Angstrom), charge = 0, multiplicity = 2:

       Center              X                  Y                   Z               Mass       
    ------------   -----------------  -----------------  -----------------  -----------------
         C            0.774263109385    -0.000030101347    -0.017709832238    12.000000000000
         C           -0.715714810615     0.000133898653     0.004225157762    12.000000000000
         H           -1.123742220615     0.889558478653    -0.476370822238     1.007825032230
         H            1.328131769385    -0.924085411347     0.053170177762     1.007825032230
         H           -1.106385210615    -0.013363111347     1.029331067762     1.007825032230
         H           -1.124170850615    -0.876755801347    -0.498888902238     1.007825032230
         H            1.329041949385     0.923409948653     0.053318187762     1.007825032230

  Running in c1 symmetry.

  Rotational constants: A =      3.47660  B =      0.75813  C =      0.70323 [cm^-1]
  Rotational constants: A = 104225.74917  B =  22728.24455  C =  21082.41471 [MHz]
  Nuclear repulsion =   36.981616330881991

  Charge       = 0
  Multiplicity = 2
  Electrons    = 17
  Nalpha       = 9
  Nbeta        = 8

  ==> Algorithm <==

  SCF Algorithm Type is DF.
  DIIS enabled.
  MOM disabled.
  Fractional occupation disabled.
  Guess Type is SAD.
  Energy threshold   = 1.00e-08
  Density threshold  = 1.00e-06
  Integral threshold = 1.00e-12

  ==> Primary Basis <==

  Basis Set: 6-31G
    Blend: 6-31G
    Number of shells: 20
    Number of basis functions: 28
    Number of Cartesian functions: 28
    Spherical Harmonics?: false
    Max angular momentum: 1

  ==> DFT Potential <==

   => LibXC <=

    Version 6.1.0
    S. Lehtola, C. Steigemann, M. J.T. Oliveira, and M. A.L. Marques.,  SoftwareX 7, 1â€“5 (2018) (10.1016/j.softx.2017.11.002)

   => Composite Functional: PBE_CUSTOM <= 

    Perdew, Burke & Ernzerhof
    J. P. Perdew, K. Burke, and M. Ernzerhof.,  Phys. Rev. Lett. 77, 3865 (1996) (10.1103/PhysRevLett.77.3865)
    J. P. Perdew, K. Burke, and M. Ernzerhof.,  Phys. Rev. Lett. 78, 1396 (1997) (10.1103/PhysRevLett.78.1396)

    Deriv               =              1
    GGA                 =           TRUE
    Meta                =          FALSE

    Exchange Hybrid     =          FALSE
    MP2 Hybrid          =          FALSE

   => Exchange Functionals <=

    1.0000     XC_GGA_X_PBE

   => Correlation Functionals <=

    1.0000     XC_GGA_C_PBE

   => LibXC Density Thresholds  <==

    XC_GGA_C_PBE:  1.00E-12 
    XC_GGA_X_PBE:  1.00E-15 

   => Molecular Quadrature <=

    Radial Scheme          =       TREUTLER
    Pruning Scheme         =           NONE
    Nuclear Scheme         =       TREUTLER

    Blocking Scheme        =         OCTREE
    BS radius alpha        =              1
    Pruning alpha          =              1
    Radial Points          =             75
    Spherical Points       =            302
    Total Points           =         151385
    Total Blocks           =           1204
    Max Points             =            256
    Max Functions          =             28
    Weights Tolerance      =       1.00E-15

   => Loading Basis Set <=

    Name: (6-31G AUX)
    Role: JKFIT
    Keyword: DF_BASIS_SCF
    atoms 1-2 entry C          line   121 file /home/stephen/src/psi4conda/share/psi4/basis/cc-pvdz-jkfit.gbs 
    atoms 3-7 entry H          line    51 file /home/stephen/src/psi4conda/share/psi4/basis/cc-pvdz-jkfit.gbs 

  ==> Integral Setup <==

  DFHelper Memory: AOs need 0.002 GiB; user supplied 0.247 GiB. 
  Using in-core AOs.

  ==> MemDFJK: Density-Fitted J/K Matrices <==

    J tasked:                   Yes
    K tasked:                    No
    wK tasked:                   No
    OpenMP threads:               1
    Memory [MiB]:               252
    Algorithm:                 Core
    Schwarz Cutoff:           1E-12
    Mask sparsity (%):       0.0000
    Fitting Condition:        1E-10

   => Auxiliary Basis Set <=

  Basis Set: (6-31G AUX)
    Blend: CC-PVDZ-JKFIT
    Number of shells: 93
    Number of basis functions: 287
    Number of Cartesian functions: 287
    Spherical Harmonics?: false
    Max angular momentum: 3

  Cached 100.0% of DFT collocation blocks in 0.119 [GiB].

  Minimum eigenvalue in the overlap matrix is 1.1682724047E-02.
  Reciprocal condition number of the overlap matrix is 2.5138661607E-03.
    Using symmetric orthogonalization.

  ==> Pre-Iterations <==

  SCF Guess: Superposition of Atomic Densities via on-the-fly atomic UHF (no occupation information).

   -------------------------
    Irrep   Nso     Nmo    
   -------------------------
     A         28      28 
   -------------------------
    Total      28      28
   -------------------------

  ==> Iterations <==

                           Total Energy        Delta E     RMS |[F,P]|

   @DF-UKS iter SAD:   -78.55654481962293   -7.85565e+01   0.00000e+00 
   @DF-UKS iter   1:   -78.75944598285814   -2.02901e-01   2.40343e-02 DIIS/ADIIS
   @DF-UKS iter   2:   -78.55247972926605    2.06966e-01   3.10207e-02 DIIS/ADIIS
   @DF-UKS iter   3:   -79.01569282334938   -4.63213e-01   7.72697e-04 DIIS/ADIIS
   @DF-UKS iter   4:   -79.01591459804283   -2.21775e-04   3.60327e-04 DIIS/ADIIS
   @DF-UKS iter   5:   -79.01596505946232   -5.04614e-05   1.12314e-04 DIIS/ADIIS
   @DF-UKS iter   6:   -79.01597141582593   -6.35636e-06   1.52375e-05 DIIS
   @DF-UKS iter   7:   -79.01597162123059   -2.05405e-07   3.98108e-06 DIIS
   @DF-UKS iter   8:   -79.01597163091540   -9.68481e-09   8.69856e-07 DIIS
  Energy and wave function converged.


  ==> Post-Iterations <==

   Electrons on quadrature grid:
      Nalpha   =    9.0000029586 ; deviation = 2.959e-06
      Nbeta    =    8.0000028733 ; deviation = 2.873e-06
      Ntotal   =   17.0000058319 ; deviation = 5.832e-06 

   @Spin Contamination Metric:   3.063629306E-03
   @S^2 Expected:                7.500000000E-01
   @S^2 Observed:                7.530636293E-01
   @S   Expected:                5.000000000E-01
   @S   Observed:                5.000000000E-01

    Orbital Energies [Eh]
    ---------------------

    Alpha Occupied:                                                       

       1A     -9.889284     2A     -9.880209     3A     -0.681126  
       4A     -0.543360     5A     -0.398893     6A     -0.363034  
       7A     -0.341973     8A     -0.308541     9A     -0.152853  

    Alpha Virtual:                                                        

      10A      0.093645    11A      0.117495    12A      0.124825  
      13A      0.152149    14A      0.195937    15A      0.226428  
      16A      0.502089    17A      0.517695    18A      0.521083  
      19A      0.591948    20A      0.593979    21A      0.716447  
      22A      0.771176    23A      0.873850    24A      0.881734  
      25A      0.915257    26A      0.949721    27A      0.963815  
      28A      1.246531  

    Beta Occupied:                                                        

       1A     -9.881027     2A     -9.875877     3A     -0.666476  
       4A     -0.522238     5A     -0.392134     6A     -0.352507  
       7A     -0.333614     8A     -0.304059  

    Beta Virtual:                                                         

       9A     -0.065543    10A      0.098458    11A      0.127354  
      12A      0.131095    13A      0.159555    14A      0.200891  
      15A      0.236517    16A      0.509154    17A      0.524495  
      18A      0.569016    19A      0.606112    20A      0.616669  
      21A      0.726705    22A      0.790649    23A      0.882655  
      24A      0.885390    25A      0.921111    26A      0.967390  
      27A      0.972539    28A      1.257493  

    Final Occupation by Irrep:
              A 
    DOCC [     8 ]
    SOCC [     1 ]
    NA   [     9 ]
    NB   [     8 ]

  @DF-UKS Final Energy:   -79.01597163091540

   => Energetics <=

    Nuclear Repulsion Energy =             36.9816163308819910
    One-Electron Energy =                -178.1170138427513621
    Two-Electron Energy =                  74.6867087259386437
    DFT Exchange-Correlation Energy =     -12.5672828449846712
    Empirical Dispersion Energy =           0.0000000000000000
    VV10 Nonlocal Energy =                  0.0000000000000000
    Total Energy =                        -79.0159716309154021

  UHF NO Occupations:
  HONO-2 :    7  A 1.9997117
  HONO-1 :    8  A 1.9991533
  HONO-0 :    9  A 1.0000000
  LUNO+0 :   10  A 0.0008467
  LUNO+1 :   11  A 0.0002883
  LUNO+2 :   12  A 0.0002351
  LUNO+3 :   13  A 0.0001458


Computation Completed


Properties will be evaluated at   0.000000,   0.000000,   0.000000 [a0]

Properties computed using the SCF density matrix


 Multipole Moments:

 ------------------------------------------------------------------------------------
     Multipole            Electronic (a.u.)      Nuclear  (a.u.)        Total (a.u.)
 ------------------------------------------------------------------------------------

 L = 1.  Multiply by 2.5417464519 to convert [e a0] to [Debye]
 Dipole X            :          0.5429172           -0.6535330           -0.1106158
 Dipole Y            :          0.0008020           -0.0011586           -0.0003566
 Dipole Z            :         -0.0883142            0.1505198            0.0622056
 Magnitude           :                                                    0.1269076

 ------------------------------------------------------------------------------------

*** tstop() called on NUS-LAPTOP at Wed Aug 16 17:04:08 2023
Module time:
	user time   =       1.38 seconds =       0.02 minutes
	system time =       0.03 seconds =       0.00 minutes
	total time  =          2 seconds =       0.03 minutes
Total time:
	user time   =      56.68 seconds =       0.94 minutes
	system time =       0.86 seconds =       0.01 minutes
	total time  =         58 seconds =       0.97 minutes
