
    -----------------------------------------------------------------------
          Psi4: An Open-Source Ab Initio Electronic Structure Package
                               Psi4 1.8 release

                         Git: Rev {} zzzzzzz 


    D. G. A. Smith, L. A. Burns, A. C. Simmonett, R. M. Parrish,
    M. C. Schieber, R. Galvelis, P. Kraus, H. Kruse, R. Di Remigio,
    A. Alenaizan, A. M. James, S. Lehtola, J. P. Misiewicz, M. Scheurer,
    R. A. Shaw, J. B. Schriber, Y. Xie, Z. L. Glick, D. A. Sirianni,
    J. S. O'Brien, J. M. Waldrop, A. Kumar, E. G. Hohenstein,
    B. P. Pritchard, B. R. Brooks, H. F. Schaefer III, A. Yu. Sokolov,
    K. Patkowski, A. E. DePrince III, U. Bozkaya, R. A. King,
    F. A. Evangelista, J. M. Turney, T. D. Crawford, C. D. Sherrill,
    J. Chem. Phys. 152(18) 184108 (2020). https://doi.org/10.1063/5.0006002

                            Additional Code Authors
    E. T. Seidl, C. L. Janssen, E. F. Valeev, M. L. Leininger,
    J. F. Gonthier, R. M. Richard, H. R. McAlexander, M. Saitow, X. Wang,
    P. Verma, M. H. Lechner, A. Jiang, S. Behnle, A. G. Heide,
    M. F. Herbst, and D. L. Poole

             Previous Authors, Complete List of Code Contributors,
                       and Citations for Specific Modules
    https://github.com/psi4/psi4/blob/master/codemeta.json
    https://github.com/psi4/psi4/graphs/contributors
    http://psicode.org/psi4manual/master/introduction.html#citing-psifour

    -----------------------------------------------------------------------


    Psi4 started on: Wednesday, 16 August 2023 05:03PM

    Process ID: 19122
    Host:       NUS-LAPTOP
    PSIDATADIR: /home/stephen/src/psi4conda/share/psi4
    Memory:     500.0 MiB
    Threads:    1
    
Scratch directory: /tmp/
   => Libint2 <=

    Primary   basis highest AM E, G, H:  5, 4, 3
    Auxiliary basis highest AM E, G, H:  6, 5, 4
    Onebody   basis highest AM E, G, H:  6, 5, 4
    Solid Harmonics ordering:            gaussian

*** tstart() called on NUS-LAPTOP
*** at Wed Aug 16 17:04:18 2023

   => Loading Basis Set <=

    Name: 6-31G
    Role: ORBITAL
    Keyword: BASIS
    atoms 1-2  entry C          line    87 file /home/stephen/src/psi4conda/share/psi4/basis/6-31g.gbs 
    atoms 3    entry N          line   102 file /home/stephen/src/psi4conda/share/psi4/basis/6-31g.gbs 
    atoms 4-10 entry H          line    26 file /home/stephen/src/psi4conda/share/psi4/basis/6-31g.gbs 


         ---------------------------------------------------------
                                   SCF
               by Justin Turney, Rob Parrish, Andy Simmonett
                          and Daniel G. A. Smith
                              UKS Reference
                        1 Threads,    500 MiB Core
         ---------------------------------------------------------

  ==> Geometry <==

    Molecular point group: c1
    Full point group: C1

    Geometry (in Angstrom), charge = 0, multiplicity = 3:

       Center              X                  Y                   Z               Mass       
    ------------   -----------------  -----------------  -----------------  -----------------
         C           -1.450355958710    -0.426248301440    -0.000125905417    12.000000000000
         C           -0.491116888710     0.737473848560     0.001198094583    12.000000000000
         N            1.872199811290    -0.354939551440     0.002207094583    14.003074004430
         H           -1.255459978710    -1.097538221440    -0.836516205417     1.007825032230
         H           -1.377467078710    -1.004471821440     0.920944934583     1.007825032230
         H           -2.484082548710    -0.081939661440    -0.090163025417     1.007825032230
         H           -0.473058718710     1.331893358560    -0.908029215417     1.007825032230
         H           -0.496498088710     1.352510108560     0.896639824583     1.007825032230
         H            0.773130421290     0.204005498560    -0.029389925417     1.007825032230
         H            2.417220631290     0.521485918560     0.003081094583     1.007825032230

  Running in c1 symmetry.

  Rotational constants: A =      0.85399  B =      0.17336  C =      0.15247 [cm^-1]
  Rotational constants: A =  25601.92491  B =   5197.18430  C =   4571.08203 [MHz]
  Nuclear repulsion =   71.857196636932244

  Charge       = 0
  Multiplicity = 3
  Electrons    = 26
  Nalpha       = 14
  Nbeta        = 12

  ==> Algorithm <==

  SCF Algorithm Type is DF.
  DIIS enabled.
  MOM disabled.
  Fractional occupation disabled.
  Guess Type is SAD.
  Energy threshold   = 1.00e-08
  Density threshold  = 1.00e-06
  Integral threshold = 1.00e-12

  ==> Primary Basis <==

  Basis Set: 6-31G
    Blend: 6-31G
    Number of shells: 29
    Number of basis functions: 41
    Number of Cartesian functions: 41
    Spherical Harmonics?: false
    Max angular momentum: 1

  ==> DFT Potential <==

   => LibXC <=

    Version 6.1.0
    S. Lehtola, C. Steigemann, M. J.T. Oliveira, and M. A.L. Marques.,  SoftwareX 7, 1â€“5 (2018) (10.1016/j.softx.2017.11.002)

   => Composite Functional: PBE_CUSTOM <= 

    Perdew, Burke & Ernzerhof
    J. P. Perdew, K. Burke, and M. Ernzerhof.,  Phys. Rev. Lett. 77, 3865 (1996) (10.1103/PhysRevLett.77.3865)
    J. P. Perdew, K. Burke, and M. Ernzerhof.,  Phys. Rev. Lett. 78, 1396 (1997) (10.1103/PhysRevLett.78.1396)

    Deriv               =              1
    GGA                 =           TRUE
    Meta                =          FALSE

    Exchange Hybrid     =          FALSE
    MP2 Hybrid          =          FALSE

   => Exchange Functionals <=

    1.0000     XC_GGA_X_PBE

   => Correlation Functionals <=

    1.0000     XC_GGA_C_PBE

   => LibXC Density Thresholds  <==

    XC_GGA_C_PBE:  1.00E-12 
    XC_GGA_X_PBE:  1.00E-15 

   => Molecular Quadrature <=

    Radial Scheme          =       TREUTLER
    Pruning Scheme         =           NONE
    Nuclear Scheme         =       TREUTLER

    Blocking Scheme        =         OCTREE
    BS radius alpha        =              1
    Pruning alpha          =              1
    Radial Points          =             75
    Spherical Points       =            302
    Total Points           =         214951
    Total Blocks           =           1643
    Max Points             =            256
    Max Functions          =             41
    Weights Tolerance      =       1.00E-15

   => Loading Basis Set <=

    Name: (6-31G AUX)
    Role: JKFIT
    Keyword: DF_BASIS_SCF
    atoms 1-2  entry C          line   121 file /home/stephen/src/psi4conda/share/psi4/basis/cc-pvdz-jkfit.gbs 
    atoms 3    entry N          line   171 file /home/stephen/src/psi4conda/share/psi4/basis/cc-pvdz-jkfit.gbs 
    atoms 4-10 entry H          line    51 file /home/stephen/src/psi4conda/share/psi4/basis/cc-pvdz-jkfit.gbs 

  ==> Integral Setup <==

  DFHelper Memory: AOs need 0.007 GiB; user supplied 0.138 GiB. 
  Using in-core AOs.

  ==> MemDFJK: Density-Fitted J/K Matrices <==

    J tasked:                   Yes
    K tasked:                    No
    wK tasked:                   No
    OpenMP threads:               1
    Memory [MiB]:               141
    Algorithm:                 Core
    Schwarz Cutoff:           1E-12
    Mask sparsity (%):       0.5949
    Fitting Condition:        1E-10

   => Auxiliary Basis Set <=

  Basis Set: (6-31G AUX)
    Blend: CC-PVDZ-JKFIT
    Number of shells: 135
    Number of basis functions: 418
    Number of Cartesian functions: 418
    Spherical Harmonics?: false
    Max angular momentum: 3

  Cached 100.0% of DFT collocation blocks in 0.228 [GiB].

  Minimum eigenvalue in the overlap matrix is 7.3766089398E-03.
  Reciprocal condition number of the overlap matrix is 1.5013900640E-03.
    Using symmetric orthogonalization.

  ==> Pre-Iterations <==

  SCF Guess: Superposition of Atomic Densities via on-the-fly atomic UHF (no occupation information).

   -------------------------
    Irrep   Nso     Nmo    
   -------------------------
     A         41      41 
   -------------------------
    Total      41      41
   -------------------------

  ==> Iterations <==

                           Total Energy        Delta E     RMS |[F,P]|

   @DF-UKS iter SAD:  -134.10265394017910   -1.34103e+02   0.00000e+00 
   @DF-UKS iter   1:  -134.46702352179105   -3.64370e-01   1.89821e-02 DIIS/ADIIS
   @DF-UKS iter   2:  -134.17858792530666    2.88436e-01   2.48021e-02 DIIS/ADIIS
   @DF-UKS iter   3:  -134.79671250746335   -6.18125e-01   1.47913e-03 DIIS/ADIIS
   @DF-UKS iter   4:  -134.79495128885941    1.76122e-03   2.05121e-03 DIIS/ADIIS
   @DF-UKS iter   5:  -134.79900451502465   -4.05323e-03   1.80560e-04 DIIS/ADIIS
   @DF-UKS iter   6:  -134.79903688578187   -3.23708e-05   7.00618e-05 DIIS
   @DF-UKS iter   7:  -134.79904090582588   -4.02004e-06   3.11158e-05 DIIS
   @DF-UKS iter   8:  -134.79904193715493   -1.03133e-06   4.20052e-06 DIIS
   @DF-UKS iter   9:  -134.79904196263692   -2.54820e-08   8.35809e-07 DIIS
   @DF-UKS iter  10:  -134.79904196369426   -1.05734e-09   1.85645e-07 DIIS
  Energy and wave function converged.


  ==> Post-Iterations <==

   Electrons on quadrature grid:
      Nalpha   =   13.9999879601 ; deviation = -1.204e-05
      Nbeta    =   11.9999905933 ; deviation = -9.407e-06
      Ntotal   =   25.9999785533 ; deviation = -2.145e-05 

   @Spin Contamination Metric:   5.882846602E-03
   @S^2 Expected:                2.000000000E+00
   @S^2 Observed:                2.005882847E+00
   @S   Expected:                1.000000000E+00
   @S   Observed:                1.000000000E+00

    Orbital Energies [Eh]
    ---------------------

    Alpha Occupied:                                                       

       1A    -14.028128     2A     -9.897461     3A     -9.882614  
       4A     -0.770115     5A     -0.688094     6A     -0.557927  
       7A     -0.412792     8A     -0.401321     9A     -0.352410  
      10A     -0.338658    11A     -0.310691    12A     -0.291700  
      13A     -0.252565    14A     -0.173387  

    Alpha Virtual:                                                        

      15A      0.069365    16A      0.094657    17A      0.121837  
      18A      0.127086    19A      0.145204    20A      0.168767  
      21A      0.204656    22A      0.261498    23A      0.474168  
      24A      0.501385    25A      0.524506    26A      0.561921  
      27A      0.575534    28A      0.629564    29A      0.669562  
      30A      0.709067    31A      0.770617    32A      0.827640  
      33A      0.858776    34A      0.877525    35A      0.889615  
      36A      0.918088    37A      0.935607    38A      0.958764  
      39A      1.075169    40A      1.324837    41A      1.534537  

    Beta Occupied:                                                        

       1A    -14.000803     2A     -9.888939     3A     -9.882895  
       4A     -0.710745     5A     -0.673465     6A     -0.546098  
       7A     -0.397297     8A     -0.390787     9A     -0.340359  
      10A     -0.331449    11A     -0.307573    12A     -0.249691  

    Beta Virtual:                                                         

      13A     -0.132463    14A     -0.110202    15A      0.079023  
      16A      0.102334    17A      0.127815    18A      0.130196  
      19A      0.148309    20A      0.173368    21A      0.211482  
      22A      0.286697    23A      0.479309    24A      0.513809  
      25A      0.533345    26A      0.588344    27A      0.604784  
      28A      0.641083    29A      0.711693    30A      0.763456  
      31A      0.782427    32A      0.836473    33A      0.876322  
      34A      0.880813    35A      0.896979    36A      0.922955  
      37A      0.939115    38A      0.964390    39A      1.096243  
      40A      1.351416    41A      1.562800  

    Final Occupation by Irrep:
              A 
    DOCC [    12 ]
    SOCC [     2 ]
    NA   [    14 ]
    NB   [    12 ]

  @DF-UKS Final Energy:  -134.79904196369426

   => Energetics <=

    Nuclear Repulsion Energy =             71.8571966369322439
    One-Electron Energy =                -322.8702772802776053
    Two-Electron Energy =                 136.2982674690470333
    DFT Exchange-Correlation Energy =     -20.0842287893959472
    Empirical Dispersion Energy =           0.0000000000000000
    VV10 Nonlocal Energy =                  0.0000000000000000
    Total Energy =                       -134.7990419636942647

  UHF NO Occupations:
  HONO-2 :   12  A 1.9984287
  HONO-1 :   13  A 1.0000000
  HONO-0 :   14  A 1.0000000
  LUNO+0 :   15  A 0.0015713
  LUNO+1 :   16  A 0.0007929
  LUNO+2 :   17  A 0.0001989
  LUNO+3 :   18  A 0.0001610


Computation Completed


Properties will be evaluated at   0.000000,   0.000000,   0.000000 [a0]

Properties computed using the SCF density matrix


 Multipole Moments:

 ------------------------------------------------------------------------------------
     Multipole            Electronic (a.u.)      Nuclear  (a.u.)        Total (a.u.)
 ------------------------------------------------------------------------------------

 L = 1.  Multiply by 2.5417464519 to convert [e a0] to [Debye]
 Dipole X            :          2.4284578           -2.7205513           -0.2920936
 Dipole Y            :         -0.4576483            1.1503171            0.6926688
 Dipole Z            :          0.0267686           -0.0407231           -0.0139545
 Magnitude           :                                                    0.7518667

 ------------------------------------------------------------------------------------

*** tstop() called on NUS-LAPTOP at Wed Aug 16 17:04:21 2023
Module time:
	user time   =       3.15 seconds =       0.05 minutes
	system time =       0.02 seconds =       0.00 minutes
	total time  =          3 seconds =       0.05 minutes
Total time:
	user time   =      69.95 seconds =       1.17 minutes
	system time =       1.05 seconds =       0.02 minutes
	total time  =         71 seconds =       1.18 minutes
