
    -----------------------------------------------------------------------
          Psi4: An Open-Source Ab Initio Electronic Structure Package
                               Psi4 1.8 release

                         Git: Rev {} zzzzzzz 


    D. G. A. Smith, L. A. Burns, A. C. Simmonett, R. M. Parrish,
    M. C. Schieber, R. Galvelis, P. Kraus, H. Kruse, R. Di Remigio,
    A. Alenaizan, A. M. James, S. Lehtola, J. P. Misiewicz, M. Scheurer,
    R. A. Shaw, J. B. Schriber, Y. Xie, Z. L. Glick, D. A. Sirianni,
    J. S. O'Brien, J. M. Waldrop, A. Kumar, E. G. Hohenstein,
    B. P. Pritchard, B. R. Brooks, H. F. Schaefer III, A. Yu. Sokolov,
    K. Patkowski, A. E. DePrince III, U. Bozkaya, R. A. King,
    F. A. Evangelista, J. M. Turney, T. D. Crawford, C. D. Sherrill,
    J. Chem. Phys. 152(18) 184108 (2020). https://doi.org/10.1063/5.0006002

                            Additional Code Authors
    E. T. Seidl, C. L. Janssen, E. F. Valeev, M. L. Leininger,
    J. F. Gonthier, R. M. Richard, H. R. McAlexander, M. Saitow, X. Wang,
    P. Verma, M. H. Lechner, A. Jiang, S. Behnle, A. G. Heide,
    M. F. Herbst, and D. L. Poole

             Previous Authors, Complete List of Code Contributors,
                       and Citations for Specific Modules
    https://github.com/psi4/psi4/blob/master/codemeta.json
    https://github.com/psi4/psi4/graphs/contributors
    http://psicode.org/psi4manual/master/introduction.html#citing-psifour

    -----------------------------------------------------------------------


    Psi4 started on: Wednesday, 16 August 2023 05:03PM

    Process ID: 19122
    Host:       NUS-LAPTOP
    PSIDATADIR: /home/stephen/src/psi4conda/share/psi4
    Memory:     500.0 MiB
    Threads:    1
    
Scratch directory: /tmp/
   => Libint2 <=

    Primary   basis highest AM E, G, H:  5, 4, 3
    Auxiliary basis highest AM E, G, H:  6, 5, 4
    Onebody   basis highest AM E, G, H:  6, 5, 4
    Solid Harmonics ordering:            gaussian

*** tstart() called on NUS-LAPTOP
*** at Wed Aug 16 17:03:12 2023

   => Loading Basis Set <=

    Name: 6-31G
    Role: ORBITAL
    Keyword: BASIS
    atoms 1 entry O          line   117 file /home/stephen/src/psi4conda/share/psi4/basis/6-31g.gbs 
    atoms 2 entry H          line    26 file /home/stephen/src/psi4conda/share/psi4/basis/6-31g.gbs 


         ---------------------------------------------------------
                                   SCF
               by Justin Turney, Rob Parrish, Andy Simmonett
                          and Daniel G. A. Smith
                              UKS Reference
                        1 Threads,    500 MiB Core
         ---------------------------------------------------------

  ==> Geometry <==

    Molecular point group: c1
    Full point group: C_inf_v

    Geometry (in Angstrom), charge = 0, multiplicity = 2:

       Center              X                  Y                   Z               Mass       
    ------------   -----------------  -----------------  -----------------  -----------------
         O            0.000000000000     0.000000000000     0.057430639227    15.994914619570
         H            0.000000000000     0.000000000000    -0.911465920773     1.007825032230

  Running in c1 symmetry.

  Rotational constants: A = ************  B =     18.94059  C =     18.94059 [cm^-1]
  Rotational constants: A = ************  B = 567824.60701  C = 567824.60701 [MHz]
  Nuclear repulsion =    4.369318521845098

  Charge       = 0
  Multiplicity = 2
  Electrons    = 9
  Nalpha       = 5
  Nbeta        = 4

  ==> Algorithm <==

  SCF Algorithm Type is DF.
  DIIS enabled.
  MOM disabled.
  Fractional occupation disabled.
  Guess Type is SAD.
  Energy threshold   = 1.00e-08
  Density threshold  = 1.00e-06
  Integral threshold = 1.00e-12

  ==> Primary Basis <==

  Basis Set: 6-31G
    Blend: 6-31G
    Number of shells: 7
    Number of basis functions: 11
    Number of Cartesian functions: 11
    Spherical Harmonics?: false
    Max angular momentum: 1

  ==> DFT Potential <==

   => LibXC <=

    Version 6.1.0
    S. Lehtola, C. Steigemann, M. J.T. Oliveira, and M. A.L. Marques.,  SoftwareX 7, 1â€“5 (2018) (10.1016/j.softx.2017.11.002)

   => Composite Functional: PBE_CUSTOM <= 

    Perdew, Burke & Ernzerhof
    J. P. Perdew, K. Burke, and M. Ernzerhof.,  Phys. Rev. Lett. 77, 3865 (1996) (10.1103/PhysRevLett.77.3865)
    J. P. Perdew, K. Burke, and M. Ernzerhof.,  Phys. Rev. Lett. 78, 1396 (1997) (10.1103/PhysRevLett.78.1396)

    Deriv               =              1
    GGA                 =           TRUE
    Meta                =          FALSE

    Exchange Hybrid     =          FALSE
    MP2 Hybrid          =          FALSE

   => Exchange Functionals <=

    1.0000     XC_GGA_X_PBE

   => Correlation Functionals <=

    1.0000     XC_GGA_C_PBE

   => LibXC Density Thresholds  <==

    XC_GGA_C_PBE:  1.00E-12 
    XC_GGA_X_PBE:  1.00E-15 

   => Molecular Quadrature <=

    Radial Scheme          =       TREUTLER
    Pruning Scheme         =           NONE
    Nuclear Scheme         =       TREUTLER

    Blocking Scheme        =         OCTREE
    BS radius alpha        =              1
    Pruning alpha          =              1
    Radial Points          =             75
    Spherical Points       =            302
    Total Points           =          43749
    Total Blocks           =            384
    Max Points             =            256
    Max Functions          =             11
    Weights Tolerance      =       1.00E-15

   => Loading Basis Set <=

    Name: (6-31G AUX)
    Role: JKFIT
    Keyword: DF_BASIS_SCF
    atoms 1 entry O          line   221 file /home/stephen/src/psi4conda/share/psi4/basis/cc-pvdz-jkfit.gbs 
    atoms 2 entry H          line    51 file /home/stephen/src/psi4conda/share/psi4/basis/cc-pvdz-jkfit.gbs 

  ==> Integral Setup <==

  DFHelper Memory: AOs need 0.000 GiB; user supplied 0.352 GiB. 
  Using in-core AOs.

  ==> MemDFJK: Density-Fitted J/K Matrices <==

    J tasked:                   Yes
    K tasked:                    No
    wK tasked:                   No
    OpenMP threads:               1
    Memory [MiB]:               360
    Algorithm:                 Core
    Schwarz Cutoff:           1E-12
    Mask sparsity (%):       0.0000
    Fitting Condition:        1E-10

   => Auxiliary Basis Set <=

  Basis Set: (6-31G AUX)
    Blend: CC-PVDZ-JKFIT
    Number of shells: 33
    Number of basis functions: 106
    Number of Cartesian functions: 106
    Spherical Harmonics?: false
    Max angular momentum: 3

  Cached 100.0% of DFT collocation blocks in 0.014 [GiB].

  Minimum eigenvalue in the overlap matrix is 8.4844245961E-02.
  Reciprocal condition number of the overlap matrix is 2.9676585511E-02.
    Using symmetric orthogonalization.

  ==> Pre-Iterations <==

  SCF Guess: Superposition of Atomic Densities via on-the-fly atomic UHF (no occupation information).

   -------------------------
    Irrep   Nso     Nmo    
   -------------------------
     A         11      11 
   -------------------------
    Total      11      11
   -------------------------

  ==> Iterations <==

                           Total Energy        Delta E     RMS |[F,P]|

   @DF-UKS iter SAD:   -75.33578105276700   -7.53358e+01   0.00000e+00 
   @DF-UKS iter   1:   -75.56615879160364   -2.30378e-01   3.29991e-02 DIIS/ADIIS
   @DF-UKS iter   2:   -75.50901682344087    5.71420e-02   4.76288e-02 DIIS/ADIIS
   @DF-UKS iter   3:   -75.62071321076075   -1.11696e-01   3.16301e-03 DIIS/ADIIS
   @DF-UKS iter   4:   -75.62118471738027   -4.71507e-04   1.31283e-04 DIIS/ADIIS
   @DF-UKS iter   5:   -75.62118684651097   -2.12913e-06   3.72290e-05 DIIS
   @DF-UKS iter   6:   -75.62118701235363   -1.65843e-07   6.61580e-06 DIIS
   @DF-UKS iter   7:   -75.62118701586846   -3.51483e-09   5.78011e-07 DIIS
  Energy and wave function converged.


  ==> Post-Iterations <==

   Electrons on quadrature grid:
      Nalpha   =    5.0000000051 ; deviation = 5.074e-09
      Nbeta    =    3.9999999996 ; deviation = -4.317e-10
      Ntotal   =    9.0000000046 ; deviation = 4.642e-09 

   @Spin Contamination Metric:   9.798379871E-04
   @S^2 Expected:                7.500000000E-01
   @S^2 Observed:                7.509798380E-01
   @S   Expected:                5.000000000E-01
   @S   Observed:                5.000000000E-01

    Orbital Energies [Eh]
    ---------------------

    Alpha Occupied:                                                       

       1A    -18.823851     2A     -0.925815     3A     -0.401748  
       4A     -0.338561     5A     -0.261479  

    Alpha Virtual:                                                        

       6A      0.044149     7A      0.754915     8A      0.767762  
       9A      0.818371    10A      0.888260    11A      1.185821  

    Beta Occupied:                                                        

       1A    -18.800978     2A     -0.870649     3A     -0.375904  
       4A     -0.236137  

    Beta Virtual:                                                         

       5A     -0.210327     6A      0.053274     7A      0.761136  
       8A      0.835487     9A      0.858683    10A      0.908030  
      11A      1.227140  

    Final Occupation by Irrep:
              A 
    DOCC [     4 ]
    SOCC [     1 ]
    NA   [     5 ]
    NB   [     4 ]

  @DF-UKS Final Energy:   -75.62118701586846

   => Energetics <=

    Nuclear Repulsion Energy =              4.3693185218450976
    One-Electron Energy =                -112.6434598225424395
    Two-Electron Energy =                  41.4712016581416094
    DFT Exchange-Correlation Energy =      -8.8182473733127260
    Empirical Dispersion Energy =           0.0000000000000000
    VV10 Nonlocal Energy =                  0.0000000000000000
    Total Energy =                        -75.6211870158684576

  UHF NO Occupations:
  HONO-2 :    3  A 1.9999253
  HONO-1 :    4  A 1.9996339
  HONO-0 :    5  A 1.0000000
  LUNO+0 :    6  A 0.0003661
  LUNO+1 :    7  A 0.0000747
  LUNO+2 :    8  A 0.0000492
  LUNO+3 :    9  A 0.0000000


Computation Completed


Properties will be evaluated at   0.000000,   0.000000,   0.000000 [a0]

Properties computed using the SCF density matrix


 Multipole Moments:

 ------------------------------------------------------------------------------------
     Multipole            Electronic (a.u.)      Nuclear  (a.u.)        Total (a.u.)
 ------------------------------------------------------------------------------------

 L = 1.  Multiply by 2.5417464519 to convert [e a0] to [Debye]
 Dipole X            :          0.0000000            0.0000000            0.0000000
 Dipole Y            :         -0.0000000            0.0000000           -0.0000000
 Dipole Z            :          0.0895396           -0.8541955           -0.7646560
 Magnitude           :                                                    0.7646560

 ------------------------------------------------------------------------------------

*** tstop() called on NUS-LAPTOP at Wed Aug 16 17:03:12 2023
Module time:
	user time   =       0.31 seconds =       0.01 minutes
	system time =       0.00 seconds =       0.00 minutes
	total time  =          0 seconds =       0.00 minutes
Total time:
	user time   =       2.13 seconds =       0.04 minutes
	system time =       0.06 seconds =       0.00 minutes
	total time  =          2 seconds =       0.03 minutes
