
    -----------------------------------------------------------------------
          Psi4: An Open-Source Ab Initio Electronic Structure Package
                               Psi4 1.8 release

                         Git: Rev {} zzzzzzz 


    D. G. A. Smith, L. A. Burns, A. C. Simmonett, R. M. Parrish,
    M. C. Schieber, R. Galvelis, P. Kraus, H. Kruse, R. Di Remigio,
    A. Alenaizan, A. M. James, S. Lehtola, J. P. Misiewicz, M. Scheurer,
    R. A. Shaw, J. B. Schriber, Y. Xie, Z. L. Glick, D. A. Sirianni,
    J. S. O'Brien, J. M. Waldrop, A. Kumar, E. G. Hohenstein,
    B. P. Pritchard, B. R. Brooks, H. F. Schaefer III, A. Yu. Sokolov,
    K. Patkowski, A. E. DePrince III, U. Bozkaya, R. A. King,
    F. A. Evangelista, J. M. Turney, T. D. Crawford, C. D. Sherrill,
    J. Chem. Phys. 152(18) 184108 (2020). https://doi.org/10.1063/5.0006002

                            Additional Code Authors
    E. T. Seidl, C. L. Janssen, E. F. Valeev, M. L. Leininger,
    J. F. Gonthier, R. M. Richard, H. R. McAlexander, M. Saitow, X. Wang,
    P. Verma, M. H. Lechner, A. Jiang, S. Behnle, A. G. Heide,
    M. F. Herbst, and D. L. Poole

             Previous Authors, Complete List of Code Contributors,
                       and Citations for Specific Modules
    https://github.com/psi4/psi4/blob/master/codemeta.json
    https://github.com/psi4/psi4/graphs/contributors
    http://psicode.org/psi4manual/master/introduction.html#citing-psifour

    -----------------------------------------------------------------------


    Psi4 started on: Wednesday, 16 August 2023 05:03PM

    Process ID: 19122
    Host:       NUS-LAPTOP
    PSIDATADIR: /home/stephen/src/psi4conda/share/psi4
    Memory:     500.0 MiB
    Threads:    1
    
Scratch directory: /tmp/
   => Libint2 <=

    Primary   basis highest AM E, G, H:  5, 4, 3
    Auxiliary basis highest AM E, G, H:  6, 5, 4
    Onebody   basis highest AM E, G, H:  6, 5, 4
    Solid Harmonics ordering:            gaussian

*** tstart() called on NUS-LAPTOP
*** at Wed Aug 16 17:03:14 2023

   => Loading Basis Set <=

    Name: 6-31G
    Role: ORBITAL
    Keyword: BASIS
    atoms 1   entry C          line    87 file /home/stephen/src/psi4conda/share/psi4/basis/6-31g.gbs 
    atoms 2   entry F          line   132 file /home/stephen/src/psi4conda/share/psi4/basis/6-31g.gbs 
    atoms 3-5 entry H          line    26 file /home/stephen/src/psi4conda/share/psi4/basis/6-31g.gbs 


         ---------------------------------------------------------
                                   SCF
               by Justin Turney, Rob Parrish, Andy Simmonett
                          and Daniel G. A. Smith
                              UKS Reference
                        1 Threads,    500 MiB Core
         ---------------------------------------------------------

  ==> Geometry <==

    Molecular point group: c1
    Full point group: C1v

    Geometry (in Angstrom), charge = 0, multiplicity = 1:

       Center              X                  Y                   Z               Mass       
    ------------   -----------------  -----------------  -----------------  -----------------
         C           -0.000000000296     0.740079450760     0.000000000000    12.000000000000
         F           -0.000000000296    -0.641115509240     0.000000000000    18.998403162730
         H           -0.514916330296     1.091200490760    -0.891861250000     1.007825032230
         H           -0.514916330296     1.091200490760     0.891861250000     1.007825032230
         H            1.029832669704     1.091200490760     0.000000000000     1.007825032230

  Running in c1 symmetry.

  Rotational constants: A =      5.25723  B =      0.86075  C =      0.86075 [cm^-1]
  Rotational constants: A = 157607.71643  B =  25804.52772  C =  25804.52771 [MHz]
  Nuclear repulsion =   37.423061696561440

  Charge       = 0
  Multiplicity = 1
  Electrons    = 18
  Nalpha       = 9
  Nbeta        = 9

  ==> Algorithm <==

  SCF Algorithm Type is DF.
  DIIS enabled.
  MOM disabled.
  Fractional occupation disabled.
  Guess Type is SAD.
  Energy threshold   = 1.00e-08
  Density threshold  = 1.00e-06
  Integral threshold = 1.00e-12

  ==> Primary Basis <==

  Basis Set: 6-31G
    Blend: 6-31G
    Number of shells: 16
    Number of basis functions: 24
    Number of Cartesian functions: 24
    Spherical Harmonics?: false
    Max angular momentum: 1

  ==> DFT Potential <==

   => LibXC <=

    Version 6.1.0
    S. Lehtola, C. Steigemann, M. J.T. Oliveira, and M. A.L. Marques.,  SoftwareX 7, 1â€“5 (2018) (10.1016/j.softx.2017.11.002)

   => Composite Functional: PBE_CUSTOM <= 

    Perdew, Burke & Ernzerhof
    J. P. Perdew, K. Burke, and M. Ernzerhof.,  Phys. Rev. Lett. 77, 3865 (1996) (10.1103/PhysRevLett.77.3865)
    J. P. Perdew, K. Burke, and M. Ernzerhof.,  Phys. Rev. Lett. 78, 1396 (1997) (10.1103/PhysRevLett.78.1396)

    Deriv               =              1
    GGA                 =           TRUE
    Meta                =          FALSE

    Exchange Hybrid     =          FALSE
    MP2 Hybrid          =          FALSE

   => Exchange Functionals <=

    1.0000     XC_GGA_X_PBE

   => Correlation Functionals <=

    1.0000     XC_GGA_C_PBE

   => LibXC Density Thresholds  <==

    XC_GGA_C_PBE:  1.00E-12 
    XC_GGA_X_PBE:  1.00E-15 

   => Molecular Quadrature <=

    Radial Scheme          =       TREUTLER
    Pruning Scheme         =           NONE
    Nuclear Scheme         =       TREUTLER

    Blocking Scheme        =         OCTREE
    BS radius alpha        =              1
    Pruning alpha          =              1
    Radial Points          =             75
    Spherical Points       =            302
    Total Points           =         108825
    Total Blocks           =            889
    Max Points             =            256
    Max Functions          =             24
    Weights Tolerance      =       1.00E-15

   => Loading Basis Set <=

    Name: (6-31G AUX)
    Role: JKFIT
    Keyword: DF_BASIS_SCF
    atoms 1   entry C          line   121 file /home/stephen/src/psi4conda/share/psi4/basis/cc-pvdz-jkfit.gbs 
    atoms 2   entry F          line   271 file /home/stephen/src/psi4conda/share/psi4/basis/cc-pvdz-jkfit.gbs 
    atoms 3-5 entry H          line    51 file /home/stephen/src/psi4conda/share/psi4/basis/cc-pvdz-jkfit.gbs 

  ==> Integral Setup <==

  DFHelper Memory: AOs need 0.002 GiB; user supplied 0.294 GiB. 
  Using in-core AOs.

  ==> MemDFJK: Density-Fitted J/K Matrices <==

    J tasked:                   Yes
    K tasked:                    No
    wK tasked:                   No
    OpenMP threads:               1
    Memory [MiB]:               301
    Algorithm:                 Core
    Schwarz Cutoff:           1E-12
    Mask sparsity (%):       0.0000
    Fitting Condition:        1E-10

   => Auxiliary Basis Set <=

  Basis Set: (6-31G AUX)
    Blend: CC-PVDZ-JKFIT
    Number of shells: 75
    Number of basis functions: 237
    Number of Cartesian functions: 237
    Spherical Harmonics?: false
    Max angular momentum: 3

  Cached 100.0% of DFT collocation blocks in 0.072 [GiB].

  Minimum eigenvalue in the overlap matrix is 1.9690210253E-02.
  Reciprocal condition number of the overlap matrix is 4.7387022572E-03.
    Using symmetric orthogonalization.

  ==> Pre-Iterations <==

  SCF Guess: Superposition of Atomic Densities via on-the-fly atomic UHF (no occupation information).

   -------------------------
    Irrep   Nso     Nmo    
   -------------------------
     A         24      24 
   -------------------------
    Total      24      24
   -------------------------

  ==> Iterations <==

                           Total Energy        Delta E     RMS |[F,P]|

   @DF-UKS iter SAD:  -139.23447343628112   -1.39234e+02   0.00000e+00 
   @DF-UKS iter   1:  -139.44368197083102   -2.09209e-01   1.85983e-02 DIIS/ADIIS
   @DF-UKS iter   2:  -139.38992310620597    5.37589e-02   2.22550e-02 DIIS/ADIIS
   @DF-UKS iter   3:  -139.54616593579715   -1.56243e-01   4.68332e-04 DIIS/ADIIS
   @DF-UKS iter   4:  -139.54622550459214   -5.95688e-05   2.83496e-04 DIIS/ADIIS
   @DF-UKS iter   5:  -139.54623737680797   -1.18722e-05   1.33013e-04 DIIS/ADIIS
   @DF-UKS iter   6:  -139.54624114821397   -3.77141e-06   6.10154e-06 DIIS
   @DF-UKS iter   7:  -139.54624115952339   -1.13094e-08   5.66921e-07 DIIS
   @DF-UKS iter   8:  -139.54624115961823   -9.48432e-11   1.83359e-08 DIIS
  Energy and wave function converged.


  ==> Post-Iterations <==

   Electrons on quadrature grid:
      Nalpha   =    9.0000020193 ; deviation = 2.019e-06
      Nbeta    =    9.0000020193 ; deviation = 2.019e-06
      Ntotal   =   18.0000040387 ; deviation = 4.039e-06 

   @Spin Contamination Metric:  -1.776356839E-14
   @S^2 Expected:                0.000000000E+00
   @S^2 Observed:               -1.776356839E-14
   @S   Expected:                0.000000000E+00
   @S   Observed:                0.000000000E+00

    Orbital Energies [Eh]
    ---------------------

    Alpha Occupied:                                                       

       1A    -24.232716     2A     -9.952241     3A     -1.077541  
       4A     -0.629878     5A     -0.420188     6A     -0.420188  
       7A     -0.416967     8A     -0.268849     9A     -0.268848  

    Alpha Virtual:                                                        

      10A      0.073600    11A      0.098292    12A      0.137221  
      13A      0.137221    14A      0.483508    15A      0.524130  
      16A      0.524130    17A      0.828928    18A      0.849108  
      19A      0.849108    20A      0.951026    21A      1.243271  
      22A      1.243272    23A      1.252356    24A      2.004000  

    Beta Occupied:                                                        

       1A    -24.232716     2A     -9.952241     3A     -1.077541  
       4A     -0.629878     5A     -0.420188     6A     -0.420188  
       7A     -0.416967     8A     -0.268849     9A     -0.268848  

    Beta Virtual:                                                         

      10A      0.073600    11A      0.098292    12A      0.137221  
      13A      0.137221    14A      0.483508    15A      0.524130  
      16A      0.524130    17A      0.828928    18A      0.849108  
      19A      0.849108    20A      0.951026    21A      1.243271  
      22A      1.243272    23A      1.252356    24A      2.004000  

    Final Occupation by Irrep:
              A 
    DOCC [     9 ]
    SOCC [     0 ]
    NA   [     9 ]
    NB   [     9 ]

  @DF-UKS Final Energy:  -139.54624115961823

   => Energetics <=

    Nuclear Repulsion Energy =             37.4230616965614402
    One-Electron Energy =                -266.5274537372752093
    Two-Electron Energy =                 106.4227582757750383
    DFT Exchange-Correlation Energy =     -16.8646073946794921
    Empirical Dispersion Energy =           0.0000000000000000
    VV10 Nonlocal Energy =                  0.0000000000000000
    Total Energy =                       -139.5462411596182335

  UHF NO Occupations:
  HONO-2 :    7  A 2.0000000
  HONO-1 :    8  A 2.0000000
  HONO-0 :    9  A 2.0000000
  LUNO+0 :   10  A 0.0000000
  LUNO+1 :   11  A 0.0000000
  LUNO+2 :   12  A 0.0000000
  LUNO+3 :   13  A 0.0000000


Computation Completed


Properties will be evaluated at   0.000000,   0.000000,   0.000000 [a0]

Properties computed using the SCF density matrix


 Multipole Moments:

 ------------------------------------------------------------------------------------
     Multipole            Electronic (a.u.)      Nuclear  (a.u.)        Total (a.u.)
 ------------------------------------------------------------------------------------

 L = 1.  Multiply by 2.5417464519 to convert [e a0] to [Debye]
 Dipole X            :          0.0000003            0.0000000            0.0000003
 Dipole Y            :         -2.9237322            3.6737005            0.7499683
 Dipole Z            :         -0.0000000            0.0000000           -0.0000000
 Magnitude           :                                                    0.7499683

 ------------------------------------------------------------------------------------

*** tstop() called on NUS-LAPTOP at Wed Aug 16 17:03:15 2023
Module time:
	user time   =       0.87 seconds =       0.01 minutes
	system time =       0.02 seconds =       0.00 minutes
	total time  =          1 seconds =       0.02 minutes
Total time:
	user time   =       4.79 seconds =       0.08 minutes
	system time =       0.10 seconds =       0.00 minutes
	total time  =          5 seconds =       0.08 minutes
