
    -----------------------------------------------------------------------
          Psi4: An Open-Source Ab Initio Electronic Structure Package
                               Psi4 1.8 release

                         Git: Rev {} zzzzzzz 


    D. G. A. Smith, L. A. Burns, A. C. Simmonett, R. M. Parrish,
    M. C. Schieber, R. Galvelis, P. Kraus, H. Kruse, R. Di Remigio,
    A. Alenaizan, A. M. James, S. Lehtola, J. P. Misiewicz, M. Scheurer,
    R. A. Shaw, J. B. Schriber, Y. Xie, Z. L. Glick, D. A. Sirianni,
    J. S. O'Brien, J. M. Waldrop, A. Kumar, E. G. Hohenstein,
    B. P. Pritchard, B. R. Brooks, H. F. Schaefer III, A. Yu. Sokolov,
    K. Patkowski, A. E. DePrince III, U. Bozkaya, R. A. King,
    F. A. Evangelista, J. M. Turney, T. D. Crawford, C. D. Sherrill,
    J. Chem. Phys. 152(18) 184108 (2020). https://doi.org/10.1063/5.0006002

                            Additional Code Authors
    E. T. Seidl, C. L. Janssen, E. F. Valeev, M. L. Leininger,
    J. F. Gonthier, R. M. Richard, H. R. McAlexander, M. Saitow, X. Wang,
    P. Verma, M. H. Lechner, A. Jiang, S. Behnle, A. G. Heide,
    M. F. Herbst, and D. L. Poole

             Previous Authors, Complete List of Code Contributors,
                       and Citations for Specific Modules
    https://github.com/psi4/psi4/blob/master/codemeta.json
    https://github.com/psi4/psi4/graphs/contributors
    http://psicode.org/psi4manual/master/introduction.html#citing-psifour

    -----------------------------------------------------------------------


    Psi4 started on: Wednesday, 16 August 2023 05:03PM

    Process ID: 19122
    Host:       NUS-LAPTOP
    PSIDATADIR: /home/stephen/src/psi4conda/share/psi4
    Memory:     500.0 MiB
    Threads:    1
    
Scratch directory: /tmp/
   => Libint2 <=

    Primary   basis highest AM E, G, H:  5, 4, 3
    Auxiliary basis highest AM E, G, H:  6, 5, 4
    Onebody   basis highest AM E, G, H:  6, 5, 4
    Solid Harmonics ordering:            gaussian

*** tstart() called on NUS-LAPTOP
*** at Wed Aug 16 17:03:38 2023

   => Loading Basis Set <=

    Name: 6-31G
    Role: ORBITAL
    Keyword: BASIS
    atoms 1-2 entry N          line   102 file /home/stephen/src/psi4conda/share/psi4/basis/6-31g.gbs 
    atoms 3   entry H          line    26 file /home/stephen/src/psi4conda/share/psi4/basis/6-31g.gbs 


         ---------------------------------------------------------
                                   SCF
               by Justin Turney, Rob Parrish, Andy Simmonett
                          and Daniel G. A. Smith
                              UKS Reference
                        1 Threads,    500 MiB Core
         ---------------------------------------------------------

  ==> Geometry <==

    Molecular point group: c1
    Full point group: Cs

    Geometry (in Angstrom), charge = 0, multiplicity = 2:

       Center              X                  Y                   Z               Mass       
    ------------   -----------------  -----------------  -----------------  -----------------
         N           -0.032534896077     0.625777224431     0.000000000000    14.003074004430
         N           -0.032534896077    -0.552424285569     0.000000000000    14.003074004430
         H            0.904102483923    -1.019191425569     0.000000000000     1.007825032230

  Running in c1 symmetry.

  Rotational constants: A =     22.14397  B =      1.54714  C =      1.44611 [cm^-1]
  Rotational constants: A = 663859.39270  B =  46382.21306  C =  43353.23015 [MHz]
  Nuclear repulsion =   27.504374129938448

  Charge       = 0
  Multiplicity = 2
  Electrons    = 15
  Nalpha       = 8
  Nbeta        = 7

  ==> Algorithm <==

  SCF Algorithm Type is DF.
  DIIS enabled.
  MOM disabled.
  Fractional occupation disabled.
  Guess Type is SAD.
  Energy threshold   = 1.00e-08
  Density threshold  = 1.00e-06
  Integral threshold = 1.00e-12

  ==> Primary Basis <==

  Basis Set: 6-31G
    Blend: 6-31G
    Number of shells: 12
    Number of basis functions: 20
    Number of Cartesian functions: 20
    Spherical Harmonics?: false
    Max angular momentum: 1

  ==> DFT Potential <==

   => LibXC <=

    Version 6.1.0
    S. Lehtola, C. Steigemann, M. J.T. Oliveira, and M. A.L. Marques.,  SoftwareX 7, 1â€“5 (2018) (10.1016/j.softx.2017.11.002)

   => Composite Functional: PBE_CUSTOM <= 

    Perdew, Burke & Ernzerhof
    J. P. Perdew, K. Burke, and M. Ernzerhof.,  Phys. Rev. Lett. 77, 3865 (1996) (10.1103/PhysRevLett.77.3865)
    J. P. Perdew, K. Burke, and M. Ernzerhof.,  Phys. Rev. Lett. 78, 1396 (1997) (10.1103/PhysRevLett.78.1396)

    Deriv               =              1
    GGA                 =           TRUE
    Meta                =          FALSE

    Exchange Hybrid     =          FALSE
    MP2 Hybrid          =          FALSE

   => Exchange Functionals <=

    1.0000     XC_GGA_X_PBE

   => Correlation Functionals <=

    1.0000     XC_GGA_C_PBE

   => LibXC Density Thresholds  <==

    XC_GGA_C_PBE:  1.00E-12 
    XC_GGA_X_PBE:  1.00E-15 

   => Molecular Quadrature <=

    Radial Scheme          =       TREUTLER
    Pruning Scheme         =           NONE
    Nuclear Scheme         =       TREUTLER

    Blocking Scheme        =         OCTREE
    BS radius alpha        =              1
    Pruning alpha          =              1
    Radial Points          =             75
    Spherical Points       =            302
    Total Points           =          64663
    Total Blocks           =            542
    Max Points             =            256
    Max Functions          =             20
    Weights Tolerance      =       1.00E-15

   => Loading Basis Set <=

    Name: (6-31G AUX)
    Role: JKFIT
    Keyword: DF_BASIS_SCF
    atoms 1-2 entry N          line   171 file /home/stephen/src/psi4conda/share/psi4/basis/cc-pvdz-jkfit.gbs 
    atoms 3   entry H          line    51 file /home/stephen/src/psi4conda/share/psi4/basis/cc-pvdz-jkfit.gbs 

  ==> Integral Setup <==

  DFHelper Memory: AOs need 0.001 GiB; user supplied 0.330 GiB. 
  Using in-core AOs.

  ==> MemDFJK: Density-Fitted J/K Matrices <==

    J tasked:                   Yes
    K tasked:                    No
    wK tasked:                   No
    OpenMP threads:               1
    Memory [MiB]:               337
    Algorithm:                 Core
    Schwarz Cutoff:           1E-12
    Mask sparsity (%):       0.0000
    Fitting Condition:        1E-10

   => Auxiliary Basis Set <=

  Basis Set: (6-31G AUX)
    Blend: CC-PVDZ-JKFIT
    Number of shells: 57
    Number of basis functions: 187
    Number of Cartesian functions: 187
    Spherical Harmonics?: false
    Max angular momentum: 3

  Cached 100.0% of DFT collocation blocks in 0.036 [GiB].

  Minimum eigenvalue in the overlap matrix is 1.0519912639E-02.
  Reciprocal condition number of the overlap matrix is 2.9288324059E-03.
    Using symmetric orthogonalization.

  ==> Pre-Iterations <==

  SCF Guess: Superposition of Atomic Densities via on-the-fly atomic UHF (no occupation information).

   -------------------------
    Irrep   Nso     Nmo    
   -------------------------
     A         20      20 
   -------------------------
    Total      20      20
   -------------------------

  ==> Iterations <==

                           Total Energy        Delta E     RMS |[F,P]|

   @DF-UKS iter SAD:  -109.57662456414786   -1.09577e+02   0.00000e+00 
   @DF-UKS iter   1:  -109.77979374888459   -2.03169e-01   1.96361e-02 DIIS/ADIIS
   @DF-UKS iter   2:  -109.75406338546277    2.57304e-02   2.25174e-02 DIIS/ADIIS
   @DF-UKS iter   3:  -109.86206124439673   -1.07998e-01   1.88024e-03 DIIS/ADIIS
   @DF-UKS iter   4:  -109.86104827292304    1.01297e-03   3.08630e-03 DIIS/ADIIS
   @DF-UKS iter   5:  -109.86268541724939   -1.63714e-03   3.25850e-04 DIIS/ADIIS
   @DF-UKS iter   6:  -109.86271007947958   -2.46622e-05   3.80195e-05 DIIS
   @DF-UKS iter   7:  -109.86271098637999   -9.06900e-07   1.05675e-05 DIIS
   @DF-UKS iter   8:  -109.86271105733546   -7.09555e-08   2.02165e-06 DIIS
   @DF-UKS iter   9:  -109.86271106061415   -3.27869e-09   5.39129e-07 DIIS
  Energy and wave function converged.


  ==> Post-Iterations <==

   Electrons on quadrature grid:
      Nalpha   =    8.0000002517 ; deviation = 2.517e-07
      Nbeta    =    7.0000001825 ; deviation = 1.825e-07
      Ntotal   =   15.0000004342 ; deviation = 4.342e-07 

   @Spin Contamination Metric:   2.085623214E-03
   @S^2 Expected:                7.500000000E-01
   @S^2 Observed:                7.520856232E-01
   @S   Expected:                5.000000000E-01
   @S   Observed:                5.000000000E-01

    Orbital Energies [Eh]
    ---------------------

    Alpha Occupied:                                                       

       1A    -14.087462     2A    -14.075021     3A     -1.023376  
       4A     -0.623627     5A     -0.424328     6A     -0.396065  
       7A     -0.356327     8A     -0.163180  

    Alpha Virtual:                                                        

       9A     -0.091483    10A      0.044219    11A      0.335679  
      12A      0.588981    13A      0.589588    14A      0.629209  
      15A      0.643675    16A      0.699402    17A      0.726176  
      18A      0.805158    19A      0.905079    20A      1.237441  

    Beta Occupied:                                                        

       1A    -14.084100     2A    -14.061674     3A     -1.008330  
       4A     -0.602709     5A     -0.389324     6A     -0.386414  
       7A     -0.329612  

    Beta Virtual:                                                         

       8A     -0.102033     9A     -0.077441    10A      0.066882  
      11A      0.350675    12A      0.594668    13A      0.601027  
      14A      0.656504    15A      0.685330    16A      0.709633  
      17A      0.740861    18A      0.837809    19A      0.917339  
      20A      1.255071  

    Final Occupation by Irrep:
              A 
    DOCC [     7 ]
    SOCC [     1 ]
    NA   [     8 ]
    NB   [     7 ]

  @DF-UKS Final Energy:  -109.86271106061415

   => Energetics <=

    Nuclear Repulsion Energy =             27.5043741299384479
    One-Electron Energy =                -202.7357788507715100
    Two-Electron Energy =                  79.3276140090129900
    DFT Exchange-Correlation Energy =     -13.9589203487940701
    Empirical Dispersion Energy =           0.0000000000000000
    VV10 Nonlocal Energy =                  0.0000000000000000
    Total Energy =                       -109.8627110606141457

  UHF NO Occupations:
  HONO-2 :    6  A 1.9996674
  HONO-1 :    7  A 1.9995042
  HONO-0 :    8  A 1.0000000
  LUNO+0 :    9  A 0.0004958
  LUNO+1 :   10  A 0.0003326
  LUNO+2 :   11  A 0.0001227
  LUNO+3 :   12  A 0.0000802


Computation Completed


Properties will be evaluated at   0.000000,   0.000000,   0.000000 [a0]

Properties computed using the SCF density matrix


 Multipole Moments:

 ------------------------------------------------------------------------------------
     Multipole            Electronic (a.u.)      Nuclear  (a.u.)        Total (a.u.)
 ------------------------------------------------------------------------------------

 L = 1.  Multiply by 2.5417464519 to convert [e a0] to [Debye]
 Dipole X            :         -0.2157041            0.8477575            0.6320533
 Dipole Y            :          0.4423066           -0.9556739           -0.5133673
 Dipole Z            :          0.0000000            0.0000000            0.0000000
 Magnitude           :                                                    0.8142711

 ------------------------------------------------------------------------------------

*** tstop() called on NUS-LAPTOP at Wed Aug 16 17:03:39 2023
Module time:
	user time   =       0.55 seconds =       0.01 minutes
	system time =       0.02 seconds =       0.00 minutes
	total time  =          1 seconds =       0.02 minutes
Total time:
	user time   =      28.69 seconds =       0.48 minutes
	system time =       0.43 seconds =       0.01 minutes
	total time  =         29 seconds =       0.48 minutes
