
    -----------------------------------------------------------------------
          Psi4: An Open-Source Ab Initio Electronic Structure Package
                               Psi4 1.8 release

                         Git: Rev {} zzzzzzz 


    D. G. A. Smith, L. A. Burns, A. C. Simmonett, R. M. Parrish,
    M. C. Schieber, R. Galvelis, P. Kraus, H. Kruse, R. Di Remigio,
    A. Alenaizan, A. M. James, S. Lehtola, J. P. Misiewicz, M. Scheurer,
    R. A. Shaw, J. B. Schriber, Y. Xie, Z. L. Glick, D. A. Sirianni,
    J. S. O'Brien, J. M. Waldrop, A. Kumar, E. G. Hohenstein,
    B. P. Pritchard, B. R. Brooks, H. F. Schaefer III, A. Yu. Sokolov,
    K. Patkowski, A. E. DePrince III, U. Bozkaya, R. A. King,
    F. A. Evangelista, J. M. Turney, T. D. Crawford, C. D. Sherrill,
    J. Chem. Phys. 152(18) 184108 (2020). https://doi.org/10.1063/5.0006002

                            Additional Code Authors
    E. T. Seidl, C. L. Janssen, E. F. Valeev, M. L. Leininger,
    J. F. Gonthier, R. M. Richard, H. R. McAlexander, M. Saitow, X. Wang,
    P. Verma, M. H. Lechner, A. Jiang, S. Behnle, A. G. Heide,
    M. F. Herbst, and D. L. Poole

             Previous Authors, Complete List of Code Contributors,
                       and Citations for Specific Modules
    https://github.com/psi4/psi4/blob/master/codemeta.json
    https://github.com/psi4/psi4/graphs/contributors
    http://psicode.org/psi4manual/master/introduction.html#citing-psifour

    -----------------------------------------------------------------------


    Psi4 started on: Wednesday, 16 August 2023 05:03PM

    Process ID: 19122
    Host:       NUS-LAPTOP
    PSIDATADIR: /home/stephen/src/psi4conda/share/psi4
    Memory:     500.0 MiB
    Threads:    1
    
Scratch directory: /tmp/
   => Libint2 <=

    Primary   basis highest AM E, G, H:  5, 4, 3
    Auxiliary basis highest AM E, G, H:  6, 5, 4
    Onebody   basis highest AM E, G, H:  6, 5, 4
    Solid Harmonics ordering:            gaussian

*** tstart() called on NUS-LAPTOP
*** at Wed Aug 16 17:03:25 2023

   => Loading Basis Set <=

    Name: 6-31G
    Role: ORBITAL
    Keyword: BASIS
    atoms 1, 6 entry CL         line   294 file /home/stephen/src/psi4conda/share/psi4/basis/6-31g.gbs 
    atoms 2    entry C          line    87 file /home/stephen/src/psi4conda/share/psi4/basis/6-31g.gbs 
    atoms 3-5  entry H          line    26 file /home/stephen/src/psi4conda/share/psi4/basis/6-31g.gbs 


         ---------------------------------------------------------
                                   SCF
               by Justin Turney, Rob Parrish, Andy Simmonett
                          and Daniel G. A. Smith
                              UKS Reference
                        1 Threads,    500 MiB Core
         ---------------------------------------------------------

  ==> Geometry <==

    Molecular point group: c1
    Full point group: C3v

    Geometry (in Angstrom), charge = -1, multiplicity = 1:

       Center              X                  Y                   Z               Mass       
    ------------   -----------------  -----------------  -----------------  -----------------
         CL           0.000000000000    -2.395329605941     0.000000000000    34.968852682000
         C            0.000000000000    -0.576923125941     0.000000000000    12.000000000000
         H            0.512531980000    -0.234971435941     0.887731430000     1.007825032230
         H            0.512531980000    -0.234971435941    -0.887731430000     1.007825032230
         H           -1.025063960000    -0.234971435941     0.000000000000     1.007825032230
         CL           0.000000000000     2.613624094059     0.000000000000    34.968852682000

  Running in c1 symmetry.

  Rotational constants: A =      5.30626  B =      0.03786  C =      0.03786 [cm^-1]
  Rotational constants: A = 159077.54294  B =   1135.01944  C =   1135.01944 [MHz]
  Nuclear repulsion =  107.042225874576644

  Charge       = -1
  Multiplicity = 1
  Electrons    = 44
  Nalpha       = 22
  Nbeta        = 22

  ==> Algorithm <==

  SCF Algorithm Type is DF.
  DIIS enabled.
  MOM disabled.
  Fractional occupation disabled.
  Guess Type is SAD.
  Energy threshold   = 1.00e-08
  Density threshold  = 1.00e-06
  Integral threshold = 1.00e-12

  ==> Primary Basis <==

  Basis Set: 6-31G
    Blend: 6-31G
    Number of shells: 25
    Number of basis functions: 41
    Number of Cartesian functions: 41
    Spherical Harmonics?: false
    Max angular momentum: 1

  ==> DFT Potential <==

   => LibXC <=

    Version 6.1.0
    S. Lehtola, C. Steigemann, M. J.T. Oliveira, and M. A.L. Marques.,  SoftwareX 7, 1â€“5 (2018) (10.1016/j.softx.2017.11.002)

   => Composite Functional: PBE_CUSTOM <= 

    Perdew, Burke & Ernzerhof
    J. P. Perdew, K. Burke, and M. Ernzerhof.,  Phys. Rev. Lett. 77, 3865 (1996) (10.1103/PhysRevLett.77.3865)
    J. P. Perdew, K. Burke, and M. Ernzerhof.,  Phys. Rev. Lett. 78, 1396 (1997) (10.1103/PhysRevLett.78.1396)

    Deriv               =              1
    GGA                 =           TRUE
    Meta                =          FALSE

    Exchange Hybrid     =          FALSE
    MP2 Hybrid          =          FALSE

   => Exchange Functionals <=

    1.0000     XC_GGA_X_PBE

   => Correlation Functionals <=

    1.0000     XC_GGA_C_PBE

   => LibXC Density Thresholds  <==

    XC_GGA_C_PBE:  1.00E-12 
    XC_GGA_X_PBE:  1.00E-15 

   => Molecular Quadrature <=

    Radial Scheme          =       TREUTLER
    Pruning Scheme         =           NONE
    Nuclear Scheme         =       TREUTLER

    Blocking Scheme        =         OCTREE
    BS radius alpha        =              1
    Pruning alpha          =              1
    Radial Points          =             75
    Spherical Points       =            302
    Total Points           =         127229
    Total Blocks           =           1040
    Max Points             =            256
    Max Functions          =             36
    Weights Tolerance      =       1.00E-15

   => Loading Basis Set <=

    Name: (6-31G AUX)
    Role: JKFIT
    Keyword: DF_BASIS_SCF
    atoms 1, 6 entry CL         line   667 file /home/stephen/src/psi4conda/share/psi4/basis/cc-pvdz-jkfit.gbs 
    atoms 2    entry C          line   121 file /home/stephen/src/psi4conda/share/psi4/basis/cc-pvdz-jkfit.gbs 
    atoms 3-5  entry H          line    51 file /home/stephen/src/psi4conda/share/psi4/basis/cc-pvdz-jkfit.gbs 

  ==> Integral Setup <==

  DFHelper Memory: AOs need 0.006 GiB; user supplied 0.248 GiB. 
  Using in-core AOs.

  ==> MemDFJK: Density-Fitted J/K Matrices <==

    J tasked:                   Yes
    K tasked:                    No
    wK tasked:                   No
    OpenMP threads:               1
    Memory [MiB]:               254
    Algorithm:                 Core
    Schwarz Cutoff:           1E-12
    Mask sparsity (%):       8.4474
    Fitting Condition:        1E-10

   => Auxiliary Basis Set <=

  Basis Set: (6-31G AUX)
    Blend: CC-PVDZ-JKFIT
    Number of shells: 123
    Number of basis functions: 416
    Number of Cartesian functions: 416
    Spherical Harmonics?: false
    Max angular momentum: 3

  Cached 100.0% of DFT collocation blocks in 0.118 [GiB].

  Minimum eigenvalue in the overlap matrix is 1.9520140301E-02.
  Reciprocal condition number of the overlap matrix is 4.4467660636E-03.
    Using symmetric orthogonalization.

  ==> Pre-Iterations <==

  SCF Guess: Superposition of Atomic Densities via on-the-fly atomic UHF (no occupation information).

   -------------------------
    Irrep   Nso     Nmo    
   -------------------------
     A         41      41 
   -------------------------
    Total      41      41
   -------------------------

  ==> Iterations <==

                           Total Energy        Delta E     RMS |[F,P]|

   @DF-UKS iter SAD:  -959.34850589977555   -9.59349e+02   0.00000e+00 
   @DF-UKS iter   1:  -959.62622619933654   -2.77720e-01   1.54143e-02 DIIS/ADIIS
   @DF-UKS iter   2:  -959.46278255518200    1.63444e-01   1.96812e-02 DIIS/ADIIS
   @DF-UKS iter   3:  -959.87227701067059   -4.09494e-01   1.43707e-03 DIIS/ADIIS
   @DF-UKS iter   4:  -959.87376442031359   -1.48741e-03   7.44127e-04 DIIS/ADIIS
   @DF-UKS iter   5:  -959.87436954677457   -6.05126e-04   9.03644e-05 DIIS
   @DF-UKS iter   6:  -959.87437736799677   -7.82122e-06   4.42706e-05 DIIS
   @DF-UKS iter   7:  -959.87437960825048   -2.24025e-06   2.34292e-06 DIIS
   @DF-UKS iter   8:  -959.87437961475405   -6.50357e-09   1.55685e-07 DIIS
  Energy and wave function converged.


  ==> Post-Iterations <==

   Electrons on quadrature grid:
      Nalpha   =   21.9999989585 ; deviation = -1.041e-06
      Nbeta    =   21.9999989585 ; deviation = -1.041e-06
      Ntotal   =   43.9999979170 ; deviation = -2.083e-06 

   @Spin Contamination Metric:   0.000000000E+00
   @S^2 Expected:                0.000000000E+00
   @S^2 Observed:                0.000000000E+00
   @S   Expected:                0.000000000E+00
   @S   Observed:                0.000000000E+00

    Orbital Energies [Eh]
    ---------------------

    Alpha Occupied:                                                       

       1A   -100.509434     2A   -100.337536     3A     -9.785821  
       4A     -9.027039     5A     -8.847137     6A     -6.852225  
       7A     -6.840414     8A     -6.840414     9A     -6.666196  
      10A     -6.665108    11A     -6.665108    12A     -0.639630  
      13A     -0.461447    14A     -0.398534    15A     -0.248366  
      16A     -0.248365    17A     -0.227324    18A     -0.120730  
      19A     -0.120730    20A      0.017384    21A      0.021449  
      22A      0.021449  

    Alpha Virtual:                                                        

      23A      0.147190    24A      0.242460    25A      0.281634  
      26A      0.281635    27A      0.504156    28A      0.553974  
      29A      0.553975    30A      0.567086    31A      0.596232  
      32A      0.659736    33A      0.659738    34A      0.667287  
      35A      0.703975    36A      0.703976    37A      0.927275  
      38A      1.033253    39A      1.033255    40A      1.086497  
      41A      1.250718  

    Beta Occupied:                                                        

       1A   -100.509434     2A   -100.337536     3A     -9.785821  
       4A     -9.027039     5A     -8.847137     6A     -6.852225  
       7A     -6.840414     8A     -6.840414     9A     -6.666196  
      10A     -6.665108    11A     -6.665108    12A     -0.639630  
      13A     -0.461447    14A     -0.398534    15A     -0.248366  
      16A     -0.248365    17A     -0.227324    18A     -0.120730  
      19A     -0.120730    20A      0.017384    21A      0.021449  
      22A      0.021449  

    Beta Virtual:                                                         

      23A      0.147190    24A      0.242460    25A      0.281634  
      26A      0.281635    27A      0.504156    28A      0.553974  
      29A      0.553975    30A      0.567086    31A      0.596232  
      32A      0.659736    33A      0.659738    34A      0.667287  
      35A      0.703975    36A      0.703976    37A      0.927275  
      38A      1.033253    39A      1.033255    40A      1.086497  
      41A      1.250718  

    Final Occupation by Irrep:
              A 
    DOCC [    22 ]
    SOCC [     0 ]
    NA   [    22 ]
    NB   [    22 ]

  @DF-UKS Final Energy:  -959.87437961475405

   => Energetics <=

    Nuclear Repulsion Energy =            107.0422258745766442
    One-Electron Energy =               -1546.4651170294400799
    Two-Electron Energy =                 542.3945704199135207
    DFT Exchange-Correlation Energy =     -62.8460588798040831
    Empirical Dispersion Energy =           0.0000000000000000
    VV10 Nonlocal Energy =                  0.0000000000000000
    Total Energy =                       -959.8743796147540479

  UHF NO Occupations:
  HONO-2 :   20  A 2.0000000
  HONO-1 :   21  A 2.0000000
  HONO-0 :   22  A 2.0000000
  LUNO+0 :   23  A 0.0000000
  LUNO+1 :   24  A 0.0000000
  LUNO+2 :   25  A 0.0000000
  LUNO+3 :   26  A 0.0000000


Computation Completed


Properties will be evaluated at   0.000000,   0.000000,   0.000000 [a0]

Properties computed using the SCF density matrix


 Multipole Moments:

 ------------------------------------------------------------------------------------
     Multipole            Electronic (a.u.)      Nuclear  (a.u.)        Total (a.u.)
 ------------------------------------------------------------------------------------

 L = 1.  Multiply by 2.5417464519 to convert [e a0] to [Debye]
 Dipole X            :         -0.0000047            0.0000000           -0.0000047
 Dipole Y            :         -2.2081652           -0.8606697           -3.0688349
 Dipole Z            :          0.0000000            0.0000000            0.0000000
 Magnitude           :                                                    3.0688349

 ------------------------------------------------------------------------------------

*** tstop() called on NUS-LAPTOP at Wed Aug 16 17:03:27 2023
Module time:
	user time   =       1.29 seconds =       0.02 minutes
	system time =       0.01 seconds =       0.00 minutes
	total time  =          2 seconds =       0.03 minutes
Total time:
	user time   =      16.67 seconds =       0.28 minutes
	system time =       0.25 seconds =       0.00 minutes
	total time  =         17 seconds =       0.28 minutes
