
    -----------------------------------------------------------------------
          Psi4: An Open-Source Ab Initio Electronic Structure Package
                               Psi4 1.8 release

                         Git: Rev {} zzzzzzz 


    D. G. A. Smith, L. A. Burns, A. C. Simmonett, R. M. Parrish,
    M. C. Schieber, R. Galvelis, P. Kraus, H. Kruse, R. Di Remigio,
    A. Alenaizan, A. M. James, S. Lehtola, J. P. Misiewicz, M. Scheurer,
    R. A. Shaw, J. B. Schriber, Y. Xie, Z. L. Glick, D. A. Sirianni,
    J. S. O'Brien, J. M. Waldrop, A. Kumar, E. G. Hohenstein,
    B. P. Pritchard, B. R. Brooks, H. F. Schaefer III, A. Yu. Sokolov,
    K. Patkowski, A. E. DePrince III, U. Bozkaya, R. A. King,
    F. A. Evangelista, J. M. Turney, T. D. Crawford, C. D. Sherrill,
    J. Chem. Phys. 152(18) 184108 (2020). https://doi.org/10.1063/5.0006002

                            Additional Code Authors
    E. T. Seidl, C. L. Janssen, E. F. Valeev, M. L. Leininger,
    J. F. Gonthier, R. M. Richard, H. R. McAlexander, M. Saitow, X. Wang,
    P. Verma, M. H. Lechner, A. Jiang, S. Behnle, A. G. Heide,
    M. F. Herbst, and D. L. Poole

             Previous Authors, Complete List of Code Contributors,
                       and Citations for Specific Modules
    https://github.com/psi4/psi4/blob/master/codemeta.json
    https://github.com/psi4/psi4/graphs/contributors
    http://psicode.org/psi4manual/master/introduction.html#citing-psifour

    -----------------------------------------------------------------------


    Psi4 started on: Wednesday, 16 August 2023 05:03PM

    Process ID: 19122
    Host:       NUS-LAPTOP
    PSIDATADIR: /home/stephen/src/psi4conda/share/psi4
    Memory:     500.0 MiB
    Threads:    1
    
Scratch directory: /tmp/
   => Libint2 <=

    Primary   basis highest AM E, G, H:  5, 4, 3
    Auxiliary basis highest AM E, G, H:  6, 5, 4
    Onebody   basis highest AM E, G, H:  6, 5, 4
    Solid Harmonics ordering:            gaussian

*** tstart() called on NUS-LAPTOP
*** at Wed Aug 16 17:03:40 2023

   => Loading Basis Set <=

    Name: 6-31G
    Role: ORBITAL
    Keyword: BASIS
    atoms 1 entry H          line    26 file /home/stephen/src/psi4conda/share/psi4/basis/6-31g.gbs 
    atoms 2 entry C          line    87 file /home/stephen/src/psi4conda/share/psi4/basis/6-31g.gbs 
    atoms 3 entry O          line   117 file /home/stephen/src/psi4conda/share/psi4/basis/6-31g.gbs 


         ---------------------------------------------------------
                                   SCF
               by Justin Turney, Rob Parrish, Andy Simmonett
                          and Daniel G. A. Smith
                              UKS Reference
                        1 Threads,    500 MiB Core
         ---------------------------------------------------------

  ==> Geometry <==

    Molecular point group: c1
    Full point group: Cs

    Geometry (in Angstrom), charge = 0, multiplicity = 2:

       Center              X                  Y                   Z               Mass       
    ------------   -----------------  -----------------  -----------------  -----------------
         H           -0.881192755647     1.269792146742     0.000000000000     1.007825032230
         C            0.031723194353     0.626556026742     0.000000000000    12.000000000000
         O            0.031723194353    -0.550074873258     0.000000000000    15.994914619570

  Running in c1 symmetry.

  Rotational constants: A =     24.76522  B =      1.49107  C =      1.40640 [cm^-1]
  Rotational constants: A = 742442.59187  B =  44701.29889  C =  42162.74635 [MHz]
  Nuclear repulsion =   26.509846561865874

  Charge       = 0
  Multiplicity = 2
  Electrons    = 15
  Nalpha       = 8
  Nbeta        = 7

  ==> Algorithm <==

  SCF Algorithm Type is DF.
  DIIS enabled.
  MOM disabled.
  Fractional occupation disabled.
  Guess Type is SAD.
  Energy threshold   = 1.00e-08
  Density threshold  = 1.00e-06
  Integral threshold = 1.00e-12

  ==> Primary Basis <==

  Basis Set: 6-31G
    Blend: 6-31G
    Number of shells: 12
    Number of basis functions: 20
    Number of Cartesian functions: 20
    Spherical Harmonics?: false
    Max angular momentum: 1

  ==> DFT Potential <==

   => LibXC <=

    Version 6.1.0
    S. Lehtola, C. Steigemann, M. J.T. Oliveira, and M. A.L. Marques.,  SoftwareX 7, 1â€“5 (2018) (10.1016/j.softx.2017.11.002)

   => Composite Functional: PBE_CUSTOM <= 

    Perdew, Burke & Ernzerhof
    J. P. Perdew, K. Burke, and M. Ernzerhof.,  Phys. Rev. Lett. 77, 3865 (1996) (10.1103/PhysRevLett.77.3865)
    J. P. Perdew, K. Burke, and M. Ernzerhof.,  Phys. Rev. Lett. 78, 1396 (1997) (10.1103/PhysRevLett.78.1396)

    Deriv               =              1
    GGA                 =           TRUE
    Meta                =          FALSE

    Exchange Hybrid     =          FALSE
    MP2 Hybrid          =          FALSE

   => Exchange Functionals <=

    1.0000     XC_GGA_X_PBE

   => Correlation Functionals <=

    1.0000     XC_GGA_C_PBE

   => LibXC Density Thresholds  <==

    XC_GGA_C_PBE:  1.00E-12 
    XC_GGA_X_PBE:  1.00E-15 

   => Molecular Quadrature <=

    Radial Scheme          =       TREUTLER
    Pruning Scheme         =           NONE
    Nuclear Scheme         =       TREUTLER

    Blocking Scheme        =         OCTREE
    BS radius alpha        =              1
    Pruning alpha          =              1
    Radial Points          =             75
    Spherical Points       =            302
    Total Points           =          64794
    Total Blocks           =            545
    Max Points             =            256
    Max Functions          =             20
    Weights Tolerance      =       1.00E-15

   => Loading Basis Set <=

    Name: (6-31G AUX)
    Role: JKFIT
    Keyword: DF_BASIS_SCF
    atoms 1 entry H          line    51 file /home/stephen/src/psi4conda/share/psi4/basis/cc-pvdz-jkfit.gbs 
    atoms 2 entry C          line   121 file /home/stephen/src/psi4conda/share/psi4/basis/cc-pvdz-jkfit.gbs 
    atoms 3 entry O          line   221 file /home/stephen/src/psi4conda/share/psi4/basis/cc-pvdz-jkfit.gbs 

  ==> Integral Setup <==

  DFHelper Memory: AOs need 0.001 GiB; user supplied 0.330 GiB. 
  Using in-core AOs.

  ==> MemDFJK: Density-Fitted J/K Matrices <==

    J tasked:                   Yes
    K tasked:                    No
    wK tasked:                   No
    OpenMP threads:               1
    Memory [MiB]:               338
    Algorithm:                 Core
    Schwarz Cutoff:           1E-12
    Mask sparsity (%):       0.0000
    Fitting Condition:        1E-10

   => Auxiliary Basis Set <=

  Basis Set: (6-31G AUX)
    Blend: CC-PVDZ-JKFIT
    Number of shells: 57
    Number of basis functions: 187
    Number of Cartesian functions: 187
    Spherical Harmonics?: false
    Max angular momentum: 3

  Cached 100.0% of DFT collocation blocks in 0.036 [GiB].

  Minimum eigenvalue in the overlap matrix is 2.3415286902E-02.
  Reciprocal condition number of the overlap matrix is 6.7203554376E-03.
    Using symmetric orthogonalization.

  ==> Pre-Iterations <==

  SCF Guess: Superposition of Atomic Densities via on-the-fly atomic UHF (no occupation information).

   -------------------------
    Irrep   Nso     Nmo    
   -------------------------
     A         20      20 
   -------------------------
    Total      20      20
   -------------------------

  ==> Iterations <==

                           Total Energy        Delta E     RMS |[F,P]|

   @DF-UKS iter SAD:  -113.38861112830553   -1.13389e+02   0.00000e+00 
   @DF-UKS iter   1:  -113.60397233630144   -2.15361e-01   2.09489e-02 DIIS/ADIIS
   @DF-UKS iter   2:  -113.28155656925050    3.22416e-01   4.87544e-02 DIIS/ADIIS
   @DF-UKS iter   3:  -113.66433568331647   -3.82779e-01   8.37269e-03 DIIS/ADIIS
   @DF-UKS iter   4:  -113.67981054562622   -1.54749e-02   2.42643e-03 DIIS/ADIIS
   @DF-UKS iter   5:  -113.68094135882843   -1.13081e-03   2.15481e-04 DIIS/ADIIS
   @DF-UKS iter   6:  -113.68095274952856   -1.13907e-05   1.85404e-05 DIIS
   @DF-UKS iter   7:  -113.68095284081586   -9.12873e-08   6.86038e-06 DIIS
   @DF-UKS iter   8:  -113.68095285139043   -1.05746e-08   7.31467e-07 DIIS
   @DF-UKS iter   9:  -113.68095285165145   -2.61025e-10   1.28428e-07 DIIS
  Energy and wave function converged.


  ==> Post-Iterations <==

   Electrons on quadrature grid:
      Nalpha   =    7.9999999708 ; deviation = -2.925e-08
      Nbeta    =    7.0000000968 ; deviation = 9.677e-08
      Ntotal   =   15.0000000675 ; deviation = 6.752e-08 

   @Spin Contamination Metric:   1.187493868E-03
   @S^2 Expected:                7.500000000E-01
   @S^2 Observed:                7.511874939E-01
   @S   Expected:                5.000000000E-01
   @S   Observed:                5.000000000E-01

    Orbital Energies [Eh]
    ---------------------

    Alpha Occupied:                                                       

       1A    -18.840151     2A    -10.000085     3A     -1.050154  
       4A     -0.556784     5A     -0.438726     6A     -0.398056  
       7A     -0.378834     8A     -0.163179  

    Alpha Virtual:                                                        

       9A     -0.086348    10A      0.095485    11A      0.205249  
      12A      0.469513    13A      0.486820    14A      0.617090  
      15A      0.681264    16A      0.788574    17A      0.861760  
      18A      0.878306    19A      0.954247    20A      1.516816  

    Beta Occupied:                                                        

       1A    -18.833020     2A     -9.991416     3A     -1.037003  
       4A     -0.536059     5A     -0.419465     6A     -0.388852  
       7A     -0.342104  

    Beta Virtual:                                                         

       8A     -0.102981     9A     -0.068721    10A      0.118603  
      11A      0.219478    12A      0.482547    13A      0.531223  
      14A      0.634934    15A      0.697850    16A      0.811988  
      17A      0.874317    18A      0.883057    19A      0.978109  
      20A      1.528709  

    Final Occupation by Irrep:
              A 
    DOCC [     7 ]
    SOCC [     1 ]
    NA   [     8 ]
    NB   [     7 ]

  @DF-UKS Final Energy:  -113.68095285165145

   => Energetics <=

    Nuclear Repulsion Energy =             26.5098465618658743
    One-Electron Energy =                -206.8815521138573388
    Two-Electron Energy =                  80.8509817654549181
    DFT Exchange-Correlation Energy =     -14.1602290651149190
    Empirical Dispersion Energy =           0.0000000000000000
    VV10 Nonlocal Energy =                  0.0000000000000000
    Total Energy =                       -113.6809528516514547

  UHF NO Occupations:
  HONO-2 :    6  A 1.9998011
  HONO-1 :    7  A 1.9997538
  HONO-0 :    8  A 1.0000000
  LUNO+0 :    9  A 0.0002462
  LUNO+1 :   10  A 0.0001989
  LUNO+2 :   11  A 0.0001248
  LUNO+3 :   12  A 0.0000210


Computation Completed


Properties will be evaluated at   0.000000,   0.000000,   0.000000 [a0]

Properties computed using the SCF density matrix


 Multipole Moments:

 ------------------------------------------------------------------------------------
     Multipole            Electronic (a.u.)      Nuclear  (a.u.)        Total (a.u.)
 ------------------------------------------------------------------------------------

 L = 1.  Multiply by 2.5417464519 to convert [e a0] to [Debye]
 Dipole X            :          0.4257757           -0.8259389           -0.4001632
 Dipole Y            :         -0.6895019            1.1877483            0.4982464
 Dipole Z            :         -0.0000000            0.0000000           -0.0000000
 Magnitude           :                                                    0.6390462

 ------------------------------------------------------------------------------------

*** tstop() called on NUS-LAPTOP at Wed Aug 16 17:03:41 2023
Module time:
	user time   =       0.56 seconds =       0.01 minutes
	system time =       0.00 seconds =       0.00 minutes
	total time  =          1 seconds =       0.02 minutes
Total time:
	user time   =      30.23 seconds =       0.50 minutes
	system time =       0.45 seconds =       0.01 minutes
	total time  =         31 seconds =       0.52 minutes
