
    -----------------------------------------------------------------------
          Psi4: An Open-Source Ab Initio Electronic Structure Package
                               Psi4 1.8 release

                         Git: Rev {} zzzzzzz 


    D. G. A. Smith, L. A. Burns, A. C. Simmonett, R. M. Parrish,
    M. C. Schieber, R. Galvelis, P. Kraus, H. Kruse, R. Di Remigio,
    A. Alenaizan, A. M. James, S. Lehtola, J. P. Misiewicz, M. Scheurer,
    R. A. Shaw, J. B. Schriber, Y. Xie, Z. L. Glick, D. A. Sirianni,
    J. S. O'Brien, J. M. Waldrop, A. Kumar, E. G. Hohenstein,
    B. P. Pritchard, B. R. Brooks, H. F. Schaefer III, A. Yu. Sokolov,
    K. Patkowski, A. E. DePrince III, U. Bozkaya, R. A. King,
    F. A. Evangelista, J. M. Turney, T. D. Crawford, C. D. Sherrill,
    J. Chem. Phys. 152(18) 184108 (2020). https://doi.org/10.1063/5.0006002

                            Additional Code Authors
    E. T. Seidl, C. L. Janssen, E. F. Valeev, M. L. Leininger,
    J. F. Gonthier, R. M. Richard, H. R. McAlexander, M. Saitow, X. Wang,
    P. Verma, M. H. Lechner, A. Jiang, S. Behnle, A. G. Heide,
    M. F. Herbst, and D. L. Poole

             Previous Authors, Complete List of Code Contributors,
                       and Citations for Specific Modules
    https://github.com/psi4/psi4/blob/master/codemeta.json
    https://github.com/psi4/psi4/graphs/contributors
    http://psicode.org/psi4manual/master/introduction.html#citing-psifour

    -----------------------------------------------------------------------


    Psi4 started on: Wednesday, 16 August 2023 05:03PM

    Process ID: 19122
    Host:       NUS-LAPTOP
    PSIDATADIR: /home/stephen/src/psi4conda/share/psi4
    Memory:     500.0 MiB
    Threads:    1
    
Scratch directory: /tmp/
   => Libint2 <=

    Primary   basis highest AM E, G, H:  5, 4, 3
    Auxiliary basis highest AM E, G, H:  6, 5, 4
    Onebody   basis highest AM E, G, H:  6, 5, 4
    Solid Harmonics ordering:            gaussian

*** tstart() called on NUS-LAPTOP
*** at Wed Aug 16 17:03:53 2023

   => Loading Basis Set <=

    Name: 6-31G
    Role: ORBITAL
    Keyword: BASIS
    atoms 1   entry O          line   117 file /home/stephen/src/psi4conda/share/psi4/basis/6-31g.gbs 
    atoms 2-3 entry H          line    26 file /home/stephen/src/psi4conda/share/psi4/basis/6-31g.gbs 


         ---------------------------------------------------------
                                   SCF
               by Justin Turney, Rob Parrish, Andy Simmonett
                          and Daniel G. A. Smith
                              UKS Reference
                        1 Threads,    500 MiB Core
         ---------------------------------------------------------

  ==> Geometry <==

    Molecular point group: c1
    Full point group: C2v

    Geometry (in Angstrom), charge = 0, multiplicity = 1:

       Center              X                  Y                   Z               Mass       
    ------------   -----------------  -----------------  -----------------  -----------------
         O            0.000000000000     0.000000000000     0.065551590965    15.994914619570
         H           -0.756707590000     0.000000000000    -0.520175659035     1.007825032230
         H            0.756707590000     0.000000000000    -0.520175659035     1.007825032230

  Running in c1 symmetry.

  Rotational constants: A =     27.44959  B =     14.60579  C =      9.53322 [cm^-1]
  Rotational constants: A = 822918.08572  B = 437870.69689  C = 285798.63705 [MHz]
  Nuclear repulsion =    9.197728477745956

  Charge       = 0
  Multiplicity = 1
  Electrons    = 10
  Nalpha       = 5
  Nbeta        = 5

  ==> Algorithm <==

  SCF Algorithm Type is DF.
  DIIS enabled.
  MOM disabled.
  Fractional occupation disabled.
  Guess Type is SAD.
  Energy threshold   = 1.00e-08
  Density threshold  = 1.00e-06
  Integral threshold = 1.00e-12

  ==> Primary Basis <==

  Basis Set: 6-31G
    Blend: 6-31G
    Number of shells: 9
    Number of basis functions: 13
    Number of Cartesian functions: 13
    Spherical Harmonics?: false
    Max angular momentum: 1

  ==> DFT Potential <==

   => LibXC <=

    Version 6.1.0
    S. Lehtola, C. Steigemann, M. J.T. Oliveira, and M. A.L. Marques.,  SoftwareX 7, 1â€“5 (2018) (10.1016/j.softx.2017.11.002)

   => Composite Functional: PBE_CUSTOM <= 

    Perdew, Burke & Ernzerhof
    J. P. Perdew, K. Burke, and M. Ernzerhof.,  Phys. Rev. Lett. 77, 3865 (1996) (10.1103/PhysRevLett.77.3865)
    J. P. Perdew, K. Burke, and M. Ernzerhof.,  Phys. Rev. Lett. 78, 1396 (1997) (10.1103/PhysRevLett.78.1396)

    Deriv               =              1
    GGA                 =           TRUE
    Meta                =          FALSE

    Exchange Hybrid     =          FALSE
    MP2 Hybrid          =          FALSE

   => Exchange Functionals <=

    1.0000     XC_GGA_X_PBE

   => Correlation Functionals <=

    1.0000     XC_GGA_C_PBE

   => LibXC Density Thresholds  <==

    XC_GGA_C_PBE:  1.00E-12 
    XC_GGA_X_PBE:  1.00E-15 

   => Molecular Quadrature <=

    Radial Scheme          =       TREUTLER
    Pruning Scheme         =           NONE
    Nuclear Scheme         =       TREUTLER

    Blocking Scheme        =         OCTREE
    BS radius alpha        =              1
    Pruning alpha          =              1
    Radial Points          =             75
    Spherical Points       =            302
    Total Points           =          65914
    Total Blocks           =            548
    Max Points             =            256
    Max Functions          =             13
    Weights Tolerance      =       1.00E-15

   => Loading Basis Set <=

    Name: (6-31G AUX)
    Role: JKFIT
    Keyword: DF_BASIS_SCF
    atoms 1   entry O          line   221 file /home/stephen/src/psi4conda/share/psi4/basis/cc-pvdz-jkfit.gbs 
    atoms 2-3 entry H          line    51 file /home/stephen/src/psi4conda/share/psi4/basis/cc-pvdz-jkfit.gbs 

  ==> Integral Setup <==

  DFHelper Memory: AOs need 0.000 GiB; user supplied 0.342 GiB. 
  Using in-core AOs.

  ==> MemDFJK: Density-Fitted J/K Matrices <==

    J tasked:                   Yes
    K tasked:                    No
    wK tasked:                   No
    OpenMP threads:               1
    Memory [MiB]:               349
    Algorithm:                 Core
    Schwarz Cutoff:           1E-12
    Mask sparsity (%):       0.0000
    Fitting Condition:        1E-10

   => Auxiliary Basis Set <=

  Basis Set: (6-31G AUX)
    Blend: CC-PVDZ-JKFIT
    Number of shells: 42
    Number of basis functions: 131
    Number of Cartesian functions: 131
    Spherical Harmonics?: false
    Max angular momentum: 3

  Cached 100.0% of DFT collocation blocks in 0.025 [GiB].

  Minimum eigenvalue in the overlap matrix is 6.7706309440E-02.
  Reciprocal condition number of the overlap matrix is 1.9647169561E-02.
    Using symmetric orthogonalization.

  ==> Pre-Iterations <==

  SCF Guess: Superposition of Atomic Densities via on-the-fly atomic UHF (no occupation information).

   -------------------------
    Irrep   Nso     Nmo    
   -------------------------
     A         13      13 
   -------------------------
    Total      13      13
   -------------------------

  ==> Iterations <==

                           Total Energy        Delta E     RMS |[F,P]|

   @DF-UKS iter SAD:   -76.07531412450653   -7.60753e+01   0.00000e+00 
   @DF-UKS iter   1:   -76.12322199340105   -4.79079e-02   5.25740e-02 DIIS/ADIIS
   @DF-UKS iter   2:   -75.74210809801092    3.81114e-01   8.94813e-02 DIIS/ADIIS
   @DF-UKS iter   3:   -76.27855852316364   -5.36450e-01   1.79716e-02 DIIS/ADIIS
   @DF-UKS iter   4:   -76.29766314011262   -1.91046e-02   2.44427e-03 DIIS/ADIIS
   @DF-UKS iter   5:   -76.29802638067534   -3.63241e-04   1.57712e-04 DIIS/ADIIS
   @DF-UKS iter   6:   -76.29802792624199   -1.54557e-06   3.30833e-06 DIIS
   @DF-UKS iter   7:   -76.29802792690725   -6.65267e-10   9.56508e-08 DIIS
  Energy and wave function converged.


  ==> Post-Iterations <==

   Electrons on quadrature grid:
      Nalpha   =    5.0000000114 ; deviation = 1.141e-08
      Nbeta    =    5.0000000114 ; deviation = 1.141e-08
      Ntotal   =   10.0000000228 ; deviation = 2.282e-08 

   @Spin Contamination Metric:   1.065814104E-14
   @S^2 Expected:                0.000000000E+00
   @S^2 Observed:                1.065814104E-14
   @S   Expected:                0.000000000E+00
   @S   Observed:                0.000000000E+00

    Orbital Energies [Eh]
    ---------------------

    Alpha Occupied:                                                       

       1A    -18.749239     2A     -0.928410     3A     -0.475617  
       4A     -0.294571     5A     -0.227798  

    Alpha Virtual:                                                        

       6A      0.036358     7A      0.123711     8A      0.767856  
       9A      0.822524    10A      0.841849    11A      0.911914  
      12A      1.015102    13A      1.368963  

    Beta Occupied:                                                        

       1A    -18.749239     2A     -0.928410     3A     -0.475617  
       4A     -0.294571     5A     -0.227798  

    Beta Virtual:                                                         

       6A      0.036358     7A      0.123711     8A      0.767856  
       9A      0.822524    10A      0.841849    11A      0.911914  
      12A      1.015102    13A      1.368963  

    Final Occupation by Irrep:
              A 
    DOCC [     5 ]
    SOCC [     0 ]
    NA   [     5 ]
    NB   [     5 ]

  @DF-UKS Final Energy:   -76.29802792690725

   => Energetics <=

    Nuclear Repulsion Energy =              9.1977284777459563
    One-Electron Energy =                -123.0247887330149297
    Two-Electron Energy =                  46.7988846537215366
    DFT Exchange-Correlation Energy =      -9.2698523253598122
    Empirical Dispersion Energy =           0.0000000000000000
    VV10 Nonlocal Energy =                  0.0000000000000000
    Total Energy =                        -76.2980279269072525

  UHF NO Occupations:
  HONO-2 :    3  A 2.0000000
  HONO-1 :    4  A 2.0000000
  HONO-0 :    5  A 2.0000000
  LUNO+0 :    6  A 0.0000000
  LUNO+1 :    7  A 0.0000000
  LUNO+2 :    8  A 0.0000000
  LUNO+3 :    9  A 0.0000000


Computation Completed


Properties will be evaluated at   0.000000,   0.000000,   0.000000 [a0]

Properties computed using the SCF density matrix


 Multipole Moments:

 ------------------------------------------------------------------------------------
     Multipole            Electronic (a.u.)      Nuclear  (a.u.)        Total (a.u.)
 ------------------------------------------------------------------------------------

 L = 1.  Multiply by 2.5417464519 to convert [e a0] to [Debye]
 Dipole X            :         -0.0000000            0.0000000           -0.0000000
 Dipole Y            :          0.0000000            0.0000000            0.0000000
 Dipole Z            :          0.0214851           -0.9749826           -0.9534976
 Magnitude           :                                                    0.9534976

 ------------------------------------------------------------------------------------

*** tstop() called on NUS-LAPTOP at Wed Aug 16 17:03:54 2023
Module time:
	user time   =       0.46 seconds =       0.01 minutes
	system time =       0.01 seconds =       0.00 minutes
	total time  =          1 seconds =       0.02 minutes
Total time:
	user time   =      43.36 seconds =       0.72 minutes
	system time =       0.65 seconds =       0.01 minutes
	total time  =         44 seconds =       0.73 minutes
